../lvgl/examples/widgets/list/../../../src/hal/../draw/../misc/../font/../misc/lv_area.h:286:26:lv_pct	16	static
../lvgl/examples/widgets/list/../../../src/core/lv_disp.h:184:26:lv_scr_act	8	static
../lvgl/examples/widgets/list/../../../src/lv_api_map.h:55:20:lv_obj_move_foreground	24	static
../lvgl/examples/widgets/list/../../../src/lv_api_map.h:67:20:lv_obj_move_background	16	static
../lvgl/examples/widgets/list/lv_example_list_2.c:12:13:event_handler	40	static
../lvgl/examples/widgets/list/lv_example_list_2.c:39:13:event_handler_top	24	static
../lvgl/examples/widgets/list/lv_example_list_2.c:49:13:event_handler_up	24	static
../lvgl/examples/widgets/list/lv_example_list_2.c:61:13:event_handler_center	32	static
../lvgl/examples/widgets/list/lv_example_list_2.c:76:13:event_handler_dn	24	static
../lvgl/examples/widgets/list/lv_example_list_2.c:88:13:event_handler_bottom	24	static
../lvgl/examples/widgets/list/lv_example_list_2.c:98:13:event_handler_swap	40	static
../lvgl/examples/widgets/list/lv_example_list_2.c:115:6:lv_example_list_2	32	static
