../lvgl/src/misc/lv_area.h:123:26:lv_area_get_width	16	static
../lvgl/src/misc/lv_area.h:133:26:lv_area_get_height	16	static
../lvgl/src/misc/lv_area.c:48:6:lv_area_set	24	static
../lvgl/src/misc/lv_area.c:61:6:lv_area_set_width	16	static
../lvgl/src/misc/lv_area.c:71:6:lv_area_set_height	16	static
../lvgl/src/misc/lv_area.c:82:6:_lv_area_set_pos	24	static
../lvgl/src/misc/lv_area.c:97:10:lv_area_get_size	24	static
../lvgl/src/misc/lv_area.c:106:6:lv_area_increase	16	static
../lvgl/src/misc/lv_area.c:114:6:lv_area_move	16	static
../lvgl/src/misc/lv_area.c:129:6:_lv_area_intersect	32	static
../lvgl/src/misc/lv_area.c:152:6:_lv_area_join	24	static
../lvgl/src/misc/lv_area.c:167:6:_lv_area_is_point_on	40	static
../lvgl/src/misc/lv_area.c:233:6:_lv_area_is_on	16	static
../lvgl/src/misc/lv_area.c:250:6:_lv_area_is_in	32	static
../lvgl/src/misc/lv_area.c:291:6:_lv_area_is_out	32	static
../lvgl/src/misc/lv_area.c:322:6:_lv_area_is_equal	16	static
../lvgl/src/misc/lv_area.c:334:6:lv_area_align	40	static
../lvgl/src/misc/lv_area.c:460:6:lv_point_transform	64	static
../lvgl/src/misc/lv_area.c:516:13:lv_point_within_circle	40	static
