../lvgl/src/misc/../misc/lv_mem.h:82:20:lv_memzero	16	static
../lvgl/src/misc/lv_fs.c:41:6:_lv_fs_init	8	static
../lvgl/src/misc/lv_fs.c:46:6:lv_fs_is_ready	24	static
../lvgl/src/misc/lv_fs.c:57:13:lv_fs_open	56	static
../lvgl/src/misc/lv_fs.c:105:13:lv_fs_close	24	static
../lvgl/src/misc/lv_fs.c:132:20:lv_fs_read_cached	88	static
../lvgl/src/misc/lv_fs.c:205:13:lv_fs_read	48	static
../lvgl/src/misc/lv_fs.c:226:13:lv_fs_write	48	static
../lvgl/src/misc/lv_fs.c:245:13:lv_fs_seek	40	static
../lvgl/src/misc/lv_fs.c:300:13:lv_fs_tell	24	static
../lvgl/src/misc/lv_fs.c:324:13:lv_fs_dir_open	32	static
../lvgl/src/misc/lv_fs.c:358:13:lv_fs_dir_read	24	static
../lvgl/src/misc/lv_fs.c:375:13:lv_fs_dir_close	24	static
../lvgl/src/misc/lv_fs.c:393:6:lv_fs_drv_init	16	static
../lvgl/src/misc/lv_fs.c:398:6:lv_fs_drv_register	40	static
../lvgl/src/misc/lv_fs.c:409:15:lv_fs_get_drv	24	static
../lvgl/src/misc/lv_fs.c:422:8:lv_fs_get_letters	24	static
../lvgl/src/misc/lv_fs.c:437:14:lv_fs_get_ext	24	static
../lvgl/src/misc/lv_fs.c:452:8:lv_fs_up	24	static
../lvgl/src/misc/lv_fs.c:478:14:lv_fs_get_last	24	static
../lvgl/src/misc/lv_fs.c:512:21:lv_fs_get_real_path	16	static
