../lvgl/src/misc/lv_style_gen.c:3:6:lv_style_set_width	24	static
../lvgl/src/misc/lv_style_gen.c:13:6:lv_style_set_min_width	24	static
../lvgl/src/misc/lv_style_gen.c:23:6:lv_style_set_max_width	24	static
../lvgl/src/misc/lv_style_gen.c:33:6:lv_style_set_height	24	static
../lvgl/src/misc/lv_style_gen.c:43:6:lv_style_set_min_height	24	static
../lvgl/src/misc/lv_style_gen.c:53:6:lv_style_set_max_height	24	static
../lvgl/src/misc/lv_style_gen.c:63:6:lv_style_set_x	24	static
../lvgl/src/misc/lv_style_gen.c:73:6:lv_style_set_y	24	static
../lvgl/src/misc/lv_style_gen.c:83:6:lv_style_set_align	24	static
../lvgl/src/misc/lv_style_gen.c:93:6:lv_style_set_transform_width	24	static
../lvgl/src/misc/lv_style_gen.c:103:6:lv_style_set_transform_height	24	static
../lvgl/src/misc/lv_style_gen.c:113:6:lv_style_set_translate_x	24	static
../lvgl/src/misc/lv_style_gen.c:123:6:lv_style_set_translate_y	24	static
../lvgl/src/misc/lv_style_gen.c:133:6:lv_style_set_transform_zoom	24	static
../lvgl/src/misc/lv_style_gen.c:143:6:lv_style_set_transform_angle	24	static
../lvgl/src/misc/lv_style_gen.c:153:6:lv_style_set_transform_pivot_x	24	static
../lvgl/src/misc/lv_style_gen.c:163:6:lv_style_set_transform_pivot_y	24	static
../lvgl/src/misc/lv_style_gen.c:173:6:lv_style_set_pad_top	24	static
../lvgl/src/misc/lv_style_gen.c:183:6:lv_style_set_pad_bottom	24	static
../lvgl/src/misc/lv_style_gen.c:193:6:lv_style_set_pad_left	24	static
../lvgl/src/misc/lv_style_gen.c:203:6:lv_style_set_pad_right	24	static
../lvgl/src/misc/lv_style_gen.c:213:6:lv_style_set_pad_row	24	static
../lvgl/src/misc/lv_style_gen.c:223:6:lv_style_set_pad_column	24	static
../lvgl/src/misc/lv_style_gen.c:233:6:lv_style_set_bg_color	24	static
../lvgl/src/misc/lv_style_gen.c:243:6:lv_style_set_bg_opa	24	static
../lvgl/src/misc/lv_style_gen.c:253:6:lv_style_set_bg_grad_color	24	static
../lvgl/src/misc/lv_style_gen.c:263:6:lv_style_set_bg_grad_dir	24	static
../lvgl/src/misc/lv_style_gen.c:273:6:lv_style_set_bg_main_stop	24	static
../lvgl/src/misc/lv_style_gen.c:283:6:lv_style_set_bg_grad_stop	24	static
../lvgl/src/misc/lv_style_gen.c:293:6:lv_style_set_bg_grad	24	static
../lvgl/src/misc/lv_style_gen.c:303:6:lv_style_set_bg_dither_mode	24	static
../lvgl/src/misc/lv_style_gen.c:313:6:lv_style_set_bg_img_src	24	static
../lvgl/src/misc/lv_style_gen.c:323:6:lv_style_set_bg_img_opa	24	static
../lvgl/src/misc/lv_style_gen.c:333:6:lv_style_set_bg_img_recolor	24	static
../lvgl/src/misc/lv_style_gen.c:343:6:lv_style_set_bg_img_recolor_opa	24	static
../lvgl/src/misc/lv_style_gen.c:353:6:lv_style_set_bg_img_tiled	24	static
../lvgl/src/misc/lv_style_gen.c:363:6:lv_style_set_border_color	24	static
../lvgl/src/misc/lv_style_gen.c:373:6:lv_style_set_border_opa	24	static
../lvgl/src/misc/lv_style_gen.c:383:6:lv_style_set_border_width	24	static
../lvgl/src/misc/lv_style_gen.c:393:6:lv_style_set_border_side	24	static
../lvgl/src/misc/lv_style_gen.c:403:6:lv_style_set_border_post	24	static
../lvgl/src/misc/lv_style_gen.c:413:6:lv_style_set_outline_width	24	static
../lvgl/src/misc/lv_style_gen.c:423:6:lv_style_set_outline_color	24	static
../lvgl/src/misc/lv_style_gen.c:433:6:lv_style_set_outline_opa	24	static
../lvgl/src/misc/lv_style_gen.c:443:6:lv_style_set_outline_pad	24	static
../lvgl/src/misc/lv_style_gen.c:453:6:lv_style_set_shadow_width	24	static
../lvgl/src/misc/lv_style_gen.c:463:6:lv_style_set_shadow_ofs_x	24	static
../lvgl/src/misc/lv_style_gen.c:473:6:lv_style_set_shadow_ofs_y	24	static
../lvgl/src/misc/lv_style_gen.c:483:6:lv_style_set_shadow_spread	24	static
../lvgl/src/misc/lv_style_gen.c:493:6:lv_style_set_shadow_color	24	static
../lvgl/src/misc/lv_style_gen.c:503:6:lv_style_set_shadow_opa	24	static
../lvgl/src/misc/lv_style_gen.c:513:6:lv_style_set_img_opa	24	static
../lvgl/src/misc/lv_style_gen.c:523:6:lv_style_set_img_recolor	24	static
../lvgl/src/misc/lv_style_gen.c:533:6:lv_style_set_img_recolor_opa	24	static
../lvgl/src/misc/lv_style_gen.c:543:6:lv_style_set_line_width	24	static
../lvgl/src/misc/lv_style_gen.c:553:6:lv_style_set_line_dash_width	24	static
../lvgl/src/misc/lv_style_gen.c:563:6:lv_style_set_line_dash_gap	24	static
../lvgl/src/misc/lv_style_gen.c:573:6:lv_style_set_line_rounded	24	static
../lvgl/src/misc/lv_style_gen.c:583:6:lv_style_set_line_color	24	static
../lvgl/src/misc/lv_style_gen.c:593:6:lv_style_set_line_opa	24	static
../lvgl/src/misc/lv_style_gen.c:603:6:lv_style_set_arc_width	24	static
../lvgl/src/misc/lv_style_gen.c:613:6:lv_style_set_arc_rounded	24	static
../lvgl/src/misc/lv_style_gen.c:623:6:lv_style_set_arc_color	24	static
../lvgl/src/misc/lv_style_gen.c:633:6:lv_style_set_arc_opa	24	static
../lvgl/src/misc/lv_style_gen.c:643:6:lv_style_set_arc_img_src	24	static
../lvgl/src/misc/lv_style_gen.c:653:6:lv_style_set_text_color	24	static
../lvgl/src/misc/lv_style_gen.c:663:6:lv_style_set_text_opa	24	static
../lvgl/src/misc/lv_style_gen.c:673:6:lv_style_set_text_font	24	static
../lvgl/src/misc/lv_style_gen.c:683:6:lv_style_set_text_letter_space	24	static
../lvgl/src/misc/lv_style_gen.c:693:6:lv_style_set_text_line_space	24	static
../lvgl/src/misc/lv_style_gen.c:703:6:lv_style_set_text_decor	24	static
../lvgl/src/misc/lv_style_gen.c:713:6:lv_style_set_text_align	24	static
../lvgl/src/misc/lv_style_gen.c:723:6:lv_style_set_radius	24	static
../lvgl/src/misc/lv_style_gen.c:733:6:lv_style_set_clip_corner	24	static
../lvgl/src/misc/lv_style_gen.c:743:6:lv_style_set_opa	24	static
../lvgl/src/misc/lv_style_gen.c:753:6:lv_style_set_color_filter_dsc	24	static
../lvgl/src/misc/lv_style_gen.c:763:6:lv_style_set_color_filter_opa	24	static
../lvgl/src/misc/lv_style_gen.c:773:6:lv_style_set_anim	24	static
../lvgl/src/misc/lv_style_gen.c:783:6:lv_style_set_anim_time	24	static
../lvgl/src/misc/lv_style_gen.c:793:6:lv_style_set_anim_speed	24	static
../lvgl/src/misc/lv_style_gen.c:803:6:lv_style_set_transition	24	static
../lvgl/src/misc/lv_style_gen.c:813:6:lv_style_set_blend_mode	24	static
../lvgl/src/misc/lv_style_gen.c:823:6:lv_style_set_layout	24	static
../lvgl/src/misc/lv_style_gen.c:833:6:lv_style_set_base_dir	24	static
