../lvgl/src/layouts/grid/../../core/../misc/../font/../misc/lv_area.h:110:20:lv_area_copy	16	static
../lvgl/src/layouts/grid/../../core/../misc/../font/../misc/lv_area.h:123:26:lv_area_get_width	16	static
../lvgl/src/layouts/grid/../../core/../misc/../font/../misc/lv_area.h:133:26:lv_area_get_height	16	static
../lvgl/src/layouts/grid/../../core/../misc/lv_mem.h:82:20:lv_memzero	16	static
../lvgl/src/layouts/grid/../../core/lv_obj_style_gen.h:1:26:lv_obj_get_style_width	24	static
../lvgl/src/layouts/grid/../../core/lv_obj_style_gen.h:19:26:lv_obj_get_style_height	24	static
../lvgl/src/layouts/grid/../../core/lv_obj_style_gen.h:67:26:lv_obj_get_style_translate_x	24	static
../lvgl/src/layouts/grid/../../core/lv_obj_style_gen.h:73:26:lv_obj_get_style_translate_y	24	static
../lvgl/src/layouts/grid/../../core/lv_obj_style_gen.h:103:26:lv_obj_get_style_pad_top	24	static
../lvgl/src/layouts/grid/../../core/lv_obj_style_gen.h:115:26:lv_obj_get_style_pad_left	24	static
../lvgl/src/layouts/grid/../../core/lv_obj_style_gen.h:127:26:lv_obj_get_style_pad_row	24	static
../lvgl/src/layouts/grid/../../core/lv_obj_style_gen.h:133:26:lv_obj_get_style_pad_column	24	static
../lvgl/src/layouts/grid/../../core/lv_obj_style_gen.h:253:26:lv_obj_get_style_border_width	24	static
../lvgl/src/layouts/grid/../../core/lv_obj_style_gen.h:559:29:lv_obj_get_style_base_dir	24	static
../lvgl/src/layouts/grid/lv_grid.h:121:34:lv_obj_get_style_grid_row_dsc_array	24	static
../lvgl/src/layouts/grid/lv_grid.h:127:34:lv_obj_get_style_grid_column_dsc_array	24	static
../lvgl/src/layouts/grid/lv_grid.h:133:31:lv_obj_get_style_grid_row_align	24	static
../lvgl/src/layouts/grid/lv_grid.h:139:31:lv_obj_get_style_grid_column_align	24	static
../lvgl/src/layouts/grid/lv_grid.h:145:26:lv_obj_get_style_grid_cell_column_pos	24	static
../lvgl/src/layouts/grid/lv_grid.h:151:26:lv_obj_get_style_grid_cell_column_span	24	static
../lvgl/src/layouts/grid/lv_grid.h:157:26:lv_obj_get_style_grid_cell_row_pos	24	static
../lvgl/src/layouts/grid/lv_grid.h:163:26:lv_obj_get_style_grid_cell_row_span	24	static
../lvgl/src/layouts/grid/lv_grid.h:169:26:lv_obj_get_style_grid_cell_x_align	24	static
../lvgl/src/layouts/grid/lv_grid.h:175:26:lv_obj_get_style_grid_cell_y_align	24	static
../lvgl/src/layouts/grid/lv_grid.c:60:34:get_col_dsc	16	static
../lvgl/src/layouts/grid/lv_grid.c:64:34:get_row_dsc	16	static
../lvgl/src/layouts/grid/lv_grid.c:68:23:get_col_pos	16	static
../lvgl/src/layouts/grid/lv_grid.c:72:23:get_row_pos	16	static
../lvgl/src/layouts/grid/lv_grid.c:76:23:get_col_span	16	static
../lvgl/src/layouts/grid/lv_grid.c:80:23:get_row_span	16	static
../lvgl/src/layouts/grid/lv_grid.c:84:23:get_cell_col_align	16	static
../lvgl/src/layouts/grid/lv_grid.c:88:23:get_cell_row_align	16	static
../lvgl/src/layouts/grid/lv_grid.c:92:23:get_grid_col_align	16	static
../lvgl/src/layouts/grid/lv_grid.c:96:23:get_grid_row_align	16	static
../lvgl/src/layouts/grid/lv_grid.c:134:6:lv_grid_init	8	static
../lvgl/src/layouts/grid/lv_grid.c:151:6:lv_obj_set_grid_dsc_array	24	static
../lvgl/src/layouts/grid/lv_grid.c:158:6:lv_obj_set_grid_align	16	static
../lvgl/src/layouts/grid/lv_grid.c:165:6:lv_obj_set_grid_cell	16	static
../lvgl/src/layouts/grid/lv_grid.c:180:6:lv_style_set_grid_row_dsc_array	24	static
../lvgl/src/layouts/grid/lv_grid.c:188:6:lv_style_set_grid_column_dsc_array	24	static
../lvgl/src/layouts/grid/lv_grid.c:196:6:lv_style_set_grid_row_align	24	static
../lvgl/src/layouts/grid/lv_grid.c:204:6:lv_style_set_grid_column_align	24	static
../lvgl/src/layouts/grid/lv_grid.c:213:6:lv_style_set_grid_cell_column_pos	24	static
../lvgl/src/layouts/grid/lv_grid.c:221:6:lv_style_set_grid_cell_column_span	24	static
../lvgl/src/layouts/grid/lv_grid.c:229:6:lv_style_set_grid_cell_row_pos	24	static
../lvgl/src/layouts/grid/lv_grid.c:237:6:lv_style_set_grid_cell_row_span	24	static
../lvgl/src/layouts/grid/lv_grid.c:245:6:lv_style_set_grid_cell_x_align	24	static
../lvgl/src/layouts/grid/lv_grid.c:253:6:lv_style_set_grid_cell_y_align	24	static
../lvgl/src/layouts/grid/lv_grid.c:261:6:lv_obj_set_style_grid_row_dsc_array	32	static
../lvgl/src/layouts/grid/lv_grid.c:269:6:lv_obj_set_style_grid_column_dsc_array	32	static
../lvgl/src/layouts/grid/lv_grid.c:278:6:lv_obj_set_style_grid_row_align	32	static
../lvgl/src/layouts/grid/lv_grid.c:286:6:lv_obj_set_style_grid_column_align	32	static
../lvgl/src/layouts/grid/lv_grid.c:295:6:lv_obj_set_style_grid_cell_column_pos	32	static
../lvgl/src/layouts/grid/lv_grid.c:303:6:lv_obj_set_style_grid_cell_column_span	32	static
../lvgl/src/layouts/grid/lv_grid.c:311:6:lv_obj_set_style_grid_cell_row_pos	32	static
../lvgl/src/layouts/grid/lv_grid.c:319:6:lv_obj_set_style_grid_cell_row_span	32	static
../lvgl/src/layouts/grid/lv_grid.c:327:6:lv_obj_set_style_grid_cell_x_align	32	static
../lvgl/src/layouts/grid/lv_grid.c:335:6:lv_obj_set_style_grid_cell_y_align	32	static
../lvgl/src/layouts/grid/lv_grid.c:348:13:grid_update	104	static
../lvgl/src/layouts/grid/lv_grid.c:395:13:calc	72	static
../lvgl/src/layouts/grid/lv_grid.c:429:13:calc_free	16	static
../lvgl/src/layouts/grid/lv_grid.c:437:13:calc_cols	72	static
../lvgl/src/layouts/grid/lv_grid.c:509:13:calc_rows	72	static
../lvgl/src/layouts/grid/lv_grid.c:586:13:item_repos	96	static
../lvgl/src/layouts/grid/lv_grid.c:710:19:grid_align	32	static
../lvgl/src/layouts/grid/lv_grid.c:777:17:count_tracks	24	static
