Archive member included to satisfy reference by file (symbol)

C:/ST/STM32CubeIDE_1.18.1/STM32CubeIDE/plugins/com.st.stm32cube.ide.mcu.externaltools.gnu-tools-for-stm32.13.3.rel1.win32_1.0.0.202411081344/tools/bin/../lib/gcc/arm-none-eabi/13.3.1/../../../../arm-none-eabi/lib/thumb/v7e-m/nofp\libc_nano.a(libc_a-exit.o)
                              C:/ST/STM32CubeIDE_1.18.1/STM32CubeIDE/plugins/com.st.stm32cube.ide.mcu.externaltools.gnu-tools-for-stm32.13.3.rel1.win32_1.0.0.202411081344/tools/bin/../lib/gcc/arm-none-eabi/13.3.1/../../../../arm-none-eabi/lib/thumb/v7e-m/nofp/crt0.o (exit)
C:/ST/STM32CubeIDE_1.18.1/STM32CubeIDE/plugins/com.st.stm32cube.ide.mcu.externaltools.gnu-tools-for-stm32.13.3.rel1.win32_1.0.0.202411081344/tools/bin/../lib/gcc/arm-none-eabi/13.3.1/../../../../arm-none-eabi/lib/thumb/v7e-m/nofp\libc_nano.a(libc_a-findfp.o)
                              C:/ST/STM32CubeIDE_1.18.1/STM32CubeIDE/plugins/com.st.stm32cube.ide.mcu.externaltools.gnu-tools-for-stm32.13.3.rel1.win32_1.0.0.202411081344/tools/bin/../lib/gcc/arm-none-eabi/13.3.1/../../../../arm-none-eabi/lib/thumb/v7e-m/nofp\libc_nano.a(libc_a-exit.o) (__stdio_exit_handler)
C:/ST/STM32CubeIDE_1.18.1/STM32CubeIDE/plugins/com.st.stm32cube.ide.mcu.externaltools.gnu-tools-for-stm32.13.3.rel1.win32_1.0.0.202411081344/tools/bin/../lib/gcc/arm-none-eabi/13.3.1/../../../../arm-none-eabi/lib/thumb/v7e-m/nofp\libc_nano.a(libc_a-fwalk.o)
                              C:/ST/STM32CubeIDE_1.18.1/STM32CubeIDE/plugins/com.st.stm32cube.ide.mcu.externaltools.gnu-tools-for-stm32.13.3.rel1.win32_1.0.0.202411081344/tools/bin/../lib/gcc/arm-none-eabi/13.3.1/../../../../arm-none-eabi/lib/thumb/v7e-m/nofp\libc_nano.a(libc_a-findfp.o) (_fwalk_sglue)
C:/ST/STM32CubeIDE_1.18.1/STM32CubeIDE/plugins/com.st.stm32cube.ide.mcu.externaltools.gnu-tools-for-stm32.13.3.rel1.win32_1.0.0.202411081344/tools/bin/../lib/gcc/arm-none-eabi/13.3.1/../../../../arm-none-eabi/lib/thumb/v7e-m/nofp\libc_nano.a(libc_a-stdio.o)
                              C:/ST/STM32CubeIDE_1.18.1/STM32CubeIDE/plugins/com.st.stm32cube.ide.mcu.externaltools.gnu-tools-for-stm32.13.3.rel1.win32_1.0.0.202411081344/tools/bin/../lib/gcc/arm-none-eabi/13.3.1/../../../../arm-none-eabi/lib/thumb/v7e-m/nofp\libc_nano.a(libc_a-findfp.o) (__sread)
C:/ST/STM32CubeIDE_1.18.1/STM32CubeIDE/plugins/com.st.stm32cube.ide.mcu.externaltools.gnu-tools-for-stm32.13.3.rel1.win32_1.0.0.202411081344/tools/bin/../lib/gcc/arm-none-eabi/13.3.1/../../../../arm-none-eabi/lib/thumb/v7e-m/nofp\libc_nano.a(libc_a-memset.o)
                              C:/ST/STM32CubeIDE_1.18.1/STM32CubeIDE/plugins/com.st.stm32cube.ide.mcu.externaltools.gnu-tools-for-stm32.13.3.rel1.win32_1.0.0.202411081344/tools/bin/../lib/gcc/arm-none-eabi/13.3.1/../../../../arm-none-eabi/lib/thumb/v7e-m/nofp/crt0.o (memset)
C:/ST/STM32CubeIDE_1.18.1/STM32CubeIDE/plugins/com.st.stm32cube.ide.mcu.externaltools.gnu-tools-for-stm32.13.3.rel1.win32_1.0.0.202411081344/tools/bin/../lib/gcc/arm-none-eabi/13.3.1/../../../../arm-none-eabi/lib/thumb/v7e-m/nofp\libc_nano.a(libc_a-closer.o)
                              C:/ST/STM32CubeIDE_1.18.1/STM32CubeIDE/plugins/com.st.stm32cube.ide.mcu.externaltools.gnu-tools-for-stm32.13.3.rel1.win32_1.0.0.202411081344/tools/bin/../lib/gcc/arm-none-eabi/13.3.1/../../../../arm-none-eabi/lib/thumb/v7e-m/nofp\libc_nano.a(libc_a-stdio.o) (_close_r)
C:/ST/STM32CubeIDE_1.18.1/STM32CubeIDE/plugins/com.st.stm32cube.ide.mcu.externaltools.gnu-tools-for-stm32.13.3.rel1.win32_1.0.0.202411081344/tools/bin/../lib/gcc/arm-none-eabi/13.3.1/../../../../arm-none-eabi/lib/thumb/v7e-m/nofp\libc_nano.a(libc_a-reent.o)
                              C:/ST/STM32CubeIDE_1.18.1/STM32CubeIDE/plugins/com.st.stm32cube.ide.mcu.externaltools.gnu-tools-for-stm32.13.3.rel1.win32_1.0.0.202411081344/tools/bin/../lib/gcc/arm-none-eabi/13.3.1/../../../../arm-none-eabi/lib/thumb/v7e-m/nofp\libc_nano.a(libc_a-closer.o) (errno)
C:/ST/STM32CubeIDE_1.18.1/STM32CubeIDE/plugins/com.st.stm32cube.ide.mcu.externaltools.gnu-tools-for-stm32.13.3.rel1.win32_1.0.0.202411081344/tools/bin/../lib/gcc/arm-none-eabi/13.3.1/../../../../arm-none-eabi/lib/thumb/v7e-m/nofp\libc_nano.a(libc_a-impure.o)
                              C:/ST/STM32CubeIDE_1.18.1/STM32CubeIDE/plugins/com.st.stm32cube.ide.mcu.externaltools.gnu-tools-for-stm32.13.3.rel1.win32_1.0.0.202411081344/tools/bin/../lib/gcc/arm-none-eabi/13.3.1/../../../../arm-none-eabi/lib/thumb/v7e-m/nofp\libc_nano.a(libc_a-reent.o) (_impure_ptr)
C:/ST/STM32CubeIDE_1.18.1/STM32CubeIDE/plugins/com.st.stm32cube.ide.mcu.externaltools.gnu-tools-for-stm32.13.3.rel1.win32_1.0.0.202411081344/tools/bin/../lib/gcc/arm-none-eabi/13.3.1/../../../../arm-none-eabi/lib/thumb/v7e-m/nofp\libc_nano.a(libc_a-lseekr.o)
[...]
Memory Configuration

Name             Origin             Length             Attributes
CCMRAM           0x10000000         0x00010000         xrw
RAM              0x20000000         0x00020000         xrw
FLASH            0x08000000         0x00100000         xr
*default*        0x00000000         0xffffffff

Linker script and memory map

LOAD C:/ST/STM32CubeIDE_1.18.1/STM32CubeIDE/plugins/com.st.stm32cube.ide.mcu.externaltools.gnu-tools-for-stm32.13.3.rel1.win32_1.0.0.202411081344/tools/bin/../lib/gcc/arm-none-eabi/13.3.1/thumb/v7e-m/nofp/crti.o
LOAD C:/ST/STM32CubeIDE_1.18.1/STM32CubeIDE/plugins/com.st.stm32cube.ide.mcu.externaltools.gnu-tools-for-stm32.13.3.rel1.win32_1.0.0.202411081344/tools/bin/../lib/gcc/arm-none-eabi/13.3.1/thumb/v7e-m/nofp/crtbegin.o
LOAD C:/ST/STM32CubeIDE_1.18.1/STM32CubeIDE/plugins/com.st.stm32cube.ide.mcu.externaltools.gnu-tools-for-stm32.13.3.rel1.win32_1.0.0.202411081344/tools/bin/../lib/gcc/arm-none-eabi/13.3.1/../../../../arm-none-eabi/lib/thumb/v7e-m/nofp/crt0.o
LOAD ./Src/main.o
LOAD ./Src/syscalls.o
LOAD ./Src/sysmem.o
LOAD ./Startup/startup_stm32f407vgtx.o
LOAD ./bsp_f4x/lcd/bsp_lcd.o
START GROUP
LOAD C:/ST/STM32CubeIDE_1.18.1/STM32CubeIDE/plugins/com.st.stm32cube.ide.mcu.externaltools.gnu-tools-for-stm32.13.3.rel1.win32_1.0.0.202411081344/tools/bin/../lib/gcc/arm-none-eabi/13.3.1/../../../../arm-none-eabi/lib/thumb/v7e-m/nofp\libc_nano.a
LOAD C:/ST/STM32CubeIDE_1.18.1/STM32CubeIDE/plugins/com.st.stm32cube.ide.mcu.externaltools.gnu-tools-for-stm32.13.3.rel1.win32_1.0.0.202411081344/tools/bin/../lib/gcc/arm-none-eabi/13.3.1/../../../../arm-none-eabi/lib/thumb/v7e-m/nofp\libm.a
END GROUP
START GROUP
LOAD C:/ST/STM32CubeIDE_1.18.1/STM32CubeIDE/plugins/com.st.stm32cube.ide.mcu.externaltools.gnu-tools-for-stm32.13.3.rel1.win32_1.0.0.202411081344/tools/bin/../lib/gcc/arm-none-eabi/13.3.1/thumb/v7e-m/nofp\libgcc.a
LOAD C:/ST/STM32CubeIDE_1.18.1/STM32CubeIDE/plugins/com.st.stm32cube.ide.mcu.externaltools.gnu-tools-for-stm32.13.3.rel1.win32_1.0.0.202411081344/tools/bin/../lib/gcc/arm-none-eabi/13.3.1/../../../../arm-none-eabi/lib/thumb/v7e-m/nofp\libc_nano.a
END GROUP
START GROUP
LOAD C:/ST/STM32CubeIDE_1.18.1/STM32CubeIDE/plugins/com.st.stm32cube.ide.mcu.externaltools.gnu-tools-for-stm32.13.3.rel1.win32_1.0.0.202411081344/tools/bin/../lib/gcc/arm-none-eabi/13.3.1/thumb/v7e-m/nofp\libgcc.a
LOAD C:/ST/STM32CubeIDE_1.18.1/STM32CubeIDE/plugins/com.st.stm32cube.ide.mcu.externaltools.gnu-tools-for-stm32.13.3.rel1.win32_1.0.0.202411081344/tools/bin/../lib/gcc/arm-none-eabi/13.3.1/../../../../arm-none-eabi/lib/thumb/v7e-m/nofp\libc_nano.a
LOAD C:/ST/STM32CubeIDE_1.18.1/STM32CubeIDE/plugins/com.st.stm32cube.ide.mcu.externaltools.gnu-tools-for-stm32.13.3.rel1.win32_1.0.0.202411081344/tools/bin/../lib/gcc/arm-none-eabi/13.3.1/../../../../arm-none-eabi/lib/thumb/v7e-m/nofp\libnosys.a
END GROUP
START GROUP
LOAD C:/ST/STM32CubeIDE_1.18.1/STM32CubeIDE/plugins/com.st.stm32cube.ide.mcu.externaltools.gnu-tools-for-stm32.13.3.rel1.win32_1.0.0.202411081344/tools/bin/../lib/gcc/arm-none-eabi/13.3.1/thumb/v7e-m/nofp\libgcc.a
LOAD C:/ST/STM32CubeIDE_1.18.1/STM32CubeIDE/plugins/com.st.stm32cube.ide.mcu.externaltools.gnu-tools-for-stm32.13.3.rel1.win32_1.0.0.202411081344/tools/bin/../lib/gcc/arm-none-eabi/13.3.1/../../../../arm-none-eabi/lib/thumb/v7e-m/nofp\libc_nano.a
LOAD C:/ST/STM32CubeIDE_1.18.1/STM32CubeIDE/plugins/com.st.stm32cube.ide.mcu.externaltools.gnu-tools-for-stm32.13.3.rel1.win32_1.0.0.202411081344/tools/bin/../lib/gcc/arm-none-eabi/13.3.1/../../../../arm-none-eabi/lib/thumb/v7e-m/nofp\libnosys.a
END GROUP
LOAD C:/ST/STM32CubeIDE_1.18.1/STM32CubeIDE/plugins/com.st.stm32cube.ide.mcu.externaltools.gnu-tools-for-stm32.13.3.rel1.win32_1.0.0.202411081344/tools/bin/../lib/gcc/arm-none-eabi/13.3.1/thumb/v7e-m/nofp/crtend.o
LOAD C:/ST/STM32CubeIDE_1.18.1/STM32CubeIDE/plugins/com.st.stm32cube.ide.mcu.externaltools.gnu-tools-for-stm32.13.3.rel1.win32_1.0.0.202411081344/tools/bin/../lib/gcc/arm-none-eabi/13.3.1/thumb/v7e-m/nofp/crtn.o
                0x20020000                        _estack = (ORIGIN (RAM) + LENGTH (RAM))
                0x00000200                        _Min_Heap_Size = 0x200
                0x00000400                        _Min_Stack_Size = 0x400

.isr_vector     0x08000000      0x1a8
                0x08000000                        . = ALIGN (0x4)
 *(.isr_vector)
 .isr_vector    0x08000000      0x1a8 ./Startup/startup_stm32f407vgtx.o
                0x08000000                g_pfnVectors
                0x080001a8                        . = ALIGN (0x4)

.text           0x080001a8     0x10c0
                0x080001a8                        . = ALIGN (0x4)
 *(.text)
 .text          0x080001a8       0x40 C:/ST/STM32CubeIDE_1.18.1/STM32CubeIDE/plugins/com.st.stm32cube.ide.mcu.externaltools.gnu-tools-for-stm32.13.3.rel1.win32_1.0.0.202411081344/tools/bin/../lib/gcc/arm-none-eabi/13.3.1/thumb/v7e-m/nofp/crtbegin.o
 *(.text*)
 .text.main     0x080001e8       0xe4 ./Src/main.o
                0x080001e8                main
 .text.SystemClock_Setup
                0x080002cc      0x128 ./Src/main.o
                0x080002cc                SystemClock_Setup
 .text.Reset_Handler
                0x080003f4       0x50 ./Startup/startup_stm32f407vgtx.o
                0x080003f4                Reset_Handler
 .text.Default_Handler
                0x08000444        0x2 ./Startup/startup_stm32f407vgtx.o
                0x08000444                RTC_Alarm_IRQHandler
                0x08000444                HASH_RNG_IRQHandler
                0x08000444                EXTI2_IRQHandler
                0x08000444                TIM8_CC_IRQHandler
                0x08000444                DebugMon_Handler
                0x08000444                TIM1_CC_IRQHandler
                0x08000444                DMA2_Stream5_IRQHandler
                0x08000444                HardFault_Handler
                0x08000444                DMA1_Stream5_IRQHandler
                0x08000444                SysTick_Handler
                0x08000444                PVD_IRQHandler
                0x08000444                SDIO_IRQHandler
                0x08000444                TAMP_STAMP_IRQHandler
                0x08000444                PendSV_Handler
                0x08000444                NMI_Handler
                0x08000444                CAN2_RX1_IRQHandler
                0x08000444                EXTI3_IRQHandler
                0x08000444                TIM8_TRG_COM_TIM14_IRQHandler
                0x08000444                TIM1_UP_TIM10_IRQHandler
                0x08000444                TIM8_UP_TIM13_IRQHandler
                0x08000444                I2C3_ER_IRQHandler
                0x08000444                LCD_TFT_IRQHandler
                0x08000444                EXTI0_IRQHandler
                0x08000444                I2C2_EV_IRQHandler
                0x08000444                DMA1_Stream2_IRQHandler
                0x08000444                CAN1_RX0_IRQHandler
                0x08000444                FPU_IRQHandler
                0x08000444                OTG_HS_WKUP_IRQHandler
                0x08000444                UsageFault_Handler
                0x08000444                CAN2_SCE_IRQHandler
                0x08000444                DMA2_Stream2_IRQHandler
                0x08000444                SPI1_IRQHandler
                0x08000444                TIM6_DAC_IRQHandler
                0x08000444                TIM1_BRK_TIM9_IRQHandler
                0x08000444                DCMI_IRQHandler
                0x08000444                CAN2_RX0_IRQHandler
                0x08000444                DMA2_Stream3_IRQHandler
                0x08000444                USART6_IRQHandler
                0x08000444                USART3_IRQHandler
                0x08000444                CRYP_IRQHandler
                0x08000444                CAN1_RX1_IRQHandler
                0x08000444                UART5_IRQHandler
                0x08000444                DMA2_Stream0_IRQHandler
                0x08000444                TIM4_IRQHandler
                0x08000444                I2C1_EV_IRQHandler
                0x08000444                DMA1_Stream6_IRQHandler
                0x08000444                DMA1_Stream1_IRQHandler
                0x08000444                UART4_IRQHandler
                0x08000444                LCD_TFT_1_IRQHandler
                0x08000444                TIM3_IRQHandler
                0x08000444                RCC_IRQHandler
                0x08000444                TIM8_BRK_TIM12_IRQHandler
                0x08000444                Default_Handler
                0x08000444                EXTI15_10_IRQHandler
                0x08000444                ADC_IRQHandler
                0x08000444                DMA1_Stream7_IRQHandler
                0x08000444                TIM7_IRQHandler
                0x08000444                CAN2_TX_IRQHandler
                0x08000444                TIM5_IRQHandler
                0x08000444                DMA2_Stream7_IRQHandler
                0x08000444                I2C3_EV_IRQHandler
                0x08000444                EXTI9_5_IRQHandler
                0x08000444                RTC_WKUP_IRQHandler
                0x08000444                ETH_WKUP_IRQHandler
                0x08000444                SPI2_IRQHandler
                0x08000444                OTG_HS_EP1_IN_IRQHandler
                0x08000444                MemManage_Handler
                0x08000444                DMA1_Stream0_IRQHandler
                0x08000444                CAN1_TX_IRQHandler
                0x08000444                SVC_Handler
                0x08000444                EXTI4_IRQHandler
                0x08000444                FSMC_IRQHandler
                0x08000444                ETH_IRQHandler
                0x08000444                OTG_HS_EP1_OUT_IRQHandler
                0x08000444                WWDG_IRQHandler
                0x08000444                TIM2_IRQHandler
                0x08000444                OTG_FS_WKUP_IRQHandler
                0x08000444                TIM1_TRG_COM_TIM11_IRQHandler
                0x08000444                OTG_HS_IRQHandler
                0x08000444                EXTI1_IRQHandler
                0x08000444                USART2_IRQHandler
                0x08000444                I2C2_ER_IRQHandler
                0x08000444                DMA2_Stream1_IRQHandler
                0x08000444                CAN1_SCE_IRQHandler
                0x08000444                DMA2_Stream4_IRQHandler
                0x08000444                BusFault_Handler
                0x08000444                USART1_IRQHandler
                0x08000444                OTG_FS_IRQHandler
                0x08000444                SPI3_IRQHandler
                0x08000444                I2C1_ER_IRQHandler
                0x08000444                DMA2_Stream6_IRQHandler
                0x08000444                DMA1_Stream3_IRQHandler
 *fill*         0x08000446        0x2 
 .text.bsp_lcd_init
                0x08000448       0x80 ./bsp_f4x/lcd/bsp_lcd.o
                0x08000448                bsp_lcd_init
 .text.bsp_lcd_send_cmd_mem_write
                0x080004c8        0xe ./bsp_f4x/lcd/bsp_lcd.o
                0x080004c8                bsp_lcd_send_cmd_mem_write
 *fill*         0x080004d6        0x2 
 .text.bsp_lcd_write
                0x080004d8       0xc4 ./bsp_f4x/lcd/bsp_lcd.o
                0x080004d8                bsp_lcd_write
 .text.bsp_lcd_set_background_color
                0x0800059c       0x22 ./bsp_f4x/lcd/bsp_lcd.o
                0x0800059c                bsp_lcd_set_background_color
 *fill*         0x080005be        0x2 
 .text.bsp_lcd_fill_rect
                0x080005c0      0x104 ./bsp_f4x/lcd/bsp_lcd.o
                0x080005c0                bsp_lcd_fill_rect
 .text.lcd_pin_init
                0x080006c4      0x21c ./bsp_f4x/lcd/bsp_lcd.o
                0x080006c4                lcd_pin_init
 .text.lcd_spi_enable
                0x080008e0       0x1c ./bsp_f4x/lcd/bsp_lcd.o
                0x080008e0                lcd_spi_enable
 .text.lcd_spi_init
                0x080008fc       0xac ./bsp_f4x/lcd/bsp_lcd.o
                0x080008fc                lcd_spi_init
 .text.delay_50ms
                0x080009a8       0x2c ./bsp_f4x/lcd/bsp_lcd.o
 .text.lcd_reset
                0x080009d4       0x5c ./bsp_f4x/lcd/bsp_lcd.o
                0x080009d4                lcd_reset
 .text.lcd_config
                0x08000a30      0x228 ./bsp_f4x/lcd/bsp_lcd.o
                0x08000a30                lcd_config
 .text.lcd_set_orientation
                0x08000c58       0x3a ./bsp_f4x/lcd/bsp_lcd.o
                0x08000c58                lcd_set_orientation
 *fill*         0x08000c92        0x2 
 .text.lcd_write_cmd
                0x08000c94       0x80 ./bsp_f4x/lcd/bsp_lcd.o
                0x08000c94                lcd_write_cmd
 .text.lcd_write_data
                0x08000d14       0x84 ./bsp_f4x/lcd/bsp_lcd.o
                0x08000d14                lcd_write_data
 .text.lcd_set_display_area
                0x08000d98       0x84 ./bsp_f4x/lcd/bsp_lcd.o
                0x08000d98                lcd_set_display_area
 .text.lcd_buffer_init
                0x08000e1c       0x34 ./bsp_f4x/lcd/bsp_lcd.o
                0x08000e1c                lcd_buffer_init
 .text.lcd_dma_init
                0x08000e50       0x12 ./bsp_f4x/lcd/bsp_lcd.o
                0x08000e50                lcd_dma_init
 .text.convert_rgb888_to_rgb565
                0x08000e62       0x54 ./bsp_f4x/lcd/bsp_lcd.o
                0x08000e62                convert_rgb888_to_rgb565
 .text.get_total_bytes
                0x08000eb6       0x34 ./bsp_f4x/lcd/bsp_lcd.o
                0x08000eb6                get_total_bytes
 .text.make_area
                0x08000eea       0x7e ./bsp_f4x/lcd/bsp_lcd.o
                0x08000eea                make_area
 .text.get_buff
                0x08000f68       0x7e ./bsp_f4x/lcd/bsp_lcd.o
                0x08000f68                get_buff
 .text.copy_to_draw_buffer
                0x08000fe6       0xbc ./bsp_f4x/lcd/bsp_lcd.o
                0x08000fe6                copy_to_draw_buffer
 .text.is_lcd_write_allowed
                0x080010a2       0x34 ./bsp_f4x/lcd/bsp_lcd.o
 .text.lcd_flush
                0x080010d6       0x34 ./bsp_f4x/lcd/bsp_lcd.o
                0x080010d6                lcd_flush
 .text.bytes_to_pixels
                0x0800110a       0x1a ./bsp_f4x/lcd/bsp_lcd.o
                0x0800110a                bytes_to_pixels
 .text.pixels_to_bytes
                0x08001124       0x1a ./bsp_f4x/lcd/bsp_lcd.o
                0x08001124                pixels_to_bytes
 .text.DMA_TransferError
                0x0800113e       0x12 ./bsp_f4x/lcd/bsp_lcd.o
                0x0800113e                DMA_TransferError
 .text.DMA_TransferComplete
                0x08001150       0x12 ./bsp_f4x/lcd/bsp_lcd.o
                0x08001150                DMA_TransferComplete
 .text.dma_lcd_write_error
                0x08001162       0x12 ./bsp_f4x/lcd/bsp_lcd.o
 .text.dma_cmplt_callback_spi_write
                0x08001174       0x1c ./bsp_f4x/lcd/bsp_lcd.o
 .text.DMA1_Stream4_IRQHandler
                0x08001190       0x78 ./bsp_f4x/lcd/bsp_lcd.o
                0x08001190                DMA1_Stream4_IRQHandler
 .text.__libc_init_array
                0x08001208       0x48 C:/ST/STM32CubeIDE_1.18.1/STM32CubeIDE/plugins/com.st.stm32cube.ide.mcu.externaltools.gnu-tools-for-stm32.13.3.rel1.win32_1.0.0.202411081344/tools/bin/../lib/gcc/arm-none-eabi/13.3.1/../../../../arm-none-eabi/lib/thumb/v7e-m/nofp\libc_nano.a(libc_a-init.o)
                0x08001208                __libc_init_array
 *(.glue_7)
 .glue_7        0x08001250        0x0 linker stubs
 *(.glue_7t)
 .glue_7t       0x08001250        0x0 linker stubs
 *(.eh_frame)
 .eh_frame      0x08001250        0x0 C:/ST/STM32CubeIDE_1.18.1/STM32CubeIDE/plugins/com.st.stm32cube.ide.mcu.externaltools.gnu-tools-for-stm32.13.3.rel1.win32_1.0.0.202411081344/tools/bin/../lib/gcc/arm-none-eabi/13.3.1/thumb/v7e-m/nofp/crtbegin.o
 *(.init)
 .init          0x08001250        0x4 C:/ST/STM32CubeIDE_1.18.1/STM32CubeIDE/plugins/com.st.stm32cube.ide.mcu.externaltools.gnu-tools-for-stm32.13.3.rel1.win32_1.0.0.202411081344/tools/bin/../lib/gcc/arm-none-eabi/13.3.1/thumb/v7e-m/nofp/crti.o
                0x08001250                _init
 .init          0x08001254        0x8 C:/ST/STM32CubeIDE_1.18.1/STM32CubeIDE/plugins/com.st.stm32cube.ide.mcu.externaltools.gnu-tools-for-stm32.13.3.rel1.win32_1.0.0.202411081344/tools/bin/../lib/gcc/arm-none-eabi/13.3.1/thumb/v7e-m/nofp/crtn.o
 *(.fini)
 .fini          0x0800125c        0x4 C:/ST/STM32CubeIDE_1.18.1/STM32CubeIDE/plugins/com.st.stm32cube.ide.mcu.externaltools.gnu-tools-for-stm32.13.3.rel1.win32_1.0.0.202411081344/tools/bin/../lib/gcc/arm-none-eabi/13.3.1/thumb/v7e-m/nofp/crti.o
                0x0800125c                _fini
 .fini          0x08001260        0x8 C:/ST/STM32CubeIDE_1.18.1/STM32CubeIDE/plugins/com.st.stm32cube.ide.mcu.externaltools.gnu-tools-for-stm32.13.3.rel1.win32_1.0.0.202411081344/tools/bin/../lib/gcc/arm-none-eabi/13.3.1/thumb/v7e-m/nofp/crtn.o
                0x08001268                        . = ALIGN (0x4)
                0x08001268                        _etext = .

.vfp11_veneer   0x08001268        0x0
 .vfp11_veneer  0x08001268        0x0 linker stubs

.v4_bx          0x08001268        0x0
 .v4_bx         0x08001268        0x0 linker stubs

.iplt           0x08001268        0x0
 .iplt          0x08001268        0x0 C:/ST/STM32CubeIDE_1.18.1/STM32CubeIDE/plugins/com.st.stm32cube.ide.mcu.externaltools.gnu-tools-for-stm32.13.3.rel1.win32_1.0.0.202411081344/tools/bin/../lib/gcc/arm-none-eabi/13.3.1/thumb/v7e-m/nofp/crtbegin.o

.rel.dyn        0x08001268        0x0
 .rel.iplt      0x08001268        0x0 C:/ST/STM32CubeIDE_1.18.1/STM32CubeIDE/plugins/com.st.stm32cube.ide.mcu.externaltools.gnu-tools-for-stm32.13.3.rel1.win32_1.0.0.202411081344/tools/bin/../lib/gcc/arm-none-eabi/13.3.1/thumb/v7e-m/nofp/crtbegin.o

.rodata         0x08001268        0x0
                0x08001268                        . = ALIGN (0x4)
 *(.rodata)
 *(.rodata*)
                0x08001268                        . = ALIGN (0x4)

.ARM.extab      0x08001268        0x0
                0x08001268                        . = ALIGN (0x4)
 *(.ARM.extab* .gnu.linkonce.armextab.*)
                0x08001268                        . = ALIGN (0x4)

.ARM            0x08001268        0x0
                0x08001268                        . = ALIGN (0x4)
                0x08001268                        __exidx_start = .
 *(.ARM.exidx*)
                0x08001268                        __exidx_end = .
                0x08001268                        . = ALIGN (0x4)

.preinit_array  0x08001268        0x0
                0x08001268                        . = ALIGN (0x4)
                0x08001268                        PROVIDE (__preinit_array_start = .)
 *(.preinit_array*)
                0x08001268                        PROVIDE (__preinit_array_end = .)
                0x08001268                        . = ALIGN (0x4)

.init_array     0x08001268        0x4
                0x08001268                        . = ALIGN (0x4)
                0x08001268                        PROVIDE (__init_array_start = .)
 *(SORT_BY_NAME(.init_array.*))
 *(.init_array*)
 .init_array    0x08001268        0x4 C:/ST/STM32CubeIDE_1.18.1/STM32CubeIDE/plugins/com.st.stm32cube.ide.mcu.externaltools.gnu-tools-for-stm32.13.3.rel1.win32_1.0.0.202411081344/tools/bin/../lib/gcc/arm-none-eabi/13.3.1/thumb/v7e-m/nofp/crtbegin.o
                0x0800126c                        PROVIDE (__init_array_end = .)
                0x0800126c                        . = ALIGN (0x4)

.fini_array     0x0800126c        0x4
                0x0800126c                        . = ALIGN (0x4)
                [!provide]                        PROVIDE (__fini_array_start = .)
 *(SORT_BY_NAME(.fini_array.*))
 *(.fini_array*)
 .fini_array    0x0800126c        0x4 C:/ST/STM32CubeIDE_1.18.1/STM32CubeIDE/plugins/com.st.stm32cube.ide.mcu.externaltools.gnu-tools-for-stm32.13.3.rel1.win32_1.0.0.202411081344/tools/bin/../lib/gcc/arm-none-eabi/13.3.1/thumb/v7e-m/nofp/crtbegin.o
                [!provide]                        PROVIDE (__fini_array_end = .)
                0x08001270                        . = ALIGN (0x4)
                0x08001270                        _sidata = LOADADDR (.data)

.data           0x20000000        0x4 load address 0x08001270
                0x20000000                        . = ALIGN (0x4)
                0x20000000                        _sdata = .
 *(.data)
 *(.data*)
 .data.hlcd     0x20000000        0x4 ./bsp_f4x/lcd/bsp_lcd.o
                0x20000000                hlcd
 *(.RamFunc)
 *(.RamFunc*)
                0x20000004                        . = ALIGN (0x4)
                0x20000004                        _edata = .
                0x08001274                        _siccmram = LOADADDR (.ccmram)

.igot.plt       0x20000004        0x0 load address 0x08001274
 .igot.plt      0x20000004        0x0 C:/ST/STM32CubeIDE_1.18.1/STM32CubeIDE/plugins/com.st.stm32cube.ide.mcu.externaltools.gnu-tools-for-stm32.13.3.rel1.win32_1.0.0.202411081344/tools/bin/../lib/gcc/arm-none-eabi/13.3.1/thumb/v7e-m/nofp/crtbegin.o

.ccmram         0x10000000        0x0 load address 0x08001274
                0x10000000                        . = ALIGN (0x4)
                0x10000000                        _sccmram = .
 *(.ccmram)
 *(.ccmram*)
                0x10000000                        . = ALIGN (0x4)
                0x10000000                        _eccmram = .
                0x10000000                        . = ALIGN (0x4)

.bss            0x20000004     0x5044
                0x20000004                        _sbss = .
                0x20000004                        __bss_start__ = _sbss
 *(.bss)
 .bss           0x20000004       0x1c C:/ST/STM32CubeIDE_1.18.1/STM32CubeIDE/plugins/com.st.stm32cube.ide.mcu.externaltools.gnu-tools-for-stm32.13.3.rel1.win32_1.0.0.202411081344/tools/bin/../lib/gcc/arm-none-eabi/13.3.1/thumb/v7e-m/nofp/crtbegin.o
 *(.bss*)
 .bss.lcd_handle
                0x20000020       0x28 ./bsp_f4x/lcd/bsp_lcd.o
                0x20000020                lcd_handle
 .bss.bsp_db    0x20000048     0x2800 ./bsp_f4x/lcd/bsp_lcd.o
                0x20000048                bsp_db
 .bss.bsp_wb    0x20002848     0x2800 ./bsp_f4x/lcd/bsp_lcd.o
                0x20002848                bsp_wb
 *(COMMON)
                0x20005048                        . = ALIGN (0x4)
                0x20005048                        _ebss = .
                0x20005048                        __bss_end__ = _ebss

._user_heap_stack
                0x20005048      0x600
                0x20005048                        . = ALIGN (0x8)
                [!provide]                        PROVIDE (end = .)
                0x20005048                        PROVIDE (_end = .)
                0x20005248                        . = (. + _Min_Heap_Size)
 *fill*         0x20005048      0x200 
                0x20005648                        . = (. + _Min_Stack_Size)
 *fill*         0x20005248      0x400 
                0x20005648                        . = ALIGN (0x8)

/DISCARD/
 libc.a(*)
 libm.a(*)
 libgcc.a(*)

.ARM.attributes
                0x00000000       0x2a
 *(.ARM.attributes)
 .ARM.attributes
                0x00000000       0x1e C:/ST/STM32CubeIDE_1.18.1/STM32CubeIDE/plugins/com.st.stm32cube.ide.mcu.externaltools.gnu-tools-for-stm32.13.3.rel1.win32_1.0.0.202411081344/tools/bin/../lib/gcc/arm-none-eabi/13.3.1/thumb/v7e-m/nofp/crti.o
 .ARM.attributes
                0x0000001e       0x2e C:/ST/STM32CubeIDE_1.18.1/STM32CubeIDE/plugins/com.st.stm32cube.ide.mcu.externaltools.gnu-tools-for-stm32.13.3.rel1.win32_1.0.0.202411081344/tools/bin/../lib/gcc/arm-none-eabi/13.3.1/thumb/v7e-m/nofp/crtbegin.o
 .ARM.attributes
                0x0000004c       0x2e ./Src/main.o
 .ARM.attributes
                0x0000007a       0x21 ./Startup/startup_stm32f407vgtx.o
 .ARM.attributes
                0x0000009b       0x2e ./bsp_f4x/lcd/bsp_lcd.o
 .ARM.attributes
                0x000000c9       0x2e C:/ST/STM32CubeIDE_1.18.1/STM32CubeIDE/plugins/com.st.stm32cube.ide.mcu.externaltools.gnu-tools-for-stm32.13.3.rel1.win32_1.0.0.202411081344/tools/bin/../lib/gcc/arm-none-eabi/13.3.1/../../../../arm-none-eabi/lib/thumb/v7e-m/nofp\libc_nano.a(libc_a-init.o)
 .ARM.attributes
                0x000000f7       0x1e C:/ST/STM32CubeIDE_1.18.1/STM32CubeIDE/plugins/com.st.stm32cube.ide.mcu.externaltools.gnu-tools-for-stm32.13.3.rel1.win32_1.0.0.202411081344/tools/bin/../lib/gcc/arm-none-eabi/13.3.1/thumb/v7e-m/nofp/crtn.o
OUTPUT(F407x_Vibgyor_Bars.elf elf32-littlearm)
LOAD linker stubs
LOAD C:/ST/STM32CubeIDE_1.18.1/STM32CubeIDE/plugins/com.st.stm32cube.ide.mcu.externaltools.gnu-tools-for-stm32.13.3.rel1.win32_1.0.0.202411081344/tools/bin/../lib/gcc/arm-none-eabi/13.3.1/../../../../arm-none-eabi/lib/thumb/v7e-m/nofp\libc.a
LOAD C:/ST/STM32CubeIDE_1.18.1/STM32CubeIDE/plugins/com.st.stm32cube.ide.mcu.externaltools.gnu-tools-for-stm32.13.3.rel1.win32_1.0.0.202411081344/tools/bin/../lib/gcc/arm-none-eabi/13.3.1/../../../../arm-none-eabi/lib/thumb/v7e-m/nofp\libm.a
LOAD C:/ST/STM32CubeIDE_1.18.1/STM32CubeIDE/plugins/com.st.stm32cube.ide.mcu.externaltools.gnu-tools-for-stm32.13.3.rel1.win32_1.0.0.202411081344/tools/bin/../lib/gcc/arm-none-eabi/13.3.1/thumb/v7e-m/nofp\libgcc.a

.debug_info     0x00000000     0x1537
 .debug_info    0x00000000      0x3b0 ./Src/main.o
 .debug_info    0x000003b0       0x30 ./Startup/startup_stm32f407vgtx.o
 .debug_info    0x000003e0     0x1157 ./bsp_f4x/lcd/bsp_lcd.o

.debug_abbrev   0x00000000      0x49d
 .debug_abbrev  0x00000000      0x13e ./Src/main.o
 .debug_abbrev  0x0000013e       0x24 ./Startup/startup_stm32f407vgtx.o
 .debug_abbrev  0x00000162      0x33b ./bsp_f4x/lcd/bsp_lcd.o

.debug_aranges  0x00000000      0x1a8
 .debug_aranges
                0x00000000       0x28 ./Src/main.o
 .debug_aranges
                0x00000028       0x28 ./Startup/startup_stm32f407vgtx.o
 .debug_aranges
                0x00000050      0x158 ./bsp_f4x/lcd/bsp_lcd.o

.debug_rnglists
                0x00000000      0x13d
 .debug_rnglists
                0x00000000       0x1b ./Src/main.o
 .debug_rnglists
                0x0000001b       0x19 ./Startup/startup_stm32f407vgtx.o
 .debug_rnglists
                0x00000034      0x109 ./bsp_f4x/lcd/bsp_lcd.o

.debug_macro    0x00000000    0x2e0ce
 .debug_macro   0x00000000      0x1be ./Src/main.o
 .debug_macro   0x000001be      0xad8 ./Src/main.o
 .debug_macro   0x00000c96       0x22 ./Src/main.o
 .debug_macro   0x00000cb8       0x8e ./Src/main.o
 .debug_macro   0x00000d46       0x51 ./Src/main.o
 .debug_macro   0x00000d97      0x103 ./Src/main.o
 .debug_macro   0x00000e9a       0x6a ./Src/main.o
 .debug_macro   0x00000f04      0x1df ./Src/main.o
 .debug_macro   0x000010e3       0xb8 ./Src/main.o
 .debug_macro   0x0000119b    0x15ed1 ./Src/main.o
 .debug_macro   0x0001706c       0x40 ./Src/main.o
 .debug_macro   0x000170ac       0x61 ./Src/main.o
 .debug_macro   0x0001710d       0x24 ./Src/main.o
 .debug_macro   0x00017131       0x43 ./Src/main.o
 .debug_macro   0x00017174       0x34 ./Src/main.o
 .debug_macro   0x000171a8       0x16 ./Src/main.o
 .debug_macro   0x000171be       0x9e ./Src/main.o
 .debug_macro   0x0001725c      0x370 ./Src/main.o
 .debug_macro   0x000175cc      0x112 ./Src/main.o
 .debug_macro   0x000176de       0x10 ./Src/main.o
 .debug_macro   0x000176ee       0x16 ./Src/main.o
 .debug_macro   0x00017704       0x4a ./Src/main.o
 .debug_macro   0x0001774e       0x34 ./Src/main.o
 .debug_macro   0x00017782       0x10 ./Src/main.o
 .debug_macro   0x00017792       0x58 ./Src/main.o
 .debug_macro   0x000177ea       0x8e ./Src/main.o
 .debug_macro   0x00017878       0x1c ./Src/main.o
 .debug_macro   0x00017894      0x185 ./Src/main.o
 .debug_macro   0x00017a19       0x16 ./Src/main.o
 .debug_macro   0x00017a2f       0x16 ./Src/main.o
 .debug_macro   0x00017a45      0x146 ./Src/main.o
 .debug_macro   0x00017b8b      0x1f0 ./Src/main.o
 .debug_macro   0x00017d7b      0x1c0 ./Src/main.o
 .debug_macro   0x00017f3b       0x88 ./Src/main.o
 .debug_macro   0x00017fc3      0x236 ./bsp_f4x/lcd/bsp_lcd.o
 .debug_macro   0x000181f9       0x53 ./bsp_f4x/lcd/bsp_lcd.o
 .debug_macro   0x0001824c    0x15e82 ./bsp_f4x/lcd/bsp_lcd.o

.debug_line     0x00000000     0x14b1
 .debug_line    0x00000000      0x686 ./Src/main.o
 .debug_line    0x00000686       0x7b ./Startup/startup_stm32f407vgtx.o
 .debug_line    0x00000701      0xdb0 ./bsp_f4x/lcd/bsp_lcd.o

.debug_str      0x00000000    0x86d0a
 .debug_str     0x00000000    0x86d0a ./Src/main.o
                              0x85f67 (size before relaxing)
 .debug_str     0x00086d0a       0xa6 ./Startup/startup_stm32f407vgtx.o
 .debug_str     0x00086d0a    0x86dff ./bsp_f4x/lcd/bsp_lcd.o

.comment        0x00000000       0x43
 .comment       0x00000000       0x43 ./Src/main.o
                                 0x44 (size before relaxing)
 .comment       0x00000043       0x44 ./bsp_f4x/lcd/bsp_lcd.o

.debug_frame    0x00000000      0x670
 .debug_frame   0x00000000       0x58 ./Src/main.o
 .debug_frame   0x00000058      0x5ec ./bsp_f4x/lcd/bsp_lcd.o
 .debug_frame   0x00000644       0x2c C:/ST/STM32CubeIDE_1.18.1/STM32CubeIDE/plugins/com.st.stm32cube.ide.mcu.externaltools.gnu-tools-for-stm32.13.3.rel1.win32_1.0.0.202411081344/tools/bin/../lib/gcc/arm-none-eabi/13.3.1/../../../../arm-none-eabi/lib/thumb/v7e-m/nofp\libc_nano.a(libc_a-init.o)

.debug_line_str
                0x00000000       0x8a
 .debug_line_str
                0x00000000       0x8a ./Startup/startup_stm32f407vgtx.o
