../lvgl/src/widgets/spinbox/lv_spinbox.c:53:12:lv_spinbox_create	32	static
../lvgl/src/widgets/spinbox/lv_spinbox.c:70:6:lv_spinbox_set_value	24	static
../lvgl/src/widgets/spinbox/lv_spinbox.c:88:6:lv_spinbox_set_rollover	24	static
../lvgl/src/widgets/spinbox/lv_spinbox.c:103:6:lv_spinbox_set_digit_format	56	static
../lvgl/src/widgets/spinbox/lv_spinbox.c:129:6:lv_spinbox_set_step	24	static
../lvgl/src/widgets/spinbox/lv_spinbox.c:144:6:lv_spinbox_set_range	32	static
../lvgl/src/widgets/spinbox/lv_spinbox.c:163:6:lv_spinbox_set_cursor_pos	32	static
../lvgl/src/widgets/spinbox/lv_spinbox.c:182:6:lv_spinbox_set_digit_step_direction	24	static
../lvgl/src/widgets/spinbox/lv_spinbox.c:199:9:lv_spinbox_get_value	24	static
../lvgl/src/widgets/spinbox/lv_spinbox.c:211:9:lv_spinbox_get_step	24	static
../lvgl/src/widgets/spinbox/lv_spinbox.c:227:6:lv_spinbox_step_next	24	static
../lvgl/src/widgets/spinbox/lv_spinbox.c:242:6:lv_spinbox_step_prev	32	static
../lvgl/src/widgets/spinbox/lv_spinbox.c:258:6:lv_spinbox_get_rollover	24	static
../lvgl/src/widgets/spinbox/lv_spinbox.c:270:6:lv_spinbox_increment	24	static
../lvgl/src/widgets/spinbox/lv_spinbox.c:303:6:lv_spinbox_decrement	24	static
../lvgl/src/widgets/spinbox/lv_spinbox.c:336:13:lv_spinbox_constructor	32	static
../lvgl/src/widgets/spinbox/lv_spinbox.c:361:13:lv_spinbox_event	72	static
../lvgl/src/widgets/spinbox/lv_spinbox.c:462:13:lv_spinbox_updatevalue	88	static
