../lvgl/src/widgets/meter/../../../src/misc/lv_math.h:49:45:lv_trigo_cos	16	static
../lvgl/src/widgets/meter/../../../src/misc/lv_mem.h:82:20:lv_memzero	16	static
../lvgl/src/widgets/meter/../../../src/hal/../draw/../misc/../font/../misc/lv_area.h:123:26:lv_area_get_width	16	static
../lvgl/src/widgets/meter/../../../src/hal/../draw/../misc/../font/../misc/lv_area.h:133:26:lv_area_get_height	16	static
../lvgl/src/widgets/meter/../../../src/hal/../draw/../misc/lv_color.h:454:48:lv_color_mix	32	static
../lvgl/src/widgets/meter/../../../src/core/lv_obj_style_gen.h:1:26:lv_obj_get_style_width	24	static
../lvgl/src/widgets/meter/../../../src/core/lv_obj_style_gen.h:19:26:lv_obj_get_style_height	24	static
../lvgl/src/widgets/meter/../../../src/core/lv_obj_style_gen.h:415:20:lv_obj_get_style_arc_rounded	24	static
../lvgl/src/widgets/meter/../../../src/core/lv_obj_style_gen.h:505:24:lv_obj_get_style_opa	24	static
../lvgl/src/widgets/meter/lv_meter.c:54:12:lv_meter_create	32	static
../lvgl/src/widgets/meter/lv_meter.c:66:20:lv_meter_add_scale	40	static
../lvgl/src/widgets/meter/lv_meter.c:87:6:lv_meter_set_scale_ticks	24	static
../lvgl/src/widgets/meter/lv_meter.c:97:6:lv_meter_set_scale_major_ticks	24	static
../lvgl/src/widgets/meter/lv_meter.c:108:6:lv_meter_set_scale_range	24	static
../lvgl/src/widgets/meter/lv_meter.c:122:24:lv_meter_add_needle_line	48	static
../lvgl/src/widgets/meter/lv_meter.c:142:24:lv_meter_add_needle_img	48	static
../lvgl/src/widgets/meter/lv_meter.c:162:24:lv_meter_add_arc	48	static
../lvgl/src/widgets/meter/lv_meter.c:182:24:lv_meter_add_scale_lines	48	static
../lvgl/src/widgets/meter/lv_meter.c:207:6:lv_meter_set_indicator_value	32	static
../lvgl/src/widgets/meter/lv_meter.c:228:6:lv_meter_set_indicator_start_value	32	static
../lvgl/src/widgets/meter/lv_meter.c:245:6:lv_meter_set_indicator_end_value	32	static
../lvgl/src/widgets/meter/lv_meter.c:266:13:lv_meter_constructor	24	static
../lvgl/src/widgets/meter/lv_meter.c:279:13:lv_meter_destructor	24	static
../lvgl/src/widgets/meter/lv_meter.c:289:13:lv_meter_event	112	static
../lvgl/src/widgets/meter/lv_meter.c:326:13:draw_arcs	160	static
../lvgl/src/widgets/meter/lv_meter.c:373:13:draw_ticks_and_labels	400	static
../lvgl/src/widgets/meter/lv_meter.c:550:13:draw_needles	200	static
../lvgl/src/widgets/meter/lv_meter.c:624:13:inv_arc	96	static
../lvgl/src/widgets/meter/lv_meter.c:650:13:inv_line	96	static
