../lvgl/src/widgets/imgbtn/../../core/../misc/../font/../misc/lv_area.h:110:20:lv_area_copy	16	static
../lvgl/src/widgets/imgbtn/../../core/../misc/lv_mem.h:82:20:lv_memzero	16	static
../lvgl/src/widgets/imgbtn/../../core/lv_obj_style_gen.h:55:26:lv_obj_get_style_transform_width	24	static
../lvgl/src/widgets/imgbtn/../../core/lv_obj_style_gen.h:61:26:lv_obj_get_style_transform_height	24	static
../lvgl/src/widgets/imgbtn/lv_imgbtn.c:56:12:lv_imgbtn_create	32	static
../lvgl/src/widgets/imgbtn/lv_imgbtn.c:79:6:lv_imgbtn_set_src	32	static
../lvgl/src/widgets/imgbtn/lv_imgbtn.c:93:6:lv_imgbtn_set_state	24	static
../lvgl/src/widgets/imgbtn/lv_imgbtn.c:122:14:lv_imgbtn_get_src_left	24	static
../lvgl/src/widgets/imgbtn/lv_imgbtn.c:137:14:lv_imgbtn_get_src_middle	24	static
../lvgl/src/widgets/imgbtn/lv_imgbtn.c:151:14:lv_imgbtn_get_src_right	24	static
../lvgl/src/widgets/imgbtn/lv_imgbtn.c:164:13:lv_imgbtn_constructor	24	static
../lvgl/src/widgets/imgbtn/lv_imgbtn.c:177:13:lv_imgbtn_event	48	static
../lvgl/src/widgets/imgbtn/lv_imgbtn.c:210:13:draw_main	112	static
../lvgl/src/widgets/imgbtn/lv_imgbtn.c:294:13:refr_img	40	static
../lvgl/src/widgets/imgbtn/lv_imgbtn.c:325:26:suggest_state	24	static
../lvgl/src/widgets/imgbtn/lv_imgbtn.c:356:19:get_state	24	static
