../lvgl/examples/anim/../../src/misc/lv_anim.h:126:20:lv_anim_set_var	16	static
../lvgl/examples/anim/../../src/misc/lv_anim.h:138:20:lv_anim_set_exec_cb	16	static
../lvgl/examples/anim/../../src/misc/lv_anim.h:148:20:lv_anim_set_time	16	static
../lvgl/examples/anim/../../src/misc/lv_anim.h:169:20:lv_anim_set_values	24	static
../lvgl/examples/anim/../../src/misc/lv_anim.h:196:20:lv_anim_set_path_cb	16	static
../lvgl/examples/anim/../../src/hal/../draw/sw/../../core/lv_obj_pos.h:199:20:lv_obj_center	16	static
../lvgl/examples/anim/../../src/core/lv_obj_style_gen.h:1:26:lv_obj_get_style_width	24	static
../lvgl/examples/anim/../../src/core/lv_obj_style.h:205:20:lv_obj_set_style_pad_all	24	static
../lvgl/examples/anim/../../src/core/lv_obj_style.h:231:20:lv_obj_set_style_size	24	static
../lvgl/examples/anim/../../src/core/lv_disp.h:184:26:lv_scr_act	8	static
../lvgl/examples/anim/../../src/widgets/slider/lv_slider.h:104:20:lv_slider_set_range	24	static
../lvgl/examples/anim/../../src/widgets/slider/lv_slider.h:128:23:lv_slider_get_value	16	static
../lvgl/examples/anim/lv_example_anim_3.c:37:6:lv_example_anim_3	24	static
../lvgl/examples/anim/lv_example_anim_3.c:65:16:anim_path_bezier3_cb	40	static
../lvgl/examples/anim/lv_example_anim_3.c:76:13:refer_chart_cubic_bezier	40	static
../lvgl/examples/anim/lv_example_anim_3.c:86:13:anim_x_cb	16	static
../lvgl/examples/anim/lv_example_anim_3.c:91:13:run_btn_event_handler	24	static
../lvgl/examples/anim/lv_example_anim_3.c:99:13:slider_event_cb	40	static
../lvgl/examples/anim/lv_example_anim_3.c:120:13:page_obj_init	48	static
