C:/Users/bhara/STM32CubeIDE/EmbeddedGraphicsLVGL-MCU3/Projects/004_ClockAlarmUI/3_32F407DISCOVERY/lvgl/src/hal/../draw/../misc/lv_color.h:390:24:lv_color_to32	24	static
C:/Users/bhara/STM32CubeIDE/EmbeddedGraphicsLVGL-MCU3/Projects/004_ClockAlarmUI/3_32F407DISCOVERY/lvgl/src/hal/../draw/../misc/lv_color.h:595:23:lv_color_brightness	24	static
C:/Users/bhara/STM32CubeIDE/EmbeddedGraphicsLVGL-MCU3/Projects/004_ClockAlarmUI/3_32F407DISCOVERY/lvgl/src/hal/../draw/../misc/lv_color.h:603:26:lv_color_make	16	static
C:/Users/bhara/STM32CubeIDE/EmbeddedGraphicsLVGL-MCU3/Projects/004_ClockAlarmUI/3_32F407DISCOVERY/lvgl/src/hal/../draw/../misc/lv_color.h:699:26:lv_color_white	8	static
C:/Users/bhara/STM32CubeIDE/EmbeddedGraphicsLVGL-MCU3/Projects/004_ClockAlarmUI/3_32F407DISCOVERY/lvgl/src/hal/../draw/../misc/lv_color.h:703:26:lv_color_black	8	static
C:/Users/bhara/STM32CubeIDE/EmbeddedGraphicsLVGL-MCU3/Projects/004_ClockAlarmUI/3_32F407DISCOVERY/lvgl/src/hal/../draw/../misc/lv_style.h:539:20:lv_style_set_pad_all	16	static
C:/Users/bhara/STM32CubeIDE/EmbeddedGraphicsLVGL-MCU3/Projects/004_ClockAlarmUI/3_32F407DISCOVERY/lvgl/src/hal/../draw/sw/../../core/lv_obj_pos.h:199:20:lv_obj_center	16	static
C:/Users/bhara/STM32CubeIDE/EmbeddedGraphicsLVGL-MCU3/Projects/004_ClockAlarmUI/3_32F407DISCOVERY/lvgl/src/core/lv_obj_style_gen.h:115:26:lv_obj_get_style_pad_left	24	static
C:/Users/bhara/STM32CubeIDE/EmbeddedGraphicsLVGL-MCU3/Projects/004_ClockAlarmUI/3_32F407DISCOVERY/lvgl/src/core/lv_obj_style_gen.h:139:26:lv_obj_get_style_bg_color	24	static
C:/Users/bhara/STM32CubeIDE/EmbeddedGraphicsLVGL-MCU3/Projects/004_ClockAlarmUI/3_32F407DISCOVERY/lvgl/src/core/lv_obj_style.h:210:20:lv_obj_set_style_pad_hor	24	static
C:/Users/bhara/STM32CubeIDE/EmbeddedGraphicsLVGL-MCU3/Projects/004_ClockAlarmUI/3_32F407DISCOVERY/lvgl/src/core/lv_disp.h:184:26:lv_scr_act	8	static
../Core/Src/glvgl.c:12:6:Lvgl_display_clock	16	static
../Core/Src/glvgl.c:16:6:Lvgl_btn_style_init	32	static
../Core/Src/glvgl.c:53:6:Lvgl_main_page_set_style	32	static
../Core/Src/glvgl.c:86:6:Lvgl_display_day	16	static
../Core/Src/glvgl.c:90:6:Lvgl_display_month	16	static
../Core/Src/glvgl.c:94:6:Lvgl_display_calendar_date	32	static
../Core/Src/glvgl.c:98:6:Lvgl_display_date	16	static
../Core/Src/glvgl.c:102:6:Lvgl_display_year	16	static
../Core/Src/glvgl.c:106:6:Lvgl_create_message_box	32	static
../Core/Src/glvgl.c:111:6:Lvgl_create_main_page	16	static
../Core/Src/glvgl.c:130:6:Lvgl_style_init	16	static
../Core/Src/glvgl.c:136:6:Lvgl_create_alarm_notif_page	32	static
../Core/Src/glvgl.c:152:6:Lvgl_create_setting_page	112	static
../Core/Src/glvgl.c:303:6:Lvgl_screen_cleanup	16	static
../Core/Src/glvgl.c:308:6:Lvgl_ctor	16	static
../Core/Src/glvgl.c:314:13:create_time_date_header	16	static
../Core/Src/glvgl.c:326:13:create_time_format	24	static
../Core/Src/glvgl.c:341:18:create_settings_time_alarm_rollers	64	static
