../lvgl/src/widgets/slider/../bar/../../core/../misc/../font/../misc/lv_area.h:110:20:lv_area_copy	16	static
../lvgl/src/widgets/slider/../bar/../../core/lv_obj_style_gen.h:55:26:lv_obj_get_style_transform_width	24	static
../lvgl/src/widgets/slider/../bar/../../core/lv_obj_style_gen.h:61:26:lv_obj_get_style_transform_height	24	static
../lvgl/src/widgets/slider/../bar/../../core/lv_obj_style_gen.h:79:26:lv_obj_get_style_transform_zoom	24	static
../lvgl/src/widgets/slider/../bar/../../core/lv_obj_style_gen.h:103:26:lv_obj_get_style_pad_top	24	static
../lvgl/src/widgets/slider/../bar/../../core/lv_obj_style_gen.h:109:26:lv_obj_get_style_pad_bottom	24	static
../lvgl/src/widgets/slider/../bar/../../core/lv_obj_style_gen.h:115:26:lv_obj_get_style_pad_left	24	static
../lvgl/src/widgets/slider/../bar/../../core/lv_obj_style_gen.h:121:26:lv_obj_get_style_pad_right	24	static
../lvgl/src/widgets/slider/../bar/../../core/lv_obj_style_gen.h:559:29:lv_obj_get_style_base_dir	24	static
../lvgl/src/widgets/slider/lv_slider.h:82:20:lv_slider_set_value	24	static
../lvgl/src/widgets/slider/lv_slider.h:93:20:lv_slider_set_left_value	24	static
../lvgl/src/widgets/slider/lv_slider.h:128:23:lv_slider_get_value	16	static
../lvgl/src/widgets/slider/lv_slider.h:138:23:lv_slider_get_left_value	16	static
../lvgl/src/widgets/slider/lv_slider.h:175:32:lv_slider_get_mode	24	static
../lvgl/src/widgets/slider/lv_slider.c:60:12:lv_slider_create	32	static
../lvgl/src/widgets/slider/lv_slider.c:68:6:lv_slider_is_dragged	24	static
../lvgl/src/widgets/slider/lv_slider.c:80:13:lv_slider_constructor	24	static
../lvgl/src/widgets/slider/lv_slider.c:95:13:lv_slider_event	144	static
../lvgl/src/widgets/slider/lv_slider.c:330:13:draw_knob	232	static
../lvgl/src/widgets/slider/lv_slider.c:410:13:position_knob	40	static
../lvgl/src/widgets/slider/lv_slider.c:440:13:is_slider_horizontal	24	static
