../lvgl/src/widgets/menu/lv_menu.c:112:12:lv_menu_create	32	static
../lvgl/src/widgets/menu/lv_menu.c:120:12:lv_menu_page_create	32	static
../lvgl/src/widgets/menu/lv_menu.c:135:12:lv_menu_cont_create	32	static
../lvgl/src/widgets/menu/lv_menu.c:143:12:lv_menu_section_create	32	static
../lvgl/src/widgets/menu/lv_menu.c:151:12:lv_menu_separator_create	32	static
../lvgl/src/widgets/menu/lv_menu.c:159:6:lv_menu_refr	32	static
../lvgl/src/widgets/menu/lv_menu.c:187:6:lv_menu_set_page	48	static
../lvgl/src/widgets/menu/lv_menu.c:267:6:lv_menu_set_sidebar_page	40	static
../lvgl/src/widgets/menu/lv_menu.c:330:6:lv_menu_set_mode_header	24	static
../lvgl/src/widgets/menu/lv_menu.c:343:6:lv_menu_set_mode_root_back_btn	24	static
../lvgl/src/widgets/menu/lv_menu.c:355:6:lv_menu_set_load_page_event	32	static
../lvgl/src/widgets/menu/lv_menu.c:377:6:lv_menu_set_page_title	40	static
../lvgl/src/widgets/menu/lv_menu.c:404:6:lv_menu_set_page_title_static	32	static
../lvgl/src/widgets/menu/lv_menu.c:430:12:lv_menu_get_cur_main_page	24	static
../lvgl/src/widgets/menu/lv_menu.c:438:12:lv_menu_get_cur_sidebar_page	24	static
../lvgl/src/widgets/menu/lv_menu.c:446:12:lv_menu_get_main_header	24	static
../lvgl/src/widgets/menu/lv_menu.c:454:12:lv_menu_get_main_header_back_btn	24	static
../lvgl/src/widgets/menu/lv_menu.c:462:12:lv_menu_get_sidebar_header	24	static
../lvgl/src/widgets/menu/lv_menu.c:470:12:lv_menu_get_sidebar_header_back_btn	24	static
../lvgl/src/widgets/menu/lv_menu.c:478:6:lv_menu_back_btn_is_root	16	static
../lvgl/src/widgets/menu/lv_menu.c:493:6:lv_menu_clear_history	24	static
../lvgl/src/widgets/menu/lv_menu.c:509:13:lv_menu_constructor	40	static
../lvgl/src/widgets/menu/lv_menu.c:576:13:lv_menu_destructor	24	static
../lvgl/src/widgets/menu/lv_menu.c:589:13:lv_menu_page_constructor	24	static
../lvgl/src/widgets/menu/lv_menu.c:601:13:lv_menu_page_destructor	24	static
../lvgl/src/widgets/menu/lv_menu.c:614:13:lv_menu_cont_constructor	16	static
../lvgl/src/widgets/menu/lv_menu.c:622:13:lv_menu_section_constructor	16	static
../lvgl/src/widgets/menu/lv_menu.c:629:13:lv_menu_refr_sidebar_header_mode	24	static
../lvgl/src/widgets/menu/lv_menu.c:664:13:lv_menu_refr_main_header_mode	24	static
../lvgl/src/widgets/menu/lv_menu.c:700:13:lv_menu_load_page_event_cb	40	static
../lvgl/src/widgets/menu/lv_menu.c:741:13:lv_menu_obj_del_event_cb	24	static
../lvgl/src/widgets/menu/lv_menu.c:747:13:lv_menu_back_event_cb	40	static
../lvgl/src/widgets/menu/lv_menu.c:786:13:lv_menu_value_changed_event_cb	32	static
