../lvgl/src/libs/qrcode/qrcodegen.c:128:6:qrcodegen_encodeText	104	static
../lvgl/src/libs/qrcode/qrcodegen.c:169:6:qrcodegen_encodeBinary	64	static
../lvgl/src/libs/qrcode/qrcodegen.c:188:15:appendBitsToBuffer	32	static
../lvgl/src/libs/qrcode/qrcodegen.c:200:6:qrcodegen_encodeSegments	48	static
../lvgl/src/libs/qrcode/qrcodegen.c:209:6:qrcodegen_encodeSegmentsAdvanced	96	static
../lvgl/src/libs/qrcode/qrcodegen.c:298:15:addEccAndInterleave	120	static
../lvgl/src/libs/qrcode/qrcodegen.c:332:14:getNumDataCodewords	32	static
../lvgl/src/libs/qrcode/qrcodegen.c:345:14:getNumRawDataModules	24	static
../lvgl/src/libs/qrcode/qrcodegen.c:363:15:calcReedSolomonGenerator	40	static
../lvgl/src/libs/qrcode/qrcodegen.c:388:15:calcReedSolomonRemainder	40	static
../lvgl/src/libs/qrcode/qrcodegen.c:409:18:finiteFieldMultiply	24	static
../lvgl/src/libs/qrcode/qrcodegen.c:426:15:initializeFunctionModules	48	static
../lvgl/src/libs/qrcode/qrcodegen.c:464:13:drawWhiteFunctionModules	88	static
../lvgl/src/libs/qrcode/qrcodegen.c:526:13:drawFormatBits	64	static
../lvgl/src/libs/qrcode/qrcodegen.c:561:14:getAlignmentPatternPositions	32	static
../lvgl/src/libs/qrcode/qrcodegen.c:576:13:fillRectangle	32	static
../lvgl/src/libs/qrcode/qrcodegen.c:590:13:drawCodewords	64	static
../lvgl/src/libs/qrcode/qrcodegen.c:622:13:applyMask	48	static
../lvgl/src/libs/qrcode/qrcodegen.c:669:13:getPenaltyScore	96	static
../lvgl/src/libs/qrcode/qrcodegen.c:758:13:addRunToHistory	16	static
../lvgl/src/libs/qrcode/qrcodegen.c:768:13:hasFinderLikePattern	24	static
../lvgl/src/libs/qrcode/qrcodegen.c:782:5:qrcodegen_getSize	24	static
../lvgl/src/libs/qrcode/qrcodegen.c:793:6:qrcodegen_getModule	32	static
../lvgl/src/libs/qrcode/qrcodegen.c:802:15:getModule	32	static
../lvgl/src/libs/qrcode/qrcodegen.c:812:15:setModule	40	static
../lvgl/src/libs/qrcode/qrcodegen.c:827:15:setModuleBounded	32	static
../lvgl/src/libs/qrcode/qrcodegen.c:836:13:getBit	16	static
../lvgl/src/libs/qrcode/qrcodegen.c:846:6:qrcodegen_isAlphanumeric	16	static
../lvgl/src/libs/qrcode/qrcodegen.c:858:6:qrcodegen_isNumeric	16	static
../lvgl/src/libs/qrcode/qrcodegen.c:870:8:qrcodegen_calcSegmentBufferSize	24	static
../lvgl/src/libs/qrcode/qrcodegen.c:888:14:calcSegmentBitLength	24	static
../lvgl/src/libs/qrcode/qrcodegen.c:916:26:qrcodegen_makeBytes	48	static
../lvgl/src/libs/qrcode/qrcodegen.c:932:26:qrcodegen_makeNumeric	72	static
../lvgl/src/libs/qrcode/qrcodegen.c:967:26:qrcodegen_makeAlphanumeric	72	static
../lvgl/src/libs/qrcode/qrcodegen.c:1002:26:qrcodegen_makeEci	48	static
../lvgl/src/libs/qrcode/qrcodegen.c:1037:14:getTotalBits	48	static
../lvgl/src/libs/qrcode/qrcodegen.c:1061:12:numCharCountBits	24	static
../lvgl/src/libs/qrcode/qrcodegen.c:1090:5:qrcodegen_getMinFitVersion	48	static
../lvgl/src/libs/qrcode/qrcodegen.c:1106:5:qrcodegen_version2size	16	static
