../lvgl/examples/layouts/flex/../../../src/misc/lv_anim.h:126:20:lv_anim_set_var	16	static
../lvgl/examples/layouts/flex/../../../src/misc/lv_anim.h:138:20:lv_anim_set_exec_cb	16	static
../lvgl/examples/layouts/flex/../../../src/misc/lv_anim.h:148:20:lv_anim_set_time	16	static
../lvgl/examples/layouts/flex/../../../src/misc/lv_anim.h:169:20:lv_anim_set_values	24	static
../lvgl/examples/layouts/flex/../../../src/misc/lv_anim.h:247:20:lv_anim_set_playback_time	16	static
../lvgl/examples/layouts/flex/../../../src/misc/lv_anim.h:267:20:lv_anim_set_repeat_count	16	static
../lvgl/examples/layouts/flex/../../../src/hal/../draw/sw/../../core/lv_obj_pos.h:199:20:lv_obj_center	16	static
../lvgl/examples/layouts/flex/../../../src/core/lv_disp.h:184:26:lv_scr_act	8	static
../lvgl/examples/layouts/flex/lv_example_flex_5.c:4:13:row_gap_anim	16	static
../lvgl/examples/layouts/flex/lv_example_flex_5.c:9:13:column_gap_anim	16	static
../lvgl/examples/layouts/flex/lv_example_flex_5.c:17:6:lv_example_flex_5	96	static
