../lvgl/src/core/lv_group.c:45:6:_lv_group_init	8	static
../lvgl/src/core/lv_group.c:50:14:lv_group_create	16	static
../lvgl/src/core/lv_group.c:72:6:lv_group_del	32	static
../lvgl/src/core/lv_group.c:100:6:lv_group_set_default	16	static
../lvgl/src/core/lv_group.c:105:14:lv_group_get_default	4	static
../lvgl/src/core/lv_group.c:110:6:lv_group_add_obj	32	static
../lvgl/src/core/lv_group.c:152:6:lv_group_swap_obj	32	static
../lvgl/src/core/lv_group.c:171:6:lv_group_remove_obj	32	static
../lvgl/src/core/lv_group.c:212:6:lv_group_remove_all_objs	32	static
../lvgl/src/core/lv_group.c:230:6:lv_group_focus_obj	40	static
../lvgl/src/core/lv_group.c:263:6:lv_group_focus_next	24	static
../lvgl/src/core/lv_group.c:272:6:lv_group_focus_prev	24	static
../lvgl/src/core/lv_group.c:281:6:lv_group_focus_freeze	16	static
../lvgl/src/core/lv_group.c:287:10:lv_group_send_data	24	static
../lvgl/src/core/lv_group.c:297:6:lv_group_set_focus_cb	16	static
../lvgl/src/core/lv_group.c:302:6:lv_group_set_edge_cb	16	static
../lvgl/src/core/lv_group.c:307:6:lv_group_set_editing	40	static
../lvgl/src/core/lv_group.c:325:6:lv_group_set_refocus_policy	16	static
../lvgl/src/core/lv_group.c:330:6:lv_group_set_wrap	16	static
../lvgl/src/core/lv_group.c:335:12:lv_group_get_focused	16	static
../lvgl/src/core/lv_group.c:343:21:lv_group_get_focus_cb	16	static
../lvgl/src/core/lv_group.c:349:20:lv_group_get_edge_cb	16	static
../lvgl/src/core/lv_group.c:355:6:lv_group_get_editing	16	static
../lvgl/src/core/lv_group.c:361:6:lv_group_get_wrap	16	static
../lvgl/src/core/lv_group.c:367:10:lv_group_get_obj_count	16	static
../lvgl/src/core/lv_group.c:375:13:lv_group_refocus	24	static
../lvgl/src/core/lv_group.c:389:13:focus_next_core	56	static
../lvgl/src/core/lv_group.c:472:21:get_indev	32	static
