../lvgl/src/widgets/calendar/../btnmatrix/../../core/../misc/../font/../misc/lv_area.h:286:26:lv_pct	16	static
../lvgl/src/widgets/calendar/../btnmatrix/../../core/../misc/lv_mem.h:82:20:lv_memzero	16	static
../lvgl/src/widgets/calendar/lv_calendar.c:60:12:lv_calendar_create	32	static
../lvgl/src/widgets/calendar/lv_calendar.c:72:6:lv_calendar_set_day_names	24	static
../lvgl/src/widgets/calendar/lv_calendar.c:84:6:lv_calendar_set_today_date	32	static
../lvgl/src/widgets/calendar/lv_calendar.c:96:6:lv_calendar_set_highlighted_dates	48	static
../lvgl/src/widgets/calendar/lv_calendar.c:109:6:lv_calendar_set_showed_date	56	static
../lvgl/src/widgets/calendar/lv_calendar.c:172:12:lv_calendar_get_btnmatrix	24	static
../lvgl/src/widgets/calendar/lv_calendar.c:179:28:lv_calendar_get_today_date	24	static
../lvgl/src/widgets/calendar/lv_calendar.c:187:28:lv_calendar_get_showed_date	24	static
../lvgl/src/widgets/calendar/lv_calendar.c:195:22:lv_calendar_get_highlighted_dates	24	static
../lvgl/src/widgets/calendar/lv_calendar.c:203:10:lv_calendar_get_highlighted_dates_num	24	static
../lvgl/src/widgets/calendar/lv_calendar.c:211:10:lv_calendar_get_pressed_date	40	static
../lvgl/src/widgets/calendar/lv_calendar.c:240:13:lv_calendar_constructor	32	static
../lvgl/src/widgets/calendar/lv_calendar.c:291:13:draw_part_begin_event_cb	32	static
../lvgl/src/widgets/calendar/lv_calendar.c:331:16:get_month_length	16	static
../lvgl/src/widgets/calendar/lv_calendar.c:352:16:is_leap_year	16	static
../lvgl/src/widgets/calendar/lv_calendar.c:364:16:get_day_of_week	40	static
../lvgl/src/widgets/calendar/lv_calendar.c:378:13:highlight_update	32	static
