../lvgl/src/core/../hal/../draw/../misc/lv_color.h:608:26:lv_color_hex	24	static
../lvgl/src/core/../hal/../draw/../misc/lv_anim.h:127:20:lv_anim_set_var	16	static
../lvgl/src/core/../hal/../draw/../misc/lv_anim.h:139:20:lv_anim_set_exec_cb	16	static
../lvgl/src/core/../hal/../draw/../misc/lv_anim.h:149:20:lv_anim_set_time	16	static
../lvgl/src/core/../hal/../draw/../misc/lv_anim.h:159:20:lv_anim_set_delay	16	static
../lvgl/src/core/../hal/../draw/../misc/lv_anim.h:170:20:lv_anim_set_values	24	static
../lvgl/src/core/../hal/../draw/../misc/lv_anim.h:207:20:lv_anim_set_start_cb	16	static
../lvgl/src/core/../hal/../draw/../misc/lv_anim.h:228:20:lv_anim_set_ready_cb	16	static
../lvgl/src/core/lv_disp.h:184:26:lv_scr_act	8	static
../lvgl/src/core/lv_disp.c:50:12:lv_disp_get_scr_act	24	static
../lvgl/src/core/lv_disp.c:67:12:lv_disp_get_scr_prev	24	static
../lvgl/src/core/lv_disp.c:82:6:lv_disp_load_scr	24	static
../lvgl/src/core/lv_disp.c:92:12:lv_disp_get_layer_top	24	static
../lvgl/src/core/lv_disp.c:109:12:lv_disp_get_layer_sys	24	static
../lvgl/src/core/lv_disp.c:124:6:lv_disp_set_theme	24	static
../lvgl/src/core/lv_disp.c:146:14:lv_disp_get_theme	16	static
../lvgl/src/core/lv_disp.c:157:6:lv_disp_set_bg_color	40	static
../lvgl/src/core/lv_disp.c:178:6:lv_disp_set_bg_image	40	static
../lvgl/src/core/lv_disp.c:198:6:lv_disp_set_bg_opa	40	static
../lvgl/src/core/lv_disp.c:213:12:lv_disp_get_chroma_key_color	24	static
../lvgl/src/core/lv_disp.c:233:6:lv_scr_load_anim	184	static
../lvgl/src/core/lv_disp.c:382:10:lv_disp_get_inactive_time	32	static
../lvgl/src/core/lv_disp.c:402:6:lv_disp_trig_activity	24	static
../lvgl/src/core/lv_disp.c:417:6:lv_disp_clean_dcache	24	static
../lvgl/src/core/lv_disp.c:434:6:lv_disp_enable_invalidation	24	static
../lvgl/src/core/lv_disp.c:450:6:lv_disp_is_invalidation_enabled	24	static
../lvgl/src/core/lv_disp.c:467:14:_lv_disp_get_refr_timer	24	static
../lvgl/src/core/lv_disp.c:482:13:scr_load_internal	24	static
../lvgl/src/core/lv_disp.c:500:13:scr_load_anim_start	24	static
../lvgl/src/core/lv_disp.c:510:13:opa_scale_anim	16	static
../lvgl/src/core/lv_disp.c:515:13:set_x_anim	16	static
../lvgl/src/core/lv_disp.c:520:13:set_y_anim	16	static
../lvgl/src/core/lv_disp.c:525:13:scr_anim_ready	24	static
../lvgl/src/core/lv_disp.c:540:13:is_out_anim	16	static
