../lvgl/src/core/lv_indev.c:64:6:lv_indev_read_timer_cb	48	static
../lvgl/src/core/lv_indev.c:123:6:lv_indev_enable	24	static
../lvgl/src/core/lv_indev.c:139:14:lv_indev_get_act	4	static
../lvgl/src/core/lv_indev.c:144:17:lv_indev_get_type	16	static
../lvgl/src/core/lv_indev.c:151:6:lv_indev_reset	24	static
../lvgl/src/core/lv_indev.c:189:6:lv_indev_reset_long_press	16	static
../lvgl/src/core/lv_indev.c:196:6:lv_indev_set_cursor	24	static
../lvgl/src/core/lv_indev.c:207:6:lv_indev_set_group	16	static
../lvgl/src/core/lv_indev.c:214:6:lv_indev_set_button_points	16	static
../lvgl/src/core/lv_indev.c:221:6:lv_indev_get_point	16	static
../lvgl/src/core/lv_indev.c:238:10:lv_indev_get_gesture_dir	16	static
../lvgl/src/core/lv_indev.c:243:10:lv_indev_get_key	16	static
../lvgl/src/core/lv_indev.c:251:10:lv_indev_get_scroll_dir	16	static
../lvgl/src/core/lv_indev.c:258:12:lv_indev_get_scroll_obj	16	static
../lvgl/src/core/lv_indev.c:265:6:lv_indev_get_vect	16	static
../lvgl/src/core/lv_indev.c:278:6:lv_indev_wait_release	16	static
../lvgl/src/core/lv_indev.c:284:12:lv_indev_get_obj_act	4	static
../lvgl/src/core/lv_indev.c:289:14:lv_indev_get_read_timer	24	static
../lvgl/src/core/lv_indev.c:300:12:lv_indev_search_obj	40	static
../lvgl/src/core/lv_indev.c:340:13:indev_pointer_proc	40	static
../lvgl/src/core/lv_indev.c:396:13:indev_keypad_proc	40	static
../lvgl/src/core/lv_indev.c:547:13:indev_encoder_proc	48	static
../lvgl/src/core/lv_indev.c:768:13:indev_button_proc	40	static
../lvgl/src/core/lv_indev.c:817:13:indev_proc_press	48	static
../lvgl/src/core/lv_indev.c:953:13:indev_proc_release	32	static
../lvgl/src/core/lv_indev.c:1010:13:indev_proc_reset_query_handler	16	static
../lvgl/src/core/lv_indev.c:1035:13:indev_click_focus	24	static
../lvgl/src/core/lv_indev.c:1104:6:indev_gesture	24	static
../lvgl/src/core/lv_indev.c:1157:13:indev_reset_check	16	static
