../lvgl/src/core/../misc/lv_mem.h:82:20:lv_memzero	16	static
../lvgl/src/core/../misc/lv_color.h:454:48:lv_color_mix	32	static
../lvgl/src/core/../misc/lv_anim.h:127:20:lv_anim_set_var	16	static
../lvgl/src/core/../misc/lv_anim.h:139:20:lv_anim_set_exec_cb	16	static
../lvgl/src/core/../misc/lv_anim.h:149:20:lv_anim_set_time	16	static
../lvgl/src/core/../misc/lv_anim.h:159:20:lv_anim_set_delay	16	static
../lvgl/src/core/../misc/lv_anim.h:170:20:lv_anim_set_values	24	static
../lvgl/src/core/../misc/lv_anim.h:197:20:lv_anim_set_path_cb	16	static
../lvgl/src/core/../misc/lv_anim.h:207:20:lv_anim_set_start_cb	16	static
../lvgl/src/core/../misc/lv_anim.h:228:20:lv_anim_set_ready_cb	16	static
../lvgl/src/core/../misc/lv_anim.h:289:20:lv_anim_set_early_apply	16	static
../lvgl/src/core/../misc/lv_bidi.h:129:20:lv_bidi_calculate_align	24	static
../lvgl/src/core/../misc/lv_style.h:575:20:lv_style_prop_has_flag	16	static
../lvgl/src/core/lv_obj_style_gen.h:1:26:lv_obj_get_style_width	24	static
../lvgl/src/core/lv_obj_style_gen.h:19:26:lv_obj_get_style_height	24	static
../lvgl/src/core/lv_obj_style_gen.h:79:26:lv_obj_get_style_transform_zoom	24	static
../lvgl/src/core/lv_obj_style_gen.h:85:26:lv_obj_get_style_transform_angle	24	static
../lvgl/src/core/lv_obj_style_gen.h:487:31:lv_obj_get_style_text_align	24	static
../lvgl/src/core/lv_obj_style_gen.h:505:24:lv_obj_get_style_opa	24	static
../lvgl/src/core/lv_obj_style_gen.h:511:45:lv_obj_get_style_color_filter_dsc	24	static
../lvgl/src/core/lv_obj_style_gen.h:517:24:lv_obj_get_style_color_filter_opa	24	static
../lvgl/src/core/lv_obj_style_gen.h:547:31:lv_obj_get_style_blend_mode	24	static
../lvgl/src/core/lv_obj_style_gen.h:559:29:lv_obj_get_style_base_dir	24	static
../lvgl/src/core/lv_obj_style.c:71:6:_lv_obj_style_init	8	static
../lvgl/src/core/lv_obj_style.c:76:6:lv_obj_add_style	48	static
../lvgl/src/core/lv_obj_style.c:108:6:lv_obj_remove_style	56	static
../lvgl/src/core/lv_obj_style.c:155:6:lv_obj_remove_style_all	16	static
../lvgl/src/core/lv_obj_style.c:160:6:lv_obj_report_style_change	24	static
../lvgl/src/core/lv_obj_style.c:174:6:lv_obj_refresh_style	40	static
../lvgl/src/core/lv_obj_style.c:225:6:lv_obj_enable_style_refresh	16	static
../lvgl/src/core/lv_obj_style.c:230:18:lv_obj_get_style_prop	40	static
../lvgl/src/core/lv_obj_style.c:277:6:lv_obj_set_local_style_prop	32	static
../lvgl/src/core/lv_obj_style.c:285:6:lv_obj_set_local_style_prop_meta	32	static
../lvgl/src/core/lv_obj_style.c:294:16:lv_obj_get_local_style_prop	32	static
../lvgl/src/core/lv_obj_style.c:308:6:lv_obj_remove_local_style_prop	32	static
../lvgl/src/core/lv_obj_style.c:332:6:_lv_obj_style_create_transition	136	static
../lvgl/src/core/lv_obj_style.c:389:18:_lv_obj_style_apply_color_filter	32	static
../lvgl/src/core/lv_obj_style.c:400:23:_lv_obj_style_state_compare	40	static
../lvgl/src/core/lv_obj_style.c:462:6:lv_obj_fade_in	104	static
../lvgl/src/core/lv_obj_style.c:475:6:lv_obj_fade_out	104	static
../lvgl/src/core/lv_obj_style.c:487:12:lv_obj_style_get_selector_state	16	static
../lvgl/src/core/lv_obj_style.c:492:11:lv_obj_style_get_selector_part	16	static
../lvgl/src/core/lv_obj_style.c:498:17:lv_obj_calculate_style_text_align	32	static
../lvgl/src/core/lv_obj_style.c:517:21:get_local_style	48	static
../lvgl/src/core/lv_obj_style.c:555:26:get_trans_style	40	static
../lvgl/src/core/lv_obj_style.c:584:23:get_prop_core	72	static
../lvgl/src/core/lv_obj_style.c:656:13:report_style_change_core	24	static
../lvgl/src/core/lv_obj_style.c:677:13:refresh_children_style	32	static
../lvgl/src/core/lv_obj_style.c:700:13:trans_del	40	static
../lvgl/src/core/lv_obj_style.c:734:13:trans_anim_cb	40	static
../lvgl/src/core/lv_obj_style.c:797:13:trans_anim_start_cb	40	static
../lvgl/src/core/lv_obj_style.c:819:13:trans_anim_ready_cb	48	static
../lvgl/src/core/lv_obj_style.c:857:24:calculate_layer_type	16	static
../lvgl/src/core/lv_obj_style.c:866:13:fade_anim_cb	16	static
../lvgl/src/core/lv_obj_style.c:871:13:fade_in_anim_ready	16	static
