../lvgl/src/core/../misc/../font/../misc/lv_area.h:110:20:lv_area_copy	16	static
../lvgl/src/core/../misc/../font/../misc/lv_area.h:123:26:lv_area_get_width	16	static
../lvgl/src/core/../misc/../font/../misc/lv_area.h:133:26:lv_area_get_height	16	static
../lvgl/src/core/lv_obj_style_gen.h:1:26:lv_obj_get_style_width	24	static
../lvgl/src/core/lv_obj_style_gen.h:7:26:lv_obj_get_style_min_width	24	static
../lvgl/src/core/lv_obj_style_gen.h:13:26:lv_obj_get_style_max_width	24	static
../lvgl/src/core/lv_obj_style_gen.h:19:26:lv_obj_get_style_height	24	static
../lvgl/src/core/lv_obj_style_gen.h:25:26:lv_obj_get_style_min_height	24	static
../lvgl/src/core/lv_obj_style_gen.h:31:26:lv_obj_get_style_max_height	24	static
../lvgl/src/core/lv_obj_style_gen.h:37:26:lv_obj_get_style_x	24	static
../lvgl/src/core/lv_obj_style_gen.h:43:26:lv_obj_get_style_y	24	static
../lvgl/src/core/lv_obj_style_gen.h:49:26:lv_obj_get_style_align	24	static
../lvgl/src/core/lv_obj_style_gen.h:67:26:lv_obj_get_style_translate_x	24	static
../lvgl/src/core/lv_obj_style_gen.h:73:26:lv_obj_get_style_translate_y	24	static
../lvgl/src/core/lv_obj_style_gen.h:79:26:lv_obj_get_style_transform_zoom	24	static
../lvgl/src/core/lv_obj_style_gen.h:85:26:lv_obj_get_style_transform_angle	24	static
../lvgl/src/core/lv_obj_style_gen.h:91:26:lv_obj_get_style_transform_pivot_x	24	static
../lvgl/src/core/lv_obj_style_gen.h:97:26:lv_obj_get_style_transform_pivot_y	24	static
../lvgl/src/core/lv_obj_style_gen.h:103:26:lv_obj_get_style_pad_top	24	static
../lvgl/src/core/lv_obj_style_gen.h:109:26:lv_obj_get_style_pad_bottom	24	static
../lvgl/src/core/lv_obj_style_gen.h:115:26:lv_obj_get_style_pad_left	24	static
../lvgl/src/core/lv_obj_style_gen.h:121:26:lv_obj_get_style_pad_right	24	static
../lvgl/src/core/lv_obj_style_gen.h:253:26:lv_obj_get_style_border_width	24	static
../lvgl/src/core/lv_obj_style_gen.h:553:24:lv_obj_get_style_layout	24	static
../lvgl/src/core/lv_obj_style_gen.h:559:29:lv_obj_get_style_base_dir	24	static
../lvgl/src/core/lv_obj_pos.c:44:6:lv_obj_set_pos	16	static
../lvgl/src/core/lv_obj_pos.c:52:6:lv_obj_set_x	24	static
../lvgl/src/core/lv_obj_pos.c:66:6:lv_obj_set_y	24	static
../lvgl/src/core/lv_obj_pos.c:80:6:lv_obj_refr_size	72	static
../lvgl/src/core/lv_obj_pos.c:215:6:lv_obj_set_size	16	static
../lvgl/src/core/lv_obj_pos.c:223:6:lv_obj_set_width	24	static
../lvgl/src/core/lv_obj_pos.c:236:6:lv_obj_set_height	24	static
../lvgl/src/core/lv_obj_pos.c:249:6:lv_obj_set_content_width	24	static
../lvgl/src/core/lv_obj_pos.c:258:6:lv_obj_set_content_height	24	static
../lvgl/src/core/lv_obj_pos.c:267:6:lv_obj_set_layout	16	static
../lvgl/src/core/lv_obj_pos.c:276:6:lv_obj_is_layout_positioned	24	static
../lvgl/src/core/lv_obj_pos.c:288:6:lv_obj_mark_layout_as_dirty	24	static
../lvgl/src/core/lv_obj_pos.c:301:6:lv_obj_update_layout	32	static
../lvgl/src/core/lv_obj_pos.c:323:10:lv_layout_register	32	static
../lvgl/src/core/lv_obj_pos.c:334:6:lv_obj_set_align	16	static
../lvgl/src/core/lv_obj_pos.c:339:6:lv_obj_align	24	static
../lvgl/src/core/lv_obj_pos.c:345:6:lv_obj_align_to	56	static
../lvgl/src/core/lv_obj_pos.c:487:6:lv_obj_get_coords	16	static
../lvgl/src/core/lv_obj_pos.c:494:12:lv_obj_get_x	24	static
../lvgl/src/core/lv_obj_pos.c:512:12:lv_obj_get_x2	24	static
../lvgl/src/core/lv_obj_pos.c:519:12:lv_obj_get_y	24	static
../lvgl/src/core/lv_obj_pos.c:537:12:lv_obj_get_y2	24	static
../lvgl/src/core/lv_obj_pos.c:544:12:lv_obj_get_x_aligned	16	static
../lvgl/src/core/lv_obj_pos.c:549:12:lv_obj_get_y_aligned	16	static
../lvgl/src/core/lv_obj_pos.c:555:12:lv_obj_get_width	16	static
../lvgl/src/core/lv_obj_pos.c:562:12:lv_obj_get_height	16	static
../lvgl/src/core/lv_obj_pos.c:569:12:lv_obj_get_content_width	24	static
../lvgl/src/core/lv_obj_pos.c:580:12:lv_obj_get_content_height	24	static
../lvgl/src/core/lv_obj_pos.c:591:6:lv_obj_get_content_coords	24	static
../lvgl/src/core/lv_obj_pos.c:605:12:lv_obj_get_self_width	24	static
../lvgl/src/core/lv_obj_pos.c:612:12:lv_obj_get_self_height	24	static
../lvgl/src/core/lv_obj_pos.c:619:6:lv_obj_refresh_self_size	24	static
../lvgl/src/core/lv_obj_pos.c:629:6:lv_obj_refr_pos	40	static
../lvgl/src/core/lv_obj_pos.c:709:6:lv_obj_move_to	64	static
../lvgl/src/core/lv_obj_pos.c:782:6:lv_obj_move_children_by	40	static
../lvgl/src/core/lv_obj_pos.c:798:6:lv_obj_transform_point	32	static
../lvgl/src/core/lv_obj_pos.c:814:6:lv_obj_get_transformed_area	40	static
../lvgl/src/core/lv_obj_pos.c:837:6:lv_obj_invalidate_area	32	static
../lvgl/src/core/lv_obj_pos.c:851:6:lv_obj_invalidate	32	static
../lvgl/src/core/lv_obj_pos.c:868:6:lv_obj_area_is_visible	48	static
../lvgl/src/core/lv_obj_pos.c:918:6:lv_obj_is_visible	32	static
../lvgl/src/core/lv_obj_pos.c:934:6:lv_obj_set_ext_click_area	16	static
../lvgl/src/core/lv_obj_pos.c:942:6:lv_obj_get_click_area	16	static
../lvgl/src/core/lv_obj_pos.c:953:6:lv_obj_hit_test	40	static
../lvgl/src/core/lv_obj_pos.c:974:12:lv_clamp_width	16	static
../lvgl/src/core/lv_obj_pos.c:981:12:lv_clamp_height	16	static
../lvgl/src/core/lv_obj_pos.c:994:19:calc_content_width	64	static
../lvgl/src/core/lv_obj_pos.c:1078:19:calc_content_height	56	static
../lvgl/src/core/lv_obj_pos.c:1131:13:layout_update_core	40	static
../lvgl/src/core/lv_obj_pos.c:1156:13:transform_point	40	static
