../lvgl/src/core/../misc/lv_anim.h:127:20:lv_anim_set_var	16	static
../lvgl/src/core/../misc/lv_anim.h:139:20:lv_anim_set_exec_cb	16	static
../lvgl/src/core/../misc/lv_anim.h:149:20:lv_anim_set_time	16	static
../lvgl/src/core/../misc/lv_anim.h:159:20:lv_anim_set_delay	16	static
../lvgl/src/core/../misc/lv_anim.h:228:20:lv_anim_set_ready_cb	16	static
../lvgl/src/core/lv_obj_tree.c:45:6:lv_obj_del	40	static
../lvgl/src/core/lv_obj_tree.c:85:6:lv_obj_clean	32	static
../lvgl/src/core/lv_obj_tree.c:109:6:lv_obj_del_delayed	96	static
../lvgl/src/core/lv_obj_tree.c:121:6:lv_obj_del_anim_ready_cb	16	static
../lvgl/src/core/lv_obj_tree.c:126:6:lv_obj_del_async	16	static
../lvgl/src/core/lv_obj_tree.c:132:6:lv_obj_set_parent	40	static
../lvgl/src/core/lv_obj_tree.c:190:6:lv_obj_move_to_index	40	static
../lvgl/src/core/lv_obj_tree.c:230:6:lv_obj_swap	32	static
../lvgl/src/core/lv_obj_tree.c:260:12:lv_obj_get_screen	24	static
../lvgl/src/core/lv_obj_tree.c:275:13:lv_obj_get_disp	40	static
../lvgl/src/core/lv_obj_tree.c:296:12:lv_obj_get_parent	16	static
../lvgl/src/core/lv_obj_tree.c:304:12:lv_obj_get_child	24	static
../lvgl/src/core/lv_obj_tree.c:324:10:lv_obj_get_child_cnt	16	static
../lvgl/src/core/lv_obj_tree.c:331:10:lv_obj_get_index	24	static
../lvgl/src/core/lv_obj_tree.c:346:6:lv_obj_tree_walk	24	static
../lvgl/src/core/lv_obj_tree.c:355:13:lv_obj_del_async_cb	16	static
../lvgl/src/core/lv_obj_tree.c:362:13:obj_del_core	64	static
../lvgl/src/core/lv_obj_tree.c:429:31:walk_core	40	static
