../lvgl/src/widgets/table/../label/../../core/../misc/../font/../misc/lv_area.h:110:20:lv_area_copy	16	static
../lvgl/src/widgets/table/../label/../../core/../misc/../font/../misc/lv_area.h:123:26:lv_area_get_width	16	static
../lvgl/src/widgets/table/../label/../../core/../misc/../font/lv_font.h:124:26:lv_font_get_line_height	16	static
../lvgl/src/widgets/table/../label/../../core/../misc/lv_mem.h:82:20:lv_memzero	16	static
../lvgl/src/widgets/table/../label/../../core/lv_obj_style_gen.h:25:26:lv_obj_get_style_min_height	24	static
../lvgl/src/widgets/table/../label/../../core/lv_obj_style_gen.h:31:26:lv_obj_get_style_max_height	24	static
../lvgl/src/widgets/table/../label/../../core/lv_obj_style_gen.h:103:26:lv_obj_get_style_pad_top	24	static
../lvgl/src/widgets/table/../label/../../core/lv_obj_style_gen.h:109:26:lv_obj_get_style_pad_bottom	24	static
../lvgl/src/widgets/table/../label/../../core/lv_obj_style_gen.h:115:26:lv_obj_get_style_pad_left	24	static
../lvgl/src/widgets/table/../label/../../core/lv_obj_style_gen.h:121:26:lv_obj_get_style_pad_right	24	static
../lvgl/src/widgets/table/../label/../../core/lv_obj_style_gen.h:253:26:lv_obj_get_style_border_width	24	static
../lvgl/src/widgets/table/../label/../../core/lv_obj_style_gen.h:463:33:lv_obj_get_style_text_font	24	static
../lvgl/src/widgets/table/../label/../../core/lv_obj_style_gen.h:469:26:lv_obj_get_style_text_letter_space	24	static
../lvgl/src/widgets/table/../label/../../core/lv_obj_style_gen.h:475:26:lv_obj_get_style_text_line_space	24	static
../lvgl/src/widgets/table/../label/../../core/lv_obj_style_gen.h:559:29:lv_obj_get_style_base_dir	24	static
../lvgl/src/widgets/table/lv_table.c:46:20:is_cell_empty	16	static
../lvgl/src/widgets/table/lv_table.c:73:12:lv_table_create	32	static
../lvgl/src/widgets/table/lv_table.c:85:6:lv_table_set_cell_value	64	static
../lvgl/src/widgets/table/lv_table.c:114:6:lv_table_set_cell_value_fmt	60	static
../lvgl/src/widgets/table/lv_table.c:185:6:lv_table_set_row_cnt	56	static
../lvgl/src/widgets/table/lv_table.c:224:6:lv_table_set_col_cnt	80	static
../lvgl/src/widgets/table/lv_table.c:280:6:lv_table_set_col_width	24	static
../lvgl/src/widgets/table/lv_table.c:293:6:lv_table_add_cell_ctrl	56	static
../lvgl/src/widgets/table/lv_table.c:317:6:lv_table_clear_cell_ctrl	56	static
../lvgl/src/widgets/table/lv_table.c:345:14:lv_table_get_cell_value	32	static
../lvgl/src/widgets/table/lv_table.c:361:10:lv_table_get_row_cnt	24	static
../lvgl/src/widgets/table/lv_table.c:369:10:lv_table_get_col_cnt	24	static
../lvgl/src/widgets/table/lv_table.c:377:12:lv_table_get_col_width	32	static
../lvgl/src/widgets/table/lv_table.c:391:6:lv_table_has_cell_ctrl	40	static
../lvgl/src/widgets/table/lv_table.c:406:6:lv_table_get_selected_cell	32	static
../lvgl/src/widgets/table/lv_table.c:417:13:lv_table_constructor	24	static
../lvgl/src/widgets/table/lv_table.c:436:13:lv_table_destructor	24	static
../lvgl/src/widgets/table/lv_table.c:454:13:lv_table_event	72	static
../lvgl/src/widgets/table/lv_table.c:573:13:draw_main	416	static
../lvgl/src/widgets/table/lv_table.c:771:13:refr_size_form_row	72	static
../lvgl/src/widgets/table/lv_table.c:798:13:refr_cell_size	88	static
../lvgl/src/widgets/table/lv_table.c:832:19:get_row_height	80	static
../lvgl/src/widgets/table/lv_table.c:897:17:get_pressed_cell	48	static
../lvgl/src/widgets/table/lv_table.c:949:15:get_cell_txt_len	24	static
../lvgl/src/widgets/table/lv_table.c:965:13:copy_cell_txt	16	static
../lvgl/src/widgets/table/lv_table.c:974:13:get_cell_area	48	static
