Archive member included to satisfy reference by file (symbol)

C:/ST/STM32CubeIDE_1.16.0/STM32CubeIDE/plugins/com.st.stm32cube.ide.mcu.externaltools.gnu-tools-for-stm32.12.3.rel1.win32_1.0.200.202406191623/tools/bin/../lib/gcc/arm-none-eabi/12.3.1/../../../../arm-none-eabi/lib/thumb/v7e-m/nofp\libc_nano.a(libc_a-exit.o)
                              C:/ST/STM32CubeIDE_1.16.0/STM32CubeIDE/plugins/com.st.stm32cube.ide.mcu.externaltools.gnu-tools-for-stm32.12.3.rel1.win32_1.0.200.202406191623/tools/bin/../lib/gcc/arm-none-eabi/12.3.1/../../../../arm-none-eabi/lib/thumb/v7e-m/nofp/crt0.o (exit)
C:/ST/STM32CubeIDE_1.16.0/STM32CubeIDE/plugins/com.st.stm32cube.ide.mcu.externaltools.gnu-tools-for-stm32.12.3.rel1.win32_1.0.200.202406191623/tools/bin/../lib/gcc/arm-none-eabi/12.3.1/../../../../arm-none-eabi/lib/thumb/v7e-m/nofp\libc_nano.a(libc_a-findfp.o)
                              C:/ST/STM32CubeIDE_1.16.0/STM32CubeIDE/plugins/com.st.stm32cube.ide.mcu.externaltools.gnu-tools-for-stm32.12.3.rel1.win32_1.0.200.202406191623/tools/bin/../lib/gcc/arm-none-eabi/12.3.1/../../../../arm-none-eabi/lib/thumb/v7e-m/nofp\libc_nano.a(libc_a-exit.o) (__stdio_exit_handler)
C:/ST/STM32CubeIDE_1.16.0/STM32CubeIDE/plugins/com.st.stm32cube.ide.mcu.externaltools.gnu-tools-for-stm32.12.3.rel1.win32_1.0.200.202406191623/tools/bin/../lib/gcc/arm-none-eabi/12.3.1/../../../../arm-none-eabi/lib/thumb/v7e-m/nofp\libc_nano.a(libc_a-fwalk.o)
                              C:/ST/STM32CubeIDE_1.16.0/STM32CubeIDE/plugins/com.st.stm32cube.ide.mcu.externaltools.gnu-tools-for-stm32.12.3.rel1.win32_1.0.200.202406191623/tools/bin/../lib/gcc/arm-none-eabi/12.3.1/../../../../arm-none-eabi/lib/thumb/v7e-m/nofp\libc_nano.a(libc_a-findfp.o) (_fwalk_sglue)
C:/ST/STM32CubeIDE_1.16.0/STM32CubeIDE/plugins/com.st.stm32cube.ide.mcu.externaltools.gnu-tools-for-stm32.12.3.rel1.win32_1.0.200.202406191623/tools/bin/../lib/gcc/arm-none-eabi/12.3.1/../../../../arm-none-eabi/lib/thumb/v7e-m/nofp\libc_nano.a(libc_a-stdio.o)
                              C:/ST/STM32CubeIDE_1.16.0/STM32CubeIDE/plugins/com.st.stm32cube.ide.mcu.externaltools.gnu-tools-for-stm32.12.3.rel1.win32_1.0.200.202406191623/tools/bin/../lib/gcc/arm-none-eabi/12.3.1/../../../../arm-none-eabi/lib/thumb/v7e-m/nofp\libc_nano.a(libc_a-findfp.o) (__sread)
C:/ST/STM32CubeIDE_1.16.0/STM32CubeIDE/plugins/com.st.stm32cube.ide.mcu.externaltools.gnu-tools-for-stm32.12.3.rel1.win32_1.0.200.202406191623/tools/bin/../lib/gcc/arm-none-eabi/12.3.1/../../../../arm-none-eabi/lib/thumb/v7e-m/nofp\libc_nano.a(libc_a-memset.o)
                              C:/ST/STM32CubeIDE_1.16.0/STM32CubeIDE/plugins/com.st.stm32cube.ide.mcu.externaltools.gnu-tools-for-stm32.12.3.rel1.win32_1.0.200.202406191623/tools/bin/../lib/gcc/arm-none-eabi/12.3.1/../../../../arm-none-eabi/lib/thumb/v7e-m/nofp/crt0.o (memset)
C:/ST/STM32CubeIDE_1.16.0/STM32CubeIDE/plugins/com.st.stm32cube.ide.mcu.externaltools.gnu-tools-for-stm32.12.3.rel1.win32_1.0.200.202406191623/tools/bin/../lib/gcc/arm-none-eabi/12.3.1/../../../../arm-none-eabi/lib/thumb/v7e-m/nofp\libc_nano.a(libc_a-closer.o)
                              C:/ST/STM32CubeIDE_1.16.0/STM32CubeIDE/plugins/com.st.stm32cube.ide.mcu.externaltools.gnu-tools-for-stm32.12.3.rel1.win32_1.0.200.202406191623/tools/bin/../lib/gcc/arm-none-eabi/12.3.1/../../../../arm-none-eabi/lib/thumb/v7e-m/nofp\libc_nano.a(libc_a-stdio.o) (_close_r)
C:/ST/STM32CubeIDE_1.16.0/STM32CubeIDE/plugins/com.st.stm32cube.ide.mcu.externaltools.gnu-tools-for-stm32.12.3.rel1.win32_1.0.200.202406191623/tools/bin/../lib/gcc/arm-none-eabi/12.3.1/../../../../arm-none-eabi/lib/thumb/v7e-m/nofp\libc_nano.a(libc_a-reent.o)
                              C:/ST/STM32CubeIDE_1.16.0/STM32CubeIDE/plugins/com.st.stm32cube.ide.mcu.externaltools.gnu-tools-for-stm32.12.3.rel1.win32_1.0.200.202406191623/tools/bin/../lib/gcc/arm-none-eabi/12.3.1/../../../../arm-none-eabi/lib/thumb/v7e-m/nofp\libc_nano.a(libc_a-closer.o) (errno)
C:/ST/STM32CubeIDE_1.16.0/STM32CubeIDE/plugins/com.st.stm32cube.ide.mcu.externaltools.gnu-tools-for-stm32.12.3.rel1.win32_1.0.200.202406191623/tools/bin/../lib/gcc/arm-none-eabi/12.3.1/../../../../arm-none-eabi/lib/thumb/v7e-m/nofp\libc_nano.a(libc_a-impure.o)
                              C:/ST/STM32CubeIDE_1.16.0/STM32CubeIDE/plugins/com.st.stm32cube.ide.mcu.externaltools.gnu-tools-for-stm32.12.3.rel1.win32_1.0.200.202406191623/tools/bin/../lib/gcc/arm-none-eabi/12.3.1/../../../../arm-none-eabi/lib/thumb/v7e-m/nofp\libc_nano.a(libc_a-reent.o) (_impure_ptr)
C:/ST/STM32CubeIDE_1.16.0/STM32CubeIDE/plugins/com.st.stm32cube.ide.mcu.externaltools.gnu-tools-for-stm32.12.3.rel1.win32_1.0.200.202406191623/tools/bin/../lib/gcc/arm-none-eabi/12.3.1/../../../../arm-none-eabi/lib/thumb/v7e-m/nofp\libc_nano.a(libc_a-lseekr.o)
[...]
Memory Configuration

Name             Origin             Length             Attributes
CCMRAM           0x10000000         0x00010000         xrw
RAM              0x20000000         0x00030000         xrw
FLASH            0x08000000         0x00200000         xr
*default*        0x00000000         0xffffffff

Linker script and memory map

LOAD C:/ST/STM32CubeIDE_1.16.0/STM32CubeIDE/plugins/com.st.stm32cube.ide.mcu.externaltools.gnu-tools-for-stm32.12.3.rel1.win32_1.0.200.202406191623/tools/bin/../lib/gcc/arm-none-eabi/12.3.1/thumb/v7e-m/nofp/crti.o
LOAD C:/ST/STM32CubeIDE_1.16.0/STM32CubeIDE/plugins/com.st.stm32cube.ide.mcu.externaltools.gnu-tools-for-stm32.12.3.rel1.win32_1.0.200.202406191623/tools/bin/../lib/gcc/arm-none-eabi/12.3.1/thumb/v7e-m/nofp/crtbegin.o
LOAD C:/ST/STM32CubeIDE_1.16.0/STM32CubeIDE/plugins/com.st.stm32cube.ide.mcu.externaltools.gnu-tools-for-stm32.12.3.rel1.win32_1.0.200.202406191623/tools/bin/../lib/gcc/arm-none-eabi/12.3.1/../../../../arm-none-eabi/lib/thumb/v7e-m/nofp/crt0.o
LOAD ./Src/bsp_lcd.o
LOAD ./Src/bsp_lcd_ex.o
LOAD ./Src/main.o
LOAD ./Src/syscalls.o
LOAD ./Src/sysmem.o
LOAD ./Startup/startup_stm32f429zitx.o
START GROUP
LOAD C:/ST/STM32CubeIDE_1.16.0/STM32CubeIDE/plugins/com.st.stm32cube.ide.mcu.externaltools.gnu-tools-for-stm32.12.3.rel1.win32_1.0.200.202406191623/tools/bin/../lib/gcc/arm-none-eabi/12.3.1/../../../../arm-none-eabi/lib/thumb/v7e-m/nofp\libc_nano.a
LOAD C:/ST/STM32CubeIDE_1.16.0/STM32CubeIDE/plugins/com.st.stm32cube.ide.mcu.externaltools.gnu-tools-for-stm32.12.3.rel1.win32_1.0.200.202406191623/tools/bin/../lib/gcc/arm-none-eabi/12.3.1/../../../../arm-none-eabi/lib/thumb/v7e-m/nofp\libm.a
END GROUP
START GROUP
LOAD C:/ST/STM32CubeIDE_1.16.0/STM32CubeIDE/plugins/com.st.stm32cube.ide.mcu.externaltools.gnu-tools-for-stm32.12.3.rel1.win32_1.0.200.202406191623/tools/bin/../lib/gcc/arm-none-eabi/12.3.1/thumb/v7e-m/nofp\libgcc.a
LOAD C:/ST/STM32CubeIDE_1.16.0/STM32CubeIDE/plugins/com.st.stm32cube.ide.mcu.externaltools.gnu-tools-for-stm32.12.3.rel1.win32_1.0.200.202406191623/tools/bin/../lib/gcc/arm-none-eabi/12.3.1/../../../../arm-none-eabi/lib/thumb/v7e-m/nofp\libc_nano.a
END GROUP
START GROUP
LOAD C:/ST/STM32CubeIDE_1.16.0/STM32CubeIDE/plugins/com.st.stm32cube.ide.mcu.externaltools.gnu-tools-for-stm32.12.3.rel1.win32_1.0.200.202406191623/tools/bin/../lib/gcc/arm-none-eabi/12.3.1/thumb/v7e-m/nofp\libgcc.a
LOAD C:/ST/STM32CubeIDE_1.16.0/STM32CubeIDE/plugins/com.st.stm32cube.ide.mcu.externaltools.gnu-tools-for-stm32.12.3.rel1.win32_1.0.200.202406191623/tools/bin/../lib/gcc/arm-none-eabi/12.3.1/../../../../arm-none-eabi/lib/thumb/v7e-m/nofp\libc_nano.a
LOAD C:/ST/STM32CubeIDE_1.16.0/STM32CubeIDE/plugins/com.st.stm32cube.ide.mcu.externaltools.gnu-tools-for-stm32.12.3.rel1.win32_1.0.200.202406191623/tools/bin/../lib/gcc/arm-none-eabi/12.3.1/../../../../arm-none-eabi/lib/thumb/v7e-m/nofp\libnosys.a
END GROUP
START GROUP
LOAD C:/ST/STM32CubeIDE_1.16.0/STM32CubeIDE/plugins/com.st.stm32cube.ide.mcu.externaltools.gnu-tools-for-stm32.12.3.rel1.win32_1.0.200.202406191623/tools/bin/../lib/gcc/arm-none-eabi/12.3.1/thumb/v7e-m/nofp\libgcc.a
LOAD C:/ST/STM32CubeIDE_1.16.0/STM32CubeIDE/plugins/com.st.stm32cube.ide.mcu.externaltools.gnu-tools-for-stm32.12.3.rel1.win32_1.0.200.202406191623/tools/bin/../lib/gcc/arm-none-eabi/12.3.1/../../../../arm-none-eabi/lib/thumb/v7e-m/nofp\libc_nano.a
LOAD C:/ST/STM32CubeIDE_1.16.0/STM32CubeIDE/plugins/com.st.stm32cube.ide.mcu.externaltools.gnu-tools-for-stm32.12.3.rel1.win32_1.0.200.202406191623/tools/bin/../lib/gcc/arm-none-eabi/12.3.1/../../../../arm-none-eabi/lib/thumb/v7e-m/nofp\libnosys.a
END GROUP
LOAD C:/ST/STM32CubeIDE_1.16.0/STM32CubeIDE/plugins/com.st.stm32cube.ide.mcu.externaltools.gnu-tools-for-stm32.12.3.rel1.win32_1.0.200.202406191623/tools/bin/../lib/gcc/arm-none-eabi/12.3.1/thumb/v7e-m/nofp/crtend.o
LOAD C:/ST/STM32CubeIDE_1.16.0/STM32CubeIDE/plugins/com.st.stm32cube.ide.mcu.externaltools.gnu-tools-for-stm32.12.3.rel1.win32_1.0.200.202406191623/tools/bin/../lib/gcc/arm-none-eabi/12.3.1/thumb/v7e-m/nofp/crtn.o
                0x20030000                        _estack = (ORIGIN (RAM) + LENGTH (RAM))
                0x00000200                        _Min_Heap_Size = 0x200
                0x00000400                        _Min_Stack_Size = 0x400

.isr_vector     0x08000000      0x1ac
                0x08000000                        . = ALIGN (0x4)
 *(.isr_vector)
 .isr_vector    0x08000000      0x1ac ./Startup/startup_stm32f429zitx.o
                0x08000000                g_pfnVectors
                0x080001ac                        . = ALIGN (0x4)

.text           0x080001ac     0x1168
                0x080001ac                        . = ALIGN (0x4)
 *(.text)
 .text          0x080001ac       0x40 C:/ST/STM32CubeIDE_1.16.0/STM32CubeIDE/plugins/com.st.stm32cube.ide.mcu.externaltools.gnu-tools-for-stm32.12.3.rel1.win32_1.0.200.202406191623/tools/bin/../lib/gcc/arm-none-eabi/12.3.1/thumb/v7e-m/nofp/crtbegin.o
 *(.text*)
 .text.BSP_LCD_Init
                0x080001ec       0x1c ./Src/bsp_lcd.o
                0x080001ec                BSP_LCD_Init
 .text.BSP_LCD_Set_Orientation
                0x08000208       0xc0 ./Src/bsp_lcd.o
                0x08000208                BSP_LCD_Set_Orientation
 .text.LCD_Pin_Init
                0x080002c8      0x1e8 ./Src/bsp_lcd.o
                0x080002c8                LCD_Pin_Init
 .text.LCD_SPI_Enable
                0x080004b0       0x24 ./Src/bsp_lcd.o
                0x080004b0                LCD_SPI_Enable
 .text.LCD_SPI_Init
                0x080004d4       0xc8 ./Src/bsp_lcd.o
                0x080004d4                LCD_SPI_Init
 .text.delay_50ms
                0x0800059c       0x2c ./Src/bsp_lcd.o
                0x0800059c                delay_50ms
 .text.LCD_Reset
                0x080005c8       0x5c ./Src/bsp_lcd.o
                0x080005c8                LCD_Reset
 .text.LCD_Config
                0x08000624      0x258 ./Src/bsp_lcd.o
                0x08000624                LCD_Config
 .text.LCD_Write_Cmd
                0x0800087c       0x84 ./Src/bsp_lcd.o
                0x0800087c                LCD_Write_Cmd
 .text.LCD_Write_Data
                0x08000900       0x88 ./Src/bsp_lcd.o
                0x08000900                LCD_Write_Data
 .text.bsp_lcd_get_fb_address
                0x08000988       0x14 ./Src/bsp_lcd_ex.o
                0x08000988                bsp_lcd_get_fb_address
 .text.Convert_RGB888_to_RGB565
                0x0800099c       0x50 ./Src/bsp_lcd_ex.o
                0x0800099c                Convert_RGB888_to_RGB565
 .text.write_to_fb_rgb565
                0x080009ec       0x32 ./Src/bsp_lcd_ex.o
                0x080009ec                write_to_fb_rgb565
 *fill*         0x08000a1e        0x2 
 .text.bsp_lcd_set_fb_background_color
                0x08000a20       0x28 ./Src/bsp_lcd_ex.o
                0x08000a20                bsp_lcd_set_fb_background_color
 .text.bsp_lcd_fill_rect
                0x08000a48       0x78 ./Src/bsp_lcd_ex.o
                0x08000a48                bsp_lcd_fill_rect
 .text.main     0x08000ac0       0xb8 ./Src/main.o
                0x08000ac0                main
 .text.LTDC_Pin_Init
                0x08000b78      0x20c ./Src/main.o
                0x08000b78                LTDC_Pin_Init
 .text.LTDC_Init
                0x08000d84      0x144 ./Src/main.o
                0x08000d84                LTDC_Init
 .text.LTDC_Layer_Init
                0x08000ec8      0x1c0 ./Src/main.o
                0x08000ec8                LTDC_Layer_Init
 .text.SystemClock_Setup
                0x08001088      0x1d8 ./Src/main.o
                0x08001088                SystemClock_Setup
 .text.Reset_Handler
                0x08001260       0x50 ./Startup/startup_stm32f429zitx.o
                0x08001260                Reset_Handler
 .text.Default_Handler
                0x080012b0        0x2 ./Startup/startup_stm32f429zitx.o
                0x080012b0                RTC_Alarm_IRQHandler
                0x080012b0                HASH_RNG_IRQHandler
                0x080012b0                EXTI2_IRQHandler
                0x080012b0                TIM8_CC_IRQHandler
                0x080012b0                DebugMon_Handler
                0x080012b0                UART8_IRQHandler
                0x080012b0                SPI4_IRQHandler
                0x080012b0                TIM1_CC_IRQHandler
                0x080012b0                DMA2_Stream5_IRQHandler
                0x080012b0                HardFault_Handler
                0x080012b0                DMA1_Stream5_IRQHandler
                0x080012b0                SysTick_Handler
                0x080012b0                PVD_IRQHandler
                0x080012b0                SDIO_IRQHandler
                0x080012b0                TAMP_STAMP_IRQHandler
                0x080012b0                PendSV_Handler
                0x080012b0                NMI_Handler
                0x080012b0                CAN2_RX1_IRQHandler
                0x080012b0                EXTI3_IRQHandler
                0x080012b0                TIM8_TRG_COM_TIM14_IRQHandler
                0x080012b0                TIM1_UP_TIM10_IRQHandler
                0x080012b0                TIM8_UP_TIM13_IRQHandler
                0x080012b0                I2C3_ER_IRQHandler
                0x080012b0                LCD_TFT_IRQHandler
                0x080012b0                EXTI0_IRQHandler
                0x080012b0                I2C2_EV_IRQHandler
                0x080012b0                DMA1_Stream2_IRQHandler
                0x080012b0                CAN1_RX0_IRQHandler
                0x080012b0                FPU_IRQHandler
                0x080012b0                OTG_HS_WKUP_IRQHandler
                0x080012b0                UsageFault_Handler
                0x080012b0                CAN2_SCE_IRQHandler
                0x080012b0                DMA2_Stream2_IRQHandler
                0x080012b0                SPI1_IRQHandler
                0x080012b0                TIM6_DAC_IRQHandler
                0x080012b0                TIM1_BRK_TIM9_IRQHandler
                0x080012b0                DCMI_IRQHandler
                0x080012b0                CAN2_RX0_IRQHandler
                0x080012b0                DMA2_Stream3_IRQHandler
                0x080012b0                USART6_IRQHandler
                0x080012b0                USART3_IRQHandler
                0x080012b0                CRYP_IRQHandler
                0x080012b0                CAN1_RX1_IRQHandler
                0x080012b0                UART5_IRQHandler
                0x080012b0                DMA2_Stream0_IRQHandler
                0x080012b0                TIM4_IRQHandler
                0x080012b0                I2C1_EV_IRQHandler
                0x080012b0                DMA1_Stream6_IRQHandler
                0x080012b0                DMA1_Stream1_IRQHandler
                0x080012b0                UART4_IRQHandler
                0x080012b0                LCD_TFT_1_IRQHandler
                0x080012b0                TIM3_IRQHandler
                0x080012b0                RCC_IRQHandler
                0x080012b0                TIM8_BRK_TIM12_IRQHandler
                0x080012b0                Default_Handler
                0x080012b0                EXTI15_10_IRQHandler
                0x080012b0                ADC_IRQHandler
                0x080012b0                DMA1_Stream7_IRQHandler
                0x080012b0                SPI5_IRQHandler
                0x080012b0                TIM7_IRQHandler
                0x080012b0                CAN2_TX_IRQHandler
                0x080012b0                TIM5_IRQHandler
                0x080012b0                DMA2_Stream7_IRQHandler
                0x080012b0                I2C3_EV_IRQHandler
                0x080012b0                EXTI9_5_IRQHandler
                0x080012b0                RTC_WKUP_IRQHandler
                0x080012b0                ETH_WKUP_IRQHandler
                0x080012b0                SPI2_IRQHandler
                0x080012b0                OTG_HS_EP1_IN_IRQHandler
                0x080012b0                MemManage_Handler
                0x080012b0                DMA1_Stream0_IRQHandler
                0x080012b0                CAN1_TX_IRQHandler
                0x080012b0                SVC_Handler
                0x080012b0                EXTI4_IRQHandler
                0x080012b0                ETH_IRQHandler
                0x080012b0                OTG_HS_EP1_OUT_IRQHandler
                0x080012b0                WWDG_IRQHandler
                0x080012b0                SPI6_IRQHandler
                0x080012b0                TIM2_IRQHandler
                0x080012b0                OTG_FS_WKUP_IRQHandler
                0x080012b0                TIM1_TRG_COM_TIM11_IRQHandler
                0x080012b0                OTG_HS_IRQHandler
                0x080012b0                DMA2D_IRQHandler
                0x080012b0                EXTI1_IRQHandler
                0x080012b0                UART7_IRQHandler
                0x080012b0                USART2_IRQHandler
                0x080012b0                I2C2_ER_IRQHandler
                0x080012b0                DMA2_Stream1_IRQHandler
                0x080012b0                CAN1_SCE_IRQHandler
                0x080012b0                FLASH_IRQHandler
                0x080012b0                DMA2_Stream4_IRQHandler
                0x080012b0                BusFault_Handler
                0x080012b0                USART1_IRQHandler
                0x080012b0                OTG_FS_IRQHandler
                0x080012b0                SPI3_IRQHandler
                0x080012b0                DMA1_Stream4_IRQHandler
                0x080012b0                I2C1_ER_IRQHandler
                0x080012b0                FMC_IRQHandler
                0x080012b0                DMA2_Stream6_IRQHandler
                0x080012b0                SAI1_IRQHandler
                0x080012b0                DMA1_Stream3_IRQHandler
 *fill*         0x080012b2        0x2 
 .text.__libc_init_array
                0x080012b4       0x48 C:/ST/STM32CubeIDE_1.16.0/STM32CubeIDE/plugins/com.st.stm32cube.ide.mcu.externaltools.gnu-tools-for-stm32.12.3.rel1.win32_1.0.200.202406191623/tools/bin/../lib/gcc/arm-none-eabi/12.3.1/../../../../arm-none-eabi/lib/thumb/v7e-m/nofp\libc_nano.a(libc_a-init.o)
                0x080012b4                __libc_init_array
 *(.glue_7)
 .glue_7        0x080012fc        0x0 linker stubs
 *(.glue_7t)
 .glue_7t       0x080012fc        0x0 linker stubs
 *(.eh_frame)
 .eh_frame      0x080012fc        0x0 C:/ST/STM32CubeIDE_1.16.0/STM32CubeIDE/plugins/com.st.stm32cube.ide.mcu.externaltools.gnu-tools-for-stm32.12.3.rel1.win32_1.0.200.202406191623/tools/bin/../lib/gcc/arm-none-eabi/12.3.1/thumb/v7e-m/nofp/crtbegin.o
 *(.init)
 .init          0x080012fc        0x4 C:/ST/STM32CubeIDE_1.16.0/STM32CubeIDE/plugins/com.st.stm32cube.ide.mcu.externaltools.gnu-tools-for-stm32.12.3.rel1.win32_1.0.200.202406191623/tools/bin/../lib/gcc/arm-none-eabi/12.3.1/thumb/v7e-m/nofp/crti.o
                0x080012fc                _init
 .init          0x08001300        0x8 C:/ST/STM32CubeIDE_1.16.0/STM32CubeIDE/plugins/com.st.stm32cube.ide.mcu.externaltools.gnu-tools-for-stm32.12.3.rel1.win32_1.0.200.202406191623/tools/bin/../lib/gcc/arm-none-eabi/12.3.1/thumb/v7e-m/nofp/crtn.o
 *(.fini)
 .fini          0x08001308        0x4 C:/ST/STM32CubeIDE_1.16.0/STM32CubeIDE/plugins/com.st.stm32cube.ide.mcu.externaltools.gnu-tools-for-stm32.12.3.rel1.win32_1.0.200.202406191623/tools/bin/../lib/gcc/arm-none-eabi/12.3.1/thumb/v7e-m/nofp/crti.o
                0x08001308                _fini
 .fini          0x0800130c        0x8 C:/ST/STM32CubeIDE_1.16.0/STM32CubeIDE/plugins/com.st.stm32cube.ide.mcu.externaltools.gnu-tools-for-stm32.12.3.rel1.win32_1.0.200.202406191623/tools/bin/../lib/gcc/arm-none-eabi/12.3.1/thumb/v7e-m/nofp/crtn.o
                0x08001314                        . = ALIGN (0x4)
                0x08001314                        _etext = .

.vfp11_veneer   0x08001314        0x0
 .vfp11_veneer  0x08001314        0x0 linker stubs

.v4_bx          0x08001314        0x0
 .v4_bx         0x08001314        0x0 linker stubs

.iplt           0x08001314        0x0
 .iplt          0x08001314        0x0 C:/ST/STM32CubeIDE_1.16.0/STM32CubeIDE/plugins/com.st.stm32cube.ide.mcu.externaltools.gnu-tools-for-stm32.12.3.rel1.win32_1.0.200.202406191623/tools/bin/../lib/gcc/arm-none-eabi/12.3.1/thumb/v7e-m/nofp/crtbegin.o

.rodata         0x08001314       0x30
                0x08001314                        . = ALIGN (0x4)
 *(.rodata)
 *(.rodata*)
 .rodata.ltdc_pins
                0x08001314       0x16 ./Src/bsp_lcd.o
                0x08001314                ltdc_pins
 *fill*         0x0800132a        0x2 
 .rodata.ltdc_af_values
                0x0800132c       0x16 ./Src/bsp_lcd.o
                0x0800132c                ltdc_af_values
 .rodata.total_ltdc_pins
                0x08001342        0x1 ./Src/bsp_lcd.o
                0x08001342                total_ltdc_pins
                0x08001344                        . = ALIGN (0x4)
 *fill*         0x08001343        0x1 

.rel.dyn        0x08001344        0x0
 .rel.iplt      0x08001344        0x0 C:/ST/STM32CubeIDE_1.16.0/STM32CubeIDE/plugins/com.st.stm32cube.ide.mcu.externaltools.gnu-tools-for-stm32.12.3.rel1.win32_1.0.200.202406191623/tools/bin/../lib/gcc/arm-none-eabi/12.3.1/thumb/v7e-m/nofp/crtbegin.o

.ARM.extab      0x08001344        0x0
                0x08001344                        . = ALIGN (0x4)
 *(.ARM.extab* .gnu.linkonce.armextab.*)
                0x08001344                        . = ALIGN (0x4)

.ARM            0x08001344        0x0
                0x08001344                        . = ALIGN (0x4)
                0x08001344                        __exidx_start = .
 *(.ARM.exidx*)
                0x08001344                        __exidx_end = .
                0x08001344                        . = ALIGN (0x4)

.preinit_array  0x08001344        0x0
                0x08001344                        . = ALIGN (0x4)
                0x08001344                        PROVIDE (__preinit_array_start = .)
 *(.preinit_array*)
                0x08001344                        PROVIDE (__preinit_array_end = .)
                0x08001344                        . = ALIGN (0x4)

.init_array     0x08001344        0x4
                0x08001344                        . = ALIGN (0x4)
                0x08001344                        PROVIDE (__init_array_start = .)
 *(SORT_BY_NAME(.init_array.*))
 *(.init_array*)
 .init_array    0x08001344        0x4 C:/ST/STM32CubeIDE_1.16.0/STM32CubeIDE/plugins/com.st.stm32cube.ide.mcu.externaltools.gnu-tools-for-stm32.12.3.rel1.win32_1.0.200.202406191623/tools/bin/../lib/gcc/arm-none-eabi/12.3.1/thumb/v7e-m/nofp/crtbegin.o
                0x08001348                        PROVIDE (__init_array_end = .)
                0x08001348                        . = ALIGN (0x4)

.fini_array     0x08001348        0x4
                0x08001348                        . = ALIGN (0x4)
                [!provide]                        PROVIDE (__fini_array_start = .)
 *(SORT_BY_NAME(.fini_array.*))
 *(.fini_array*)
 .fini_array    0x08001348        0x4 C:/ST/STM32CubeIDE_1.16.0/STM32CubeIDE/plugins/com.st.stm32cube.ide.mcu.externaltools.gnu-tools-for-stm32.12.3.rel1.win32_1.0.200.202406191623/tools/bin/../lib/gcc/arm-none-eabi/12.3.1/thumb/v7e-m/nofp/crtbegin.o
                [!provide]                        PROVIDE (__fini_array_end = .)
                0x0800134c                        . = ALIGN (0x4)
                0x0800134c                        _sidata = LOADADDR (.data)

.data           0x20000000       0x58 load address 0x0800134c
                0x20000000                        . = ALIGN (0x4)
                0x20000000                        _sdata = .
 *(.data)
 *(.data*)
 .data.ltdc_io_ports
                0x20000000       0x58 ./Src/bsp_lcd.o
                0x20000000                ltdc_io_ports
 *(.RamFunc)
 *(.RamFunc*)
                0x20000058                        . = ALIGN (0x4)
                0x20000058                        _edata = .
                0x080013a4                        _siccmram = LOADADDR (.ccmram)

.igot.plt       0x20000058        0x0 load address 0x080013a4
 .igot.plt      0x20000058        0x0 C:/ST/STM32CubeIDE_1.16.0/STM32CubeIDE/plugins/com.st.stm32cube.ide.mcu.externaltools.gnu-tools-for-stm32.12.3.rel1.win32_1.0.200.202406191623/tools/bin/../lib/gcc/arm-none-eabi/12.3.1/thumb/v7e-m/nofp/crtbegin.o

.ccmram         0x10000000        0x0 load address 0x080013a4
                0x10000000                        . = ALIGN (0x4)
                0x10000000                        _sccmram = .
 *(.ccmram)
 *(.ccmram*)
                0x10000000                        . = ALIGN (0x4)
                0x10000000                        _eccmram = .
                0x10000000                        . = ALIGN (0x4)

.bss            0x20000058    0x2581c
                0x20000058                        _sbss = .
                0x20000058                        __bss_start__ = _sbss
 *(.bss)
 .bss           0x20000058       0x1c C:/ST/STM32CubeIDE_1.16.0/STM32CubeIDE/plugins/com.st.stm32cube.ide.mcu.externaltools.gnu-tools-for-stm32.12.3.rel1.win32_1.0.200.202406191623/tools/bin/../lib/gcc/arm-none-eabi/12.3.1/thumb/v7e-m/nofp/crtbegin.o
 *(.bss*)
 .bss.bsp_fb    0x20000074    0x25800 ./Src/bsp_lcd_ex.o
                0x20000074                bsp_fb
 *(COMMON)
                0x20025874                        . = ALIGN (0x4)
                0x20025874                        _ebss = .
                0x20025874                        __bss_end__ = _ebss

._user_heap_stack
                0x20025874      0x604
                0x20025878                        . = ALIGN (0x8)
 *fill*         0x20025874        0x4 
                [!provide]                        PROVIDE (end = .)
                0x20025878                        PROVIDE (_end = .)
                0x20025a78                        . = (. + _Min_Heap_Size)
 *fill*         0x20025878      0x200 
                0x20025e78                        . = (. + _Min_Stack_Size)
 *fill*         0x20025a78      0x400 
                0x20025e78                        . = ALIGN (0x8)

/DISCARD/
 libc.a(*)
 libm.a(*)
 libgcc.a(*)

.ARM.attributes
                0x00000000       0x2a
 *(.ARM.attributes)
 .ARM.attributes
                0x00000000       0x1e C:/ST/STM32CubeIDE_1.16.0/STM32CubeIDE/plugins/com.st.stm32cube.ide.mcu.externaltools.gnu-tools-for-stm32.12.3.rel1.win32_1.0.200.202406191623/tools/bin/../lib/gcc/arm-none-eabi/12.3.1/thumb/v7e-m/nofp/crti.o
 .ARM.attributes
                0x0000001e       0x2e C:/ST/STM32CubeIDE_1.16.0/STM32CubeIDE/plugins/com.st.stm32cube.ide.mcu.externaltools.gnu-tools-for-stm32.12.3.rel1.win32_1.0.200.202406191623/tools/bin/../lib/gcc/arm-none-eabi/12.3.1/thumb/v7e-m/nofp/crtbegin.o
 .ARM.attributes
                0x0000004c       0x2e ./Src/bsp_lcd.o
 .ARM.attributes
                0x0000007a       0x2e ./Src/bsp_lcd_ex.o
 .ARM.attributes
                0x000000a8       0x2e ./Src/main.o
 .ARM.attributes
                0x000000d6       0x21 ./Startup/startup_stm32f429zitx.o
 .ARM.attributes
                0x000000f7       0x2e C:/ST/STM32CubeIDE_1.16.0/STM32CubeIDE/plugins/com.st.stm32cube.ide.mcu.externaltools.gnu-tools-for-stm32.12.3.rel1.win32_1.0.200.202406191623/tools/bin/../lib/gcc/arm-none-eabi/12.3.1/../../../../arm-none-eabi/lib/thumb/v7e-m/nofp\libc_nano.a(libc_a-init.o)
 .ARM.attributes
                0x00000125       0x1e C:/ST/STM32CubeIDE_1.16.0/STM32CubeIDE/plugins/com.st.stm32cube.ide.mcu.externaltools.gnu-tools-for-stm32.12.3.rel1.win32_1.0.200.202406191623/tools/bin/../lib/gcc/arm-none-eabi/12.3.1/thumb/v7e-m/nofp/crtn.o
OUTPUT(F429x_Vibgyor_bars.elf elf32-littlearm)
LOAD linker stubs
LOAD C:/ST/STM32CubeIDE_1.16.0/STM32CubeIDE/plugins/com.st.stm32cube.ide.mcu.externaltools.gnu-tools-for-stm32.12.3.rel1.win32_1.0.200.202406191623/tools/bin/../lib/gcc/arm-none-eabi/12.3.1/../../../../arm-none-eabi/lib/thumb/v7e-m/nofp\libc.a
LOAD C:/ST/STM32CubeIDE_1.16.0/STM32CubeIDE/plugins/com.st.stm32cube.ide.mcu.externaltools.gnu-tools-for-stm32.12.3.rel1.win32_1.0.200.202406191623/tools/bin/../lib/gcc/arm-none-eabi/12.3.1/../../../../arm-none-eabi/lib/thumb/v7e-m/nofp\libm.a
LOAD C:/ST/STM32CubeIDE_1.16.0/STM32CubeIDE/plugins/com.st.stm32cube.ide.mcu.externaltools.gnu-tools-for-stm32.12.3.rel1.win32_1.0.200.202406191623/tools/bin/../lib/gcc/arm-none-eabi/12.3.1/thumb/v7e-m/nofp\libgcc.a

.debug_info     0x00000000     0x10a3
 .debug_info    0x00000000      0x66f ./Src/bsp_lcd.o
 .debug_info    0x0000066f      0x27d ./Src/bsp_lcd_ex.o
 .debug_info    0x000008ec      0x787 ./Src/main.o
 .debug_info    0x00001073       0x30 ./Startup/startup_stm32f429zitx.o

.debug_abbrev   0x00000000      0x4d2
 .debug_abbrev  0x00000000      0x1ef ./Src/bsp_lcd.o
 .debug_abbrev  0x000001ef      0x122 ./Src/bsp_lcd_ex.o
 .debug_abbrev  0x00000311      0x19d ./Src/main.o
 .debug_abbrev  0x000004ae       0x24 ./Startup/startup_stm32f429zitx.o

.debug_aranges  0x00000000      0x120
 .debug_aranges
                0x00000000       0x68 ./Src/bsp_lcd.o
 .debug_aranges
                0x00000068       0x50 ./Src/bsp_lcd_ex.o
 .debug_aranges
                0x000000b8       0x40 ./Src/main.o
 .debug_aranges
                0x000000f8       0x28 ./Startup/startup_stm32f429zitx.o

.debug_rnglists
                0x00000000       0xcf
 .debug_rnglists
                0x00000000       0x4f ./Src/bsp_lcd.o
 .debug_rnglists
                0x0000004f       0x37 ./Src/bsp_lcd_ex.o
 .debug_rnglists
                0x00000086       0x30 ./Src/main.o
 .debug_rnglists
                0x000000b6       0x19 ./Startup/startup_stm32f429zitx.o

.debug_macro    0x00000000    0x3237a
 .debug_macro   0x00000000      0x219 ./Src/bsp_lcd.o
 .debug_macro   0x00000219      0xab4 ./Src/bsp_lcd.o
 .debug_macro   0x00000ccd       0x4c ./Src/bsp_lcd.o
 .debug_macro   0x00000d19       0x22 ./Src/bsp_lcd.o
 .debug_macro   0x00000d3b       0x8e ./Src/bsp_lcd.o
 .debug_macro   0x00000dc9       0x51 ./Src/bsp_lcd.o
 .debug_macro   0x00000e1a      0x103 ./Src/bsp_lcd.o
 .debug_macro   0x00000f1d       0x6a ./Src/bsp_lcd.o
 .debug_macro   0x00000f87      0x1df ./Src/bsp_lcd.o
 .debug_macro   0x00001166    0x17fc7 ./Src/bsp_lcd.o
 .debug_macro   0x0001912d       0x40 ./Src/bsp_lcd.o
 .debug_macro   0x0001916d       0x61 ./Src/bsp_lcd.o
 .debug_macro   0x000191ce       0x24 ./Src/bsp_lcd.o
 .debug_macro   0x000191f2       0x43 ./Src/bsp_lcd.o
 .debug_macro   0x00019235       0x34 ./Src/bsp_lcd.o
 .debug_macro   0x00019269       0x16 ./Src/bsp_lcd.o
 .debug_macro   0x0001927f       0x9e ./Src/bsp_lcd.o
 .debug_macro   0x0001931d      0x369 ./Src/bsp_lcd.o
 .debug_macro   0x00019686      0x10b ./Src/bsp_lcd.o
 .debug_macro   0x00019791       0x10 ./Src/bsp_lcd.o
 .debug_macro   0x000197a1       0x16 ./Src/bsp_lcd.o
 .debug_macro   0x000197b7       0x43 ./Src/bsp_lcd.o
 .debug_macro   0x000197fa       0x34 ./Src/bsp_lcd.o
 .debug_macro   0x0001982e       0x10 ./Src/bsp_lcd.o
 .debug_macro   0x0001983e       0x58 ./Src/bsp_lcd.o
 .debug_macro   0x00019896       0x8e ./Src/bsp_lcd.o
 .debug_macro   0x00019924       0x1c ./Src/bsp_lcd.o
 .debug_macro   0x00019940      0x177 ./Src/bsp_lcd.o
 .debug_macro   0x00019ab7       0x16 ./Src/bsp_lcd.o
 .debug_macro   0x00019acd       0x16 ./Src/bsp_lcd.o
 .debug_macro   0x00019ae3      0x146 ./Src/bsp_lcd.o
 .debug_macro   0x00019c29      0x1f0 ./Src/bsp_lcd.o
 .debug_macro   0x00019e19      0x172 ./Src/bsp_lcd.o
 .debug_macro   0x00019f8b       0xa0 ./Src/bsp_lcd.o
 .debug_macro   0x0001a02b      0x18b ./Src/bsp_lcd_ex.o
 .debug_macro   0x0001a1b6      0x1b5 ./Src/main.o
 .debug_macro   0x0001a36b    0x1800f ./Src/main.o

.debug_line     0x00000000     0x16cd
 .debug_line    0x00000000      0x880 ./Src/bsp_lcd.o
 .debug_line    0x00000880      0x6a2 ./Src/bsp_lcd_ex.o
 .debug_line    0x00000f22      0x730 ./Src/main.o
 .debug_line    0x00001652       0x7b ./Startup/startup_stm32f429zitx.o

.debug_str      0x00000000    0x9127b
 .debug_str     0x00000000    0x90e92 ./Src/bsp_lcd.o
                              0x9109c (size before relaxing)
 .debug_str     0x00090e92      0x139 ./Src/bsp_lcd_ex.o
                              0x90c91 (size before relaxing)
 .debug_str     0x00090fcb      0x271 ./Src/main.o
                              0x90f9b (size before relaxing)
 .debug_str     0x0009123c       0x3f ./Startup/startup_stm32f429zitx.o
                                 0xa7 (size before relaxing)

.comment        0x00000000       0x43
 .comment       0x00000000       0x43 ./Src/bsp_lcd.o
                                 0x44 (size before relaxing)
 .comment       0x00000043       0x44 ./Src/bsp_lcd_ex.o
 .comment       0x00000043       0x44 ./Src/main.o

.debug_frame    0x00000000      0x3a0
 .debug_frame   0x00000000      0x190 ./Src/bsp_lcd.o
 .debug_frame   0x00000190      0x118 ./Src/bsp_lcd_ex.o
 .debug_frame   0x000002a8       0xcc ./Src/main.o
 .debug_frame   0x00000374       0x2c C:/ST/STM32CubeIDE_1.16.0/STM32CubeIDE/plugins/com.st.stm32cube.ide.mcu.externaltools.gnu-tools-for-stm32.12.3.rel1.win32_1.0.200.202406191623/tools/bin/../lib/gcc/arm-none-eabi/12.3.1/../../../../arm-none-eabi/lib/thumb/v7e-m/nofp\libc_nano.a(libc_a-init.o)

.debug_line_str
                0x00000000       0x8b
 .debug_line_str
                0x00000000       0x8b ./Startup/startup_stm32f429zitx.o
