../lvgl/src/widgets/canvas/../img/../../core/../misc/../font/../misc/lv_area.h:110:20:lv_area_copy	16	static
../lvgl/src/widgets/canvas/../img/../../core/../misc/lv_mem.h:82:20:lv_memzero	16	static
../lvgl/src/widgets/canvas/../img/../../core/../misc/lv_color.h:603:26:lv_color_make	16	static
../lvgl/src/widgets/canvas/../img/../../core/../misc/lv_color.h:699:26:lv_color_white	8	static
../lvgl/src/widgets/canvas/../img/../../core/lv_obj_style_gen.h:349:26:lv_obj_get_style_img_recolor	24	static
../lvgl/src/widgets/canvas/lv_canvas.c:53:12:lv_canvas_create	24	static
../lvgl/src/widgets/canvas/lv_canvas.c:65:6:lv_canvas_set_buffer	32	static
../lvgl/src/widgets/canvas/lv_canvas.c:81:6:lv_canvas_set_px_color	32	static
../lvgl/src/widgets/canvas/lv_canvas.c:91:6:lv_canvas_set_px_opa	32	static
../lvgl/src/widgets/canvas/lv_canvas.c:101:6:lv_canvas_set_palette	24	static
../lvgl/src/widgets/canvas/lv_canvas.c:115:12:lv_canvas_get_px	24	static
../lvgl/src/widgets/canvas/lv_canvas.c:125:16:lv_canvas_get_img	24	static
../lvgl/src/widgets/canvas/lv_canvas.c:137:6:lv_canvas_copy_buf	48	static
../lvgl/src/widgets/canvas/lv_canvas.c:160:6:lv_canvas_transform	120	static
../lvgl/src/widgets/canvas/lv_canvas.c:228:6:lv_canvas_blur_hor	104	static
../lvgl/src/widgets/canvas/lv_canvas.c:338:6:lv_canvas_blur_ver	104	static
../lvgl/src/widgets/canvas/lv_canvas.c:453:6:lv_canvas_fill_bg	40	static
../lvgl/src/widgets/canvas/lv_canvas.c:482:6:lv_canvas_draw_rect	488	static
../lvgl/src/widgets/canvas/lv_canvas.c:526:6:lv_canvas_draw_text	488	static
../lvgl/src/widgets/canvas/lv_canvas.c:562:6:lv_canvas_draw_img	488	static
../lvgl/src/widgets/canvas/lv_canvas.c:605:6:lv_canvas_draw_line	480	static
../lvgl/src/widgets/canvas/lv_canvas.c:647:6:lv_canvas_draw_polygon	480	static
../lvgl/src/widgets/canvas/lv_canvas.c:685:6:lv_canvas_draw_arc	488	static
../lvgl/src/widgets/canvas/lv_canvas.c:732:13:lv_canvas_constructor	24	static
../lvgl/src/widgets/canvas/lv_canvas.c:751:13:lv_canvas_destructor	24	static
../lvgl/src/widgets/canvas/lv_canvas.c:761:13:init_fake_disp	32	static
../lvgl/src/widgets/canvas/lv_canvas.c:808:13:deinit_fake_disp	16	static
