../lvgl/src/widgets/roller/../../core/../misc/../font/lv_font.h:124:26:lv_font_get_line_height	16	static
../lvgl/src/widgets/roller/../../core/../misc/lv_anim.h:127:20:lv_anim_set_var	16	static
../lvgl/src/widgets/roller/../../core/../misc/lv_anim.h:139:20:lv_anim_set_exec_cb	16	static
../lvgl/src/widgets/roller/../../core/../misc/lv_anim.h:149:20:lv_anim_set_time	16	static
../lvgl/src/widgets/roller/../../core/../misc/lv_anim.h:170:20:lv_anim_set_values	24	static
../lvgl/src/widgets/roller/../../core/../misc/lv_anim.h:197:20:lv_anim_set_path_cb	16	static
../lvgl/src/widgets/roller/../../core/../misc/lv_anim.h:228:20:lv_anim_set_ready_cb	16	static
../lvgl/src/widgets/roller/../../core/lv_obj_style_gen.h:115:26:lv_obj_get_style_pad_left	24	static
../lvgl/src/widgets/roller/../../core/lv_obj_style_gen.h:121:26:lv_obj_get_style_pad_right	24	static
../lvgl/src/widgets/roller/../../core/lv_obj_style_gen.h:253:26:lv_obj_get_style_border_width	24	static
../lvgl/src/widgets/roller/../../core/lv_obj_style_gen.h:463:33:lv_obj_get_style_text_font	24	static
../lvgl/src/widgets/roller/../../core/lv_obj_style_gen.h:469:26:lv_obj_get_style_text_letter_space	24	static
../lvgl/src/widgets/roller/../../core/lv_obj_style_gen.h:475:26:lv_obj_get_style_text_line_space	24	static
../lvgl/src/widgets/roller/../../core/lv_obj_style_gen.h:529:24:lv_obj_get_style_anim_time	24	static
../lvgl/src/widgets/roller/lv_roller.c:79:12:lv_roller_create	32	static
../lvgl/src/widgets/roller/lv_roller.c:97:6:lv_roller_set_options	80	static
../lvgl/src/widgets/roller/lv_roller.c:159:6:lv_roller_set_selected	32	static
../lvgl/src/widgets/roller/lv_roller.c:198:6:lv_roller_set_visible_row_count	24	static
../lvgl/src/widgets/roller/lv_roller.c:217:10:lv_roller_get_selected	24	static
../lvgl/src/widgets/roller/lv_roller.c:237:6:lv_roller_get_selected_str	64	static
../lvgl/src/widgets/roller/lv_roller.c:270:14:lv_roller_get_options	16	static
../lvgl/src/widgets/roller/lv_roller.c:283:10:lv_roller_get_option_cnt	24	static
../lvgl/src/widgets/roller/lv_roller.c:301:13:lv_roller_constructor	32	static
../lvgl/src/widgets/roller/lv_roller.c:322:13:lv_roller_event	72	static
../lvgl/src/widgets/roller/lv_roller.c:425:13:lv_roller_label_event	40	static
../lvgl/src/widgets/roller/lv_roller.c:457:13:draw_main	200	static
../lvgl/src/widgets/roller/lv_roller.c:530:13:draw_label	112	static
../lvgl/src/widgets/roller/lv_roller.c:578:13:get_sel_area	48	static
../lvgl/src/widgets/roller/lv_roller.c:602:13:refr_position	144	static
../lvgl/src/widgets/roller/lv_roller.c:662:17:release_handler	104	static
../lvgl/src/widgets/roller/lv_roller.c:739:13:inf_normalize	48	static
../lvgl/src/widgets/roller/lv_roller.c:767:19:get_label	16	static
../lvgl/src/widgets/roller/lv_roller.c:773:19:get_selected_label_width	56	static
../lvgl/src/widgets/roller/lv_roller.c:786:13:scroll_anim_ready_cb	24	static
../lvgl/src/widgets/roller/lv_roller.c:793:13:set_y_anim	16	static
