../lvgl/src/widgets/canvas/../img/../../core/../misc/../font/../misc/lv_area.h:110:20:lv_area_copy	16	static
../lvgl/src/widgets/canvas/../img/../../core/../misc/lv_mem.h:82:20:lv_memzero	16	static
../lvgl/src/widgets/canvas/../img/../../core/../misc/lv_color.h:603:26:lv_color_make	16	static
../lvgl/src/widgets/canvas/../img/../../core/../misc/lv_color.h:699:26:lv_color_white	8	static
../lvgl/src/widgets/canvas/../img/../../core/lv_obj_style_gen.h:349:26:lv_obj_get_style_img_recolor	24	static
../lvgl/src/widgets/canvas/lv_canvas.c:53:12:lv_canvas_create	32	static
../lvgl/src/widgets/canvas/lv_canvas.c:65:6:lv_canvas_set_buffer	48	static
../lvgl/src/widgets/canvas/lv_canvas.c:81:6:lv_canvas_set_px_color	32	static
../lvgl/src/widgets/canvas/lv_canvas.c:91:6:lv_canvas_set_px_opa	32	static
../lvgl/src/widgets/canvas/lv_canvas.c:101:6:lv_canvas_set_palette	24	static
../lvgl/src/widgets/canvas/lv_canvas.c:115:12:lv_canvas_get_px	24	static
../lvgl/src/widgets/canvas/lv_canvas.c:125:16:lv_canvas_get_img	24	static
../lvgl/src/widgets/canvas/lv_canvas.c:137:6:lv_canvas_copy_buf	64	static
../lvgl/src/widgets/canvas/lv_canvas.c:160:6:lv_canvas_transform	120	static
../lvgl/src/widgets/canvas/lv_canvas.c:225:6:lv_canvas_blur_hor	104	static
../lvgl/src/widgets/canvas/lv_canvas.c:335:6:lv_canvas_blur_ver	104	static
../lvgl/src/widgets/canvas/lv_canvas.c:450:6:lv_canvas_fill_bg	40	static
../lvgl/src/widgets/canvas/lv_canvas.c:479:6:lv_canvas_draw_rect	496	static
../lvgl/src/widgets/canvas/lv_canvas.c:523:6:lv_canvas_draw_text	496	static
../lvgl/src/widgets/canvas/lv_canvas.c:559:6:lv_canvas_draw_img	504	static
../lvgl/src/widgets/canvas/lv_canvas.c:602:6:lv_canvas_draw_line	496	static
../lvgl/src/widgets/canvas/lv_canvas.c:644:6:lv_canvas_draw_polygon	488	static
../lvgl/src/widgets/canvas/lv_canvas.c:682:6:lv_canvas_draw_arc	488	static
../lvgl/src/widgets/canvas/lv_canvas.c:729:13:lv_canvas_constructor	24	static
../lvgl/src/widgets/canvas/lv_canvas.c:748:13:lv_canvas_destructor	24	static
../lvgl/src/widgets/canvas/lv_canvas.c:758:13:init_fake_disp	48	static
../lvgl/src/widgets/canvas/lv_canvas.c:805:13:deinit_fake_disp	16	static
