../lvgl/src/widgets/chart/../../../src/hal/../draw/../misc/../font/../misc/lv_area.h:110:20:lv_area_copy	16	static
../lvgl/src/widgets/chart/../../../src/core/lv_obj_style_gen.h:1:26:lv_obj_get_style_width	24	static
../lvgl/src/widgets/chart/../../../src/core/lv_obj_style_gen.h:19:26:lv_obj_get_style_height	24	static
../lvgl/src/widgets/chart/../../../src/core/lv_obj_style_gen.h:103:26:lv_obj_get_style_pad_top	24	static
../lvgl/src/widgets/chart/../../../src/core/lv_obj_style_gen.h:109:26:lv_obj_get_style_pad_bottom	24	static
../lvgl/src/widgets/chart/../../../src/core/lv_obj_style_gen.h:115:26:lv_obj_get_style_pad_left	24	static
../lvgl/src/widgets/chart/../../../src/core/lv_obj_style_gen.h:121:26:lv_obj_get_style_pad_right	24	static
../lvgl/src/widgets/chart/../../../src/core/lv_obj_style_gen.h:133:26:lv_obj_get_style_pad_column	24	static
../lvgl/src/widgets/chart/../../../src/core/lv_obj_style_gen.h:247:24:lv_obj_get_style_border_opa	24	static
../lvgl/src/widgets/chart/../../../src/core/lv_obj_style_gen.h:253:26:lv_obj_get_style_border_width	24	static
../lvgl/src/widgets/chart/../../../src/core/lv_obj_style_gen.h:259:32:lv_obj_get_style_border_side	24	static
../lvgl/src/widgets/chart/../../../src/core/lv_obj_style_gen.h:367:26:lv_obj_get_style_line_width	24	static
../lvgl/src/widgets/chart/lv_chart.c:67:12:lv_chart_create	32	static
../lvgl/src/widgets/chart/lv_chart.c:75:6:lv_chart_set_type	48	static
../lvgl/src/widgets/chart/lv_chart.c:104:6:lv_chart_set_point_count	24	static
../lvgl/src/widgets/chart/lv_chart.c:128:6:lv_chart_set_range	40	static
../lvgl/src/widgets/chart/lv_chart.c:160:6:lv_chart_set_update_mode	24	static
../lvgl/src/widgets/chart/lv_chart.c:171:6:lv_chart_set_div_line_count	24	static
../lvgl/src/widgets/chart/lv_chart.c:185:6:lv_chart_set_zoom_x	24	static
../lvgl/src/widgets/chart/lv_chart.c:199:6:lv_chart_set_zoom_y	24	static
../lvgl/src/widgets/chart/lv_chart.c:213:10:lv_chart_get_zoom_x	24	static
../lvgl/src/widgets/chart/lv_chart.c:221:10:lv_chart_get_zoom_y	24	static
../lvgl/src/widgets/chart/lv_chart.c:229:6:lv_chart_set_axis_tick	32	static
../lvgl/src/widgets/chart/lv_chart.c:246:17:lv_chart_get_type	24	static
../lvgl/src/widgets/chart/lv_chart.c:254:10:lv_chart_get_point_count	24	static
../lvgl/src/widgets/chart/lv_chart.c:262:10:lv_chart_get_x_start_point	32	static
../lvgl/src/widgets/chart/lv_chart.c:270:6:lv_chart_get_point_pos_by_id	80	static
../lvgl/src/widgets/chart/lv_chart.c:330:6:lv_chart_refresh	16	static
../lvgl/src/widgets/chart/lv_chart.c:341:21:lv_chart_add_series	56	static
../lvgl/src/widgets/chart/lv_chart.c:384:6:lv_chart_remove_series	40	static
../lvgl/src/widgets/chart/lv_chart.c:398:6:lv_chart_hide_series	40	static
../lvgl/src/widgets/chart/lv_chart.c:408:6:lv_chart_set_series_color	40	static
../lvgl/src/widgets/chart/lv_chart.c:417:6:lv_chart_set_x_start_point	48	static
../lvgl/src/widgets/chart/lv_chart.c:427:21:lv_chart_get_series_next	24	static
../lvgl/src/widgets/chart/lv_chart.c:447:22:lv_chart_add_cursor	40	static
../lvgl/src/widgets/chart/lv_chart.c:473:6:lv_chart_set_cursor_pos	40	static
../lvgl/src/widgets/chart/lv_chart.c:492:6:lv_chart_set_cursor_point	40	static
../lvgl/src/widgets/chart/lv_chart.c:510:12:lv_chart_get_cursor_point	40	static
../lvgl/src/widgets/chart/lv_chart.c:523:6:lv_chart_set_all_value	48	static
../lvgl/src/widgets/chart/lv_chart.c:537:6:lv_chart_set_next_value	48	static
../lvgl/src/widgets/chart/lv_chart.c:549:6:lv_chart_set_next_value2	48	static
../lvgl/src/widgets/chart/lv_chart.c:567:6:lv_chart_set_value_by_id	48	static
../lvgl/src/widgets/chart/lv_chart.c:578:6:lv_chart_set_value_by_id2	48	static
../lvgl/src/widgets/chart/lv_chart.c:596:6:lv_chart_set_ext_y_array	40	static
../lvgl/src/widgets/chart/lv_chart.c:607:6:lv_chart_set_ext_x_array	40	static
../lvgl/src/widgets/chart/lv_chart.c:618:14:lv_chart_get_y_array	32	static
../lvgl/src/widgets/chart/lv_chart.c:626:14:lv_chart_get_x_array	32	static
../lvgl/src/widgets/chart/lv_chart.c:634:10:lv_chart_get_pressed_point	24	static
../lvgl/src/widgets/chart/lv_chart.c:644:13:lv_chart_constructor	24	static
../lvgl/src/widgets/chart/lv_chart.c:675:13:lv_chart_destructor	32	static
../lvgl/src/widgets/chart/lv_chart.c:703:13:lv_chart_event	56	static
../lvgl/src/widgets/chart/lv_chart.c:762:13:draw_div_lines	160	static
../lvgl/src/widgets/chart/lv_chart.c:870:13:draw_series_line	264	static
../lvgl/src/widgets/chart/lv_chart.c:1039:13:draw_series_scatter	248	static
../lvgl/src/widgets/chart/lv_chart.c:1182:13:draw_series_bar	232	static
../lvgl/src/widgets/chart/lv_chart.c:1267:13:draw_cursors	280	static
../lvgl/src/widgets/chart/lv_chart.c:1384:13:draw_y_ticks	248	static
../lvgl/src/widgets/chart/lv_chart.c:1515:13:draw_x_ticks	248	static
../lvgl/src/widgets/chart/lv_chart.c:1652:13:draw_axes	16	static
../lvgl/src/widgets/chart/lv_chart.c:1666:17:get_index_from_x	24	static
../lvgl/src/widgets/chart/lv_chart.c:1681:13:invalidate_point	72	static
../lvgl/src/widgets/chart/lv_chart.c:1743:13:new_points_alloc	56	static
../lvgl/src/widgets/chart/lv_chart.c:1789:23:get_tick_gsc	24	static
