C:/Users/shrey/STM32CubeIDE/EmbeddedGraphicsLVGL-MCU3/Projects/003_RGB_Mixer/3_32F407DISCOVERY/lvgl/src/hal/../draw/../misc/lv_color.h:603:26:lv_color_make	16	static
C:/Users/shrey/STM32CubeIDE/EmbeddedGraphicsLVGL-MCU3/Projects/003_RGB_Mixer/3_32F407DISCOVERY/lvgl/src/hal/../draw/../misc/lv_color.h:703:26:lv_color_black	8	static
C:/Users/shrey/STM32CubeIDE/EmbeddedGraphicsLVGL-MCU3/Projects/003_RGB_Mixer/3_32F407DISCOVERY/lvgl/src/core/lv_disp.h:184:26:lv_scr_act	8	static
C:/Users/shrey/STM32CubeIDE/EmbeddedGraphicsLVGL-MCU3/Projects/003_RGB_Mixer/3_32F407DISCOVERY/lvgl/src/widgets/slider/lv_slider.h:104:20:lv_slider_set_range	24	static
C:/Users/shrey/STM32CubeIDE/EmbeddedGraphicsLVGL-MCU3/Projects/003_RGB_Mixer/3_32F407DISCOVERY/lvgl/src/widgets/slider/lv_slider.h:128:23:lv_slider_get_value	16	static
../Core/Src/rgb_mixer.c:13:6:slider_callback	40	static
../Core/Src/rgb_mixer.c:33:6:rgb_mixer_create_ui	40	static
