../lvgl/src/widgets/bar/../../core/../misc/../font/../misc/lv_area.h:110:20:lv_area_copy	16	static
../lvgl/src/widgets/bar/../../core/../misc/../font/../misc/lv_area.h:123:26:lv_area_get_width	16	static
../lvgl/src/widgets/bar/../../core/../misc/../font/../misc/lv_area.h:133:26:lv_area_get_height	16	static
../lvgl/src/widgets/bar/../../core/../misc/lv_anim.h:127:20:lv_anim_set_var	16	static
../lvgl/src/widgets/bar/../../core/../misc/lv_anim.h:139:20:lv_anim_set_exec_cb	16	static
../lvgl/src/widgets/bar/../../core/../misc/lv_anim.h:149:20:lv_anim_set_time	16	static
../lvgl/src/widgets/bar/../../core/../misc/lv_anim.h:170:20:lv_anim_set_values	24	static
../lvgl/src/widgets/bar/../../core/../misc/lv_anim.h:228:20:lv_anim_set_ready_cb	16	static
../lvgl/src/widgets/bar/../../core/lv_obj_style_gen.h:55:26:lv_obj_get_style_transform_width	24	static
../lvgl/src/widgets/bar/../../core/lv_obj_style_gen.h:61:26:lv_obj_get_style_transform_height	24	static
../lvgl/src/widgets/bar/../../core/lv_obj_style_gen.h:103:26:lv_obj_get_style_pad_top	24	static
../lvgl/src/widgets/bar/../../core/lv_obj_style_gen.h:109:26:lv_obj_get_style_pad_bottom	24	static
../lvgl/src/widgets/bar/../../core/lv_obj_style_gen.h:115:26:lv_obj_get_style_pad_left	24	static
../lvgl/src/widgets/bar/../../core/lv_obj_style_gen.h:121:26:lv_obj_get_style_pad_right	24	static
../lvgl/src/widgets/bar/../../core/lv_obj_style_gen.h:493:26:lv_obj_get_style_radius	24	static
../lvgl/src/widgets/bar/../../core/lv_obj_style_gen.h:529:24:lv_obj_get_style_anim_time	24	static
../lvgl/src/widgets/bar/../../core/lv_obj_style_gen.h:559:29:lv_obj_get_style_base_dir	24	static
../lvgl/src/widgets/bar/lv_bar.c:78:12:lv_bar_create	32	static
../lvgl/src/widgets/bar/lv_bar.c:90:6:lv_bar_set_value	40	static
../lvgl/src/widgets/bar/lv_bar.c:104:6:lv_bar_set_start_value	40	static
../lvgl/src/widgets/bar/lv_bar.c:121:6:lv_bar_set_range	48	static
../lvgl/src/widgets/bar/lv_bar.c:151:6:lv_bar_set_mode	24	static
../lvgl/src/widgets/bar/lv_bar.c:168:9:lv_bar_get_value	24	static
../lvgl/src/widgets/bar/lv_bar.c:176:9:lv_bar_get_start_value	24	static
../lvgl/src/widgets/bar/lv_bar.c:186:9:lv_bar_get_min_value	24	static
../lvgl/src/widgets/bar/lv_bar.c:193:9:lv_bar_get_max_value	24	static
../lvgl/src/widgets/bar/lv_bar.c:201:15:lv_bar_get_mode	24	static
../lvgl/src/widgets/bar/lv_bar.c:213:13:lv_bar_constructor	24	static
../lvgl/src/widgets/bar/lv_bar.c:239:13:lv_bar_destructor	24	static
../lvgl/src/widgets/bar/lv_bar.c:248:13:draw_indic	392	static
../lvgl/src/widgets/bar/lv_bar.c:519:13:lv_bar_event	48	static
../lvgl/src/widgets/bar/lv_bar.c:560:13:lv_bar_anim	24	static
../lvgl/src/widgets/bar/lv_bar.c:567:13:lv_bar_anim_ready	32	static
../lvgl/src/widgets/bar/lv_bar.c:581:13:lv_bar_set_value_with_anim	104	static
../lvgl/src/widgets/bar/lv_bar.c:619:13:lv_bar_init_anim	16	static
