../lvgl/src/widgets/btnmatrix/../../core/../misc/../font/../misc/lv_area.h:110:20:lv_area_copy	16	static
../lvgl/src/widgets/btnmatrix/../../core/../misc/../font/../misc/lv_area.h:123:26:lv_area_get_width	16	static
../lvgl/src/widgets/btnmatrix/../../core/../misc/../font/../misc/lv_area.h:133:26:lv_area_get_height	16	static
../lvgl/src/widgets/btnmatrix/../../core/../misc/lv_mem.h:82:20:lv_memzero	16	static
../lvgl/src/widgets/btnmatrix/../../core/lv_obj_style_gen.h:103:26:lv_obj_get_style_pad_top	24	static
../lvgl/src/widgets/btnmatrix/../../core/lv_obj_style_gen.h:109:26:lv_obj_get_style_pad_bottom	24	static
../lvgl/src/widgets/btnmatrix/../../core/lv_obj_style_gen.h:115:26:lv_obj_get_style_pad_left	24	static
../lvgl/src/widgets/btnmatrix/../../core/lv_obj_style_gen.h:121:26:lv_obj_get_style_pad_right	24	static
../lvgl/src/widgets/btnmatrix/../../core/lv_obj_style_gen.h:127:26:lv_obj_get_style_pad_row	24	static
../lvgl/src/widgets/btnmatrix/../../core/lv_obj_style_gen.h:133:26:lv_obj_get_style_pad_column	24	static
../lvgl/src/widgets/btnmatrix/../../core/lv_obj_style_gen.h:559:29:lv_obj_get_style_base_dir	24	static
../lvgl/src/widgets/btnmatrix/lv_btnmatrix.c:81:12:lv_btnmatrix_create	32	static
../lvgl/src/widgets/btnmatrix/lv_btnmatrix.c:93:6:lv_btnmatrix_set_map	104	static
../lvgl/src/widgets/btnmatrix/lv_btnmatrix.c:184:6:lv_btnmatrix_set_ctrl_map	24	static
../lvgl/src/widgets/btnmatrix/lv_btnmatrix.c:194:6:lv_btnmatrix_set_selected_btn	24	static
../lvgl/src/widgets/btnmatrix/lv_btnmatrix.c:207:6:lv_btnmatrix_set_btn_ctrl	24	static
../lvgl/src/widgets/btnmatrix/lv_btnmatrix.c:227:6:lv_btnmatrix_clear_btn_ctrl	24	static
../lvgl/src/widgets/btnmatrix/lv_btnmatrix.c:243:6:lv_btnmatrix_set_btn_ctrl_all	24	static
../lvgl/src/widgets/btnmatrix/lv_btnmatrix.c:254:6:lv_btnmatrix_clear_btn_ctrl_all	24	static
../lvgl/src/widgets/btnmatrix/lv_btnmatrix.c:265:6:lv_btnmatrix_set_btn_width	24	static
../lvgl/src/widgets/btnmatrix/lv_btnmatrix.c:277:6:lv_btnmatrix_set_one_checked	24	static
../lvgl/src/widgets/btnmatrix/lv_btnmatrix.c:292:15:lv_btnmatrix_get_map	24	static
../lvgl/src/widgets/btnmatrix/lv_btnmatrix.c:300:10:lv_btnmatrix_get_selected_btn	24	static
../lvgl/src/widgets/btnmatrix/lv_btnmatrix.c:308:14:lv_btnmatrix_get_btn_text	24	static
../lvgl/src/widgets/btnmatrix/lv_btnmatrix.c:333:6:lv_btnmatrix_has_btn_ctrl	24	static
../lvgl/src/widgets/btnmatrix/lv_btnmatrix.c:343:6:lv_btnmatrix_get_one_checked	24	static
../lvgl/src/widgets/btnmatrix/lv_btnmatrix.c:356:13:lv_btnmatrix_constructor	24	static
../lvgl/src/widgets/btnmatrix/lv_btnmatrix.c:374:13:lv_btnmatrix_destructor	24	static
../lvgl/src/widgets/btnmatrix/lv_btnmatrix.c:386:13:lv_btnmatrix_event	112	static
../lvgl/src/widgets/btnmatrix/lv_btnmatrix.c:647:13:draw_main	352	static
../lvgl/src/widgets/btnmatrix/lv_btnmatrix.c:816:13:allocate_btn_areas_and_controls	40	static
../lvgl/src/widgets/btnmatrix/lv_btnmatrix.c:861:16:get_button_width	24	static
../lvgl/src/widgets/btnmatrix/lv_btnmatrix.c:867:13:button_is_hidden	16	static
../lvgl/src/widgets/btnmatrix/lv_btnmatrix.c:872:13:button_is_checked	16	static
../lvgl/src/widgets/btnmatrix/lv_btnmatrix.c:877:13:button_is_repeat_disabled	16	static
../lvgl/src/widgets/btnmatrix/lv_btnmatrix.c:882:13:button_is_inactive	16	static
../lvgl/src/widgets/btnmatrix/lv_btnmatrix.c:887:13:button_is_click_trig	16	static
../lvgl/src/widgets/btnmatrix/lv_btnmatrix.c:892:13:button_is_popover	16	static
../lvgl/src/widgets/btnmatrix/lv_btnmatrix.c:897:13:button_is_checkable	16	static
../lvgl/src/widgets/btnmatrix/lv_btnmatrix.c:902:13:button_get_checked	16	static
../lvgl/src/widgets/btnmatrix/lv_btnmatrix.c:907:13:button_is_recolor	16	static
../lvgl/src/widgets/btnmatrix/lv_btnmatrix.c:917:17:get_button_from_point	56	static
../lvgl/src/widgets/btnmatrix/lv_btnmatrix.c:970:13:invalidate_button_area	48	static
../lvgl/src/widgets/btnmatrix/lv_btnmatrix.c:1013:13:make_one_button_checked	24	static
../lvgl/src/widgets/btnmatrix/lv_btnmatrix.c:1028:13:has_popovers_in_top_row	32	static
