Archive member included to satisfy reference by file (symbol)

C:/ST/STM32CubeIDE_1.18.1/STM32CubeIDE/plugins/com.st.stm32cube.ide.mcu.externaltools.gnu-tools-for-stm32.13.3.rel1.win32_1.0.0.202411081344/tools/bin/../lib/gcc/arm-none-eabi/13.3.1/../../../../arm-none-eabi/lib/thumb/v7e-m+fp/hard\libc_nano.a(libc_a-exit.o)
                              C:/ST/STM32CubeIDE_1.18.1/STM32CubeIDE/plugins/com.st.stm32cube.ide.mcu.externaltools.gnu-tools-for-stm32.13.3.rel1.win32_1.0.0.202411081344/tools/bin/../lib/gcc/arm-none-eabi/13.3.1/../../../../arm-none-eabi/lib/thumb/v7e-m+fp/hard/crt0.o (exit)
C:/ST/STM32CubeIDE_1.18.1/STM32CubeIDE/plugins/com.st.stm32cube.ide.mcu.externaltools.gnu-tools-for-stm32.13.3.rel1.win32_1.0.0.202411081344/tools/bin/../lib/gcc/arm-none-eabi/13.3.1/../../../../arm-none-eabi/lib/thumb/v7e-m+fp/hard\libc_nano.a(libc_a-findfp.o)
                              C:/ST/STM32CubeIDE_1.18.1/STM32CubeIDE/plugins/com.st.stm32cube.ide.mcu.externaltools.gnu-tools-for-stm32.13.3.rel1.win32_1.0.0.202411081344/tools/bin/../lib/gcc/arm-none-eabi/13.3.1/../../../../arm-none-eabi/lib/thumb/v7e-m+fp/hard\libc_nano.a(libc_a-exit.o) (__stdio_exit_handler)
C:/ST/STM32CubeIDE_1.18.1/STM32CubeIDE/plugins/com.st.stm32cube.ide.mcu.externaltools.gnu-tools-for-stm32.13.3.rel1.win32_1.0.0.202411081344/tools/bin/../lib/gcc/arm-none-eabi/13.3.1/../../../../arm-none-eabi/lib/thumb/v7e-m+fp/hard\libc_nano.a(libc_a-fwalk.o)
                              C:/ST/STM32CubeIDE_1.18.1/STM32CubeIDE/plugins/com.st.stm32cube.ide.mcu.externaltools.gnu-tools-for-stm32.13.3.rel1.win32_1.0.0.202411081344/tools/bin/../lib/gcc/arm-none-eabi/13.3.1/../../../../arm-none-eabi/lib/thumb/v7e-m+fp/hard\libc_nano.a(libc_a-findfp.o) (_fwalk_sglue)
C:/ST/STM32CubeIDE_1.18.1/STM32CubeIDE/plugins/com.st.stm32cube.ide.mcu.externaltools.gnu-tools-for-stm32.13.3.rel1.win32_1.0.0.202411081344/tools/bin/../lib/gcc/arm-none-eabi/13.3.1/../../../../arm-none-eabi/lib/thumb/v7e-m+fp/hard\libc_nano.a(libc_a-stdio.o)
                              C:/ST/STM32CubeIDE_1.18.1/STM32CubeIDE/plugins/com.st.stm32cube.ide.mcu.externaltools.gnu-tools-for-stm32.13.3.rel1.win32_1.0.0.202411081344/tools/bin/../lib/gcc/arm-none-eabi/13.3.1/../../../../arm-none-eabi/lib/thumb/v7e-m+fp/hard\libc_nano.a(libc_a-findfp.o) (__sread)
C:/ST/STM32CubeIDE_1.18.1/STM32CubeIDE/plugins/com.st.stm32cube.ide.mcu.externaltools.gnu-tools-for-stm32.13.3.rel1.win32_1.0.0.202411081344/tools/bin/../lib/gcc/arm-none-eabi/13.3.1/../../../../arm-none-eabi/lib/thumb/v7e-m+fp/hard\libc_nano.a(libc_a-memset.o)
                              C:/ST/STM32CubeIDE_1.18.1/STM32CubeIDE/plugins/com.st.stm32cube.ide.mcu.externaltools.gnu-tools-for-stm32.13.3.rel1.win32_1.0.0.202411081344/tools/bin/../lib/gcc/arm-none-eabi/13.3.1/../../../../arm-none-eabi/lib/thumb/v7e-m+fp/hard/crt0.o (memset)
C:/ST/STM32CubeIDE_1.18.1/STM32CubeIDE/plugins/com.st.stm32cube.ide.mcu.externaltools.gnu-tools-for-stm32.13.3.rel1.win32_1.0.0.202411081344/tools/bin/../lib/gcc/arm-none-eabi/13.3.1/../../../../arm-none-eabi/lib/thumb/v7e-m+fp/hard\libc_nano.a(libc_a-closer.o)
                              C:/ST/STM32CubeIDE_1.18.1/STM32CubeIDE/plugins/com.st.stm32cube.ide.mcu.externaltools.gnu-tools-for-stm32.13.3.rel1.win32_1.0.0.202411081344/tools/bin/../lib/gcc/arm-none-eabi/13.3.1/../../../../arm-none-eabi/lib/thumb/v7e-m+fp/hard\libc_nano.a(libc_a-stdio.o) (_close_r)
C:/ST/STM32CubeIDE_1.18.1/STM32CubeIDE/plugins/com.st.stm32cube.ide.mcu.externaltools.gnu-tools-for-stm32.13.3.rel1.win32_1.0.0.202411081344/tools/bin/../lib/gcc/arm-none-eabi/13.3.1/../../../../arm-none-eabi/lib/thumb/v7e-m+fp/hard\libc_nano.a(libc_a-reent.o)
                              C:/ST/STM32CubeIDE_1.18.1/STM32CubeIDE/plugins/com.st.stm32cube.ide.mcu.externaltools.gnu-tools-for-stm32.13.3.rel1.win32_1.0.0.202411081344/tools/bin/../lib/gcc/arm-none-eabi/13.3.1/../../../../arm-none-eabi/lib/thumb/v7e-m+fp/hard\libc_nano.a(libc_a-closer.o) (errno)
C:/ST/STM32CubeIDE_1.18.1/STM32CubeIDE/plugins/com.st.stm32cube.ide.mcu.externaltools.gnu-tools-for-stm32.13.3.rel1.win32_1.0.0.202411081344/tools/bin/../lib/gcc/arm-none-eabi/13.3.1/../../../../arm-none-eabi/lib/thumb/v7e-m+fp/hard\libc_nano.a(libc_a-impure.o)
                              C:/ST/STM32CubeIDE_1.18.1/STM32CubeIDE/plugins/com.st.stm32cube.ide.mcu.externaltools.gnu-tools-for-stm32.13.3.rel1.win32_1.0.0.202411081344/tools/bin/../lib/gcc/arm-none-eabi/13.3.1/../../../../arm-none-eabi/lib/thumb/v7e-m+fp/hard\libc_nano.a(libc_a-reent.o) (_impure_ptr)
C:/ST/STM32CubeIDE_1.18.1/STM32CubeIDE/plugins/com.st.stm32cube.ide.mcu.externaltools.gnu-tools-for-stm32.13.3.rel1.win32_1.0.0.202411081344/tools/bin/../lib/gcc/arm-none-eabi/13.3.1/../../../../arm-none-eabi/lib/thumb/v7e-m+fp/hard\libc_nano.a(libc_a-lseekr.o)
[...]
Memory Configuration

Name             Origin             Length             Attributes
CCMRAM           0x10000000         0x00010000         xrw
RAM              0x20000000         0x00020000         xrw
FLASH            0x08000000         0x00100000         xr
*default*        0x00000000         0xffffffff

Linker script and memory map

LOAD C:/ST/STM32CubeIDE_1.18.1/STM32CubeIDE/plugins/com.st.stm32cube.ide.mcu.externaltools.gnu-tools-for-stm32.13.3.rel1.win32_1.0.0.202411081344/tools/bin/../lib/gcc/arm-none-eabi/13.3.1/thumb/v7e-m+fp/hard/crti.o
LOAD C:/ST/STM32CubeIDE_1.18.1/STM32CubeIDE/plugins/com.st.stm32cube.ide.mcu.externaltools.gnu-tools-for-stm32.13.3.rel1.win32_1.0.0.202411081344/tools/bin/../lib/gcc/arm-none-eabi/13.3.1/thumb/v7e-m+fp/hard/crtbegin.o
LOAD C:/ST/STM32CubeIDE_1.18.1/STM32CubeIDE/plugins/com.st.stm32cube.ide.mcu.externaltools.gnu-tools-for-stm32.13.3.rel1.win32_1.0.0.202411081344/tools/bin/../lib/gcc/arm-none-eabi/13.3.1/../../../../arm-none-eabi/lib/thumb/v7e-m+fp/hard/crt0.o
LOAD ./Core/Src/main.o
LOAD ./Core/Src/stm32f4xx_hal_msp.o
LOAD ./Core/Src/stm32f4xx_it.o
LOAD ./Core/Src/syscalls.o
LOAD ./Core/Src/sysmem.o
LOAD ./Core/Src/system_stm32f4xx.o
LOAD ./Core/Src/t1_320x240.o
LOAD ./Core/Src/t2_320x240.o
LOAD ./Core/Src/t3_320x240.o
LOAD ./Core/Startup/startup_stm32f407vgtx.o
LOAD ./Drivers/STM32F4xx_HAL_Driver/Src/stm32f4xx_hal.o
LOAD ./Drivers/STM32F4xx_HAL_Driver/Src/stm32f4xx_hal_cortex.o
LOAD ./Drivers/STM32F4xx_HAL_Driver/Src/stm32f4xx_hal_dma.o
LOAD ./Drivers/STM32F4xx_HAL_Driver/Src/stm32f4xx_hal_dma_ex.o
LOAD ./Drivers/STM32F4xx_HAL_Driver/Src/stm32f4xx_hal_exti.o
LOAD ./Drivers/STM32F4xx_HAL_Driver/Src/stm32f4xx_hal_flash.o
LOAD ./Drivers/STM32F4xx_HAL_Driver/Src/stm32f4xx_hal_flash_ex.o
LOAD ./Drivers/STM32F4xx_HAL_Driver/Src/stm32f4xx_hal_flash_ramfunc.o
LOAD ./Drivers/STM32F4xx_HAL_Driver/Src/stm32f4xx_hal_gpio.o
LOAD ./Drivers/STM32F4xx_HAL_Driver/Src/stm32f4xx_hal_i2c.o
LOAD ./Drivers/STM32F4xx_HAL_Driver/Src/stm32f4xx_hal_i2c_ex.o
LOAD ./Drivers/STM32F4xx_HAL_Driver/Src/stm32f4xx_hal_pwr.o
LOAD ./Drivers/STM32F4xx_HAL_Driver/Src/stm32f4xx_hal_pwr_ex.o
LOAD ./Drivers/STM32F4xx_HAL_Driver/Src/stm32f4xx_hal_rcc.o
LOAD ./Drivers/STM32F4xx_HAL_Driver/Src/stm32f4xx_hal_rcc_ex.o
LOAD ./Drivers/STM32F4xx_HAL_Driver/Src/stm32f4xx_hal_spi.o
LOAD ./Drivers/STM32F4xx_HAL_Driver/Src/stm32f4xx_hal_tim.o
LOAD ./Drivers/STM32F4xx_HAL_Driver/Src/stm32f4xx_hal_tim_ex.o
LOAD ./bsp_f4x/lcd/bsp_lcd.o
START GROUP
LOAD C:/ST/STM32CubeIDE_1.18.1/STM32CubeIDE/plugins/com.st.stm32cube.ide.mcu.externaltools.gnu-tools-for-stm32.13.3.rel1.win32_1.0.0.202411081344/tools/bin/../lib/gcc/arm-none-eabi/13.3.1/../../../../arm-none-eabi/lib/thumb/v7e-m+fp/hard\libc_nano.a
LOAD C:/ST/STM32CubeIDE_1.18.1/STM32CubeIDE/plugins/com.st.stm32cube.ide.mcu.externaltools.gnu-tools-for-stm32.13.3.rel1.win32_1.0.0.202411081344/tools/bin/../lib/gcc/arm-none-eabi/13.3.1/../../../../arm-none-eabi/lib/thumb/v7e-m+fp/hard\libm.a
END GROUP
START GROUP
LOAD C:/ST/STM32CubeIDE_1.18.1/STM32CubeIDE/plugins/com.st.stm32cube.ide.mcu.externaltools.gnu-tools-for-stm32.13.3.rel1.win32_1.0.0.202411081344/tools/bin/../lib/gcc/arm-none-eabi/13.3.1/thumb/v7e-m+fp/hard\libgcc.a
LOAD C:/ST/STM32CubeIDE_1.18.1/STM32CubeIDE/plugins/com.st.stm32cube.ide.mcu.externaltools.gnu-tools-for-stm32.13.3.rel1.win32_1.0.0.202411081344/tools/bin/../lib/gcc/arm-none-eabi/13.3.1/../../../../arm-none-eabi/lib/thumb/v7e-m+fp/hard\libc_nano.a
END GROUP
START GROUP
LOAD C:/ST/STM32CubeIDE_1.18.1/STM32CubeIDE/plugins/com.st.stm32cube.ide.mcu.externaltools.gnu-tools-for-stm32.13.3.rel1.win32_1.0.0.202411081344/tools/bin/../lib/gcc/arm-none-eabi/13.3.1/thumb/v7e-m+fp/hard\libgcc.a
LOAD C:/ST/STM32CubeIDE_1.18.1/STM32CubeIDE/plugins/com.st.stm32cube.ide.mcu.externaltools.gnu-tools-for-stm32.13.3.rel1.win32_1.0.0.202411081344/tools/bin/../lib/gcc/arm-none-eabi/13.3.1/../../../../arm-none-eabi/lib/thumb/v7e-m+fp/hard\libc_nano.a
LOAD C:/ST/STM32CubeIDE_1.18.1/STM32CubeIDE/plugins/com.st.stm32cube.ide.mcu.externaltools.gnu-tools-for-stm32.13.3.rel1.win32_1.0.0.202411081344/tools/bin/../lib/gcc/arm-none-eabi/13.3.1/../../../../arm-none-eabi/lib/thumb/v7e-m+fp/hard\libnosys.a
END GROUP
START GROUP
LOAD C:/ST/STM32CubeIDE_1.18.1/STM32CubeIDE/plugins/com.st.stm32cube.ide.mcu.externaltools.gnu-tools-for-stm32.13.3.rel1.win32_1.0.0.202411081344/tools/bin/../lib/gcc/arm-none-eabi/13.3.1/thumb/v7e-m+fp/hard\libgcc.a
LOAD C:/ST/STM32CubeIDE_1.18.1/STM32CubeIDE/plugins/com.st.stm32cube.ide.mcu.externaltools.gnu-tools-for-stm32.13.3.rel1.win32_1.0.0.202411081344/tools/bin/../lib/gcc/arm-none-eabi/13.3.1/../../../../arm-none-eabi/lib/thumb/v7e-m+fp/hard\libc_nano.a
LOAD C:/ST/STM32CubeIDE_1.18.1/STM32CubeIDE/plugins/com.st.stm32cube.ide.mcu.externaltools.gnu-tools-for-stm32.13.3.rel1.win32_1.0.0.202411081344/tools/bin/../lib/gcc/arm-none-eabi/13.3.1/../../../../arm-none-eabi/lib/thumb/v7e-m+fp/hard\libnosys.a
END GROUP
LOAD C:/ST/STM32CubeIDE_1.18.1/STM32CubeIDE/plugins/com.st.stm32cube.ide.mcu.externaltools.gnu-tools-for-stm32.13.3.rel1.win32_1.0.0.202411081344/tools/bin/../lib/gcc/arm-none-eabi/13.3.1/thumb/v7e-m+fp/hard/crtend.o
LOAD C:/ST/STM32CubeIDE_1.18.1/STM32CubeIDE/plugins/com.st.stm32cube.ide.mcu.externaltools.gnu-tools-for-stm32.13.3.rel1.win32_1.0.0.202411081344/tools/bin/../lib/gcc/arm-none-eabi/13.3.1/thumb/v7e-m+fp/hard/crtn.o
                0x20020000                        _estack = (ORIGIN (RAM) + LENGTH (RAM))
                0x00000200                        _Min_Heap_Size = 0x200
                0x00000400                        _Min_Stack_Size = 0x400

.isr_vector     0x08000000      0x188
                0x08000000                        . = ALIGN (0x4)
 *(.isr_vector)
 .isr_vector    0x08000000      0x188 ./Core/Startup/startup_stm32f407vgtx.o
                0x08000000                g_pfnVectors
                0x08000188                        . = ALIGN (0x4)

.text           0x08000188     0x1c40
                0x08000188                        . = ALIGN (0x4)
 *(.text)
 .text          0x08000188       0x40 C:/ST/STM32CubeIDE_1.18.1/STM32CubeIDE/plugins/com.st.stm32cube.ide.mcu.externaltools.gnu-tools-for-stm32.13.3.rel1.win32_1.0.0.202411081344/tools/bin/../lib/gcc/arm-none-eabi/13.3.1/thumb/v7e-m+fp/hard/crtbegin.o
 .text          0x080001c8       0x30 C:/ST/STM32CubeIDE_1.18.1/STM32CubeIDE/plugins/com.st.stm32cube.ide.mcu.externaltools.gnu-tools-for-stm32.13.3.rel1.win32_1.0.0.202411081344/tools/bin/../lib/gcc/arm-none-eabi/13.3.1/thumb/v7e-m+fp/hard\libgcc.a(_aeabi_uldivmod.o)
                0x080001c8                __aeabi_uldivmod
 .text          0x080001f8      0x2f8 C:/ST/STM32CubeIDE_1.18.1/STM32CubeIDE/plugins/com.st.stm32cube.ide.mcu.externaltools.gnu-tools-for-stm32.13.3.rel1.win32_1.0.0.202411081344/tools/bin/../lib/gcc/arm-none-eabi/13.3.1/thumb/v7e-m+fp/hard\libgcc.a(_udivmoddi4.o)
                0x080001f8                __udivmoddi4
 .text          0x080004f0        0x4 C:/ST/STM32CubeIDE_1.18.1/STM32CubeIDE/plugins/com.st.stm32cube.ide.mcu.externaltools.gnu-tools-for-stm32.13.3.rel1.win32_1.0.0.202411081344/tools/bin/../lib/gcc/arm-none-eabi/13.3.1/thumb/v7e-m+fp/hard\libgcc.a(_dvmd_tls.o)
                0x080004f0                __aeabi_idiv0
                0x080004f0                __aeabi_ldiv0
 *(.text*)
 .text.write_frame
                0x080004f4       0x2c ./Core/Src/main.o
                0x080004f4                write_frame
 .text.main     0x08000520       0x58 ./Core/Src/main.o
                0x08000520                main
 .text.SystemClock_Config
                0x08000578       0xd4 ./Core/Src/main.o
                0x08000578                SystemClock_Config
 .text.Error_Handler
                0x0800064c        0xc ./Core/Src/main.o
                0x0800064c                Error_Handler
 .text.HAL_MspInit
                0x08000658       0x50 ./Core/Src/stm32f4xx_hal_msp.o
                0x08000658                HAL_MspInit
 .text.NMI_Handler
                0x080006a8        0x8 ./Core/Src/stm32f4xx_it.o
                0x080006a8                NMI_Handler
 .text.HardFault_Handler
                0x080006b0        0x8 ./Core/Src/stm32f4xx_it.o
                0x080006b0                HardFault_Handler
 .text.MemManage_Handler
                0x080006b8        0x8 ./Core/Src/stm32f4xx_it.o
                0x080006b8                MemManage_Handler
 .text.BusFault_Handler
                0x080006c0        0x8 ./Core/Src/stm32f4xx_it.o
                0x080006c0                BusFault_Handler
 .text.UsageFault_Handler
                0x080006c8        0x8 ./Core/Src/stm32f4xx_it.o
                0x080006c8                UsageFault_Handler
 .text.SVC_Handler
                0x080006d0        0xe ./Core/Src/stm32f4xx_it.o
                0x080006d0                SVC_Handler
 .text.DebugMon_Handler
                0x080006de        0xe ./Core/Src/stm32f4xx_it.o
                0x080006de                DebugMon_Handler
 .text.PendSV_Handler
                0x080006ec        0xe ./Core/Src/stm32f4xx_it.o
                0x080006ec                PendSV_Handler
 .text.SysTick_Handler
                0x080006fa        0xc ./Core/Src/stm32f4xx_it.o
                0x080006fa                SysTick_Handler
 *fill*         0x08000706        0x2 
 .text.SystemInit
                0x08000708       0x24 ./Core/Src/system_stm32f4xx.o
                0x08000708                SystemInit
 .text.Reset_Handler
                0x0800072c       0x50 ./Core/Startup/startup_stm32f407vgtx.o
                0x0800072c                Reset_Handler
 .text.Default_Handler
                0x0800077c        0x2 ./Core/Startup/startup_stm32f407vgtx.o
                0x0800077c                RTC_Alarm_IRQHandler
                0x0800077c                HASH_RNG_IRQHandler
                0x0800077c                EXTI2_IRQHandler
                0x0800077c                TIM8_CC_IRQHandler
                0x0800077c                TIM1_CC_IRQHandler
                0x0800077c                DMA2_Stream5_IRQHandler
                0x0800077c                DMA1_Stream5_IRQHandler
                0x0800077c                PVD_IRQHandler
                0x0800077c                SDIO_IRQHandler
                0x0800077c                TAMP_STAMP_IRQHandler
                0x0800077c                CAN2_RX1_IRQHandler
                0x0800077c                EXTI3_IRQHandler
                0x0800077c                TIM8_TRG_COM_TIM14_IRQHandler
                0x0800077c                TIM1_UP_TIM10_IRQHandler
                0x0800077c                TIM8_UP_TIM13_IRQHandler
                0x0800077c                I2C3_ER_IRQHandler
                0x0800077c                EXTI0_IRQHandler
                0x0800077c                I2C2_EV_IRQHandler
                0x0800077c                DMA1_Stream2_IRQHandler
                0x0800077c                CAN1_RX0_IRQHandler
                0x0800077c                FPU_IRQHandler
                0x0800077c                OTG_HS_WKUP_IRQHandler
                0x0800077c                CAN2_SCE_IRQHandler
                0x0800077c                DMA2_Stream2_IRQHandler
                0x0800077c                SPI1_IRQHandler
                0x0800077c                TIM6_DAC_IRQHandler
                0x0800077c                TIM1_BRK_TIM9_IRQHandler
                0x0800077c                DCMI_IRQHandler
                0x0800077c                CAN2_RX0_IRQHandler
                0x0800077c                DMA2_Stream3_IRQHandler
                0x0800077c                USART6_IRQHandler
                0x0800077c                USART3_IRQHandler
                0x0800077c                CAN1_RX1_IRQHandler
                0x0800077c                UART5_IRQHandler
                0x0800077c                DMA2_Stream0_IRQHandler
                0x0800077c                TIM4_IRQHandler
                0x0800077c                I2C1_EV_IRQHandler
                0x0800077c                DMA1_Stream6_IRQHandler
                0x0800077c                DMA1_Stream1_IRQHandler
                0x0800077c                UART4_IRQHandler
                0x0800077c                TIM3_IRQHandler
                0x0800077c                RCC_IRQHandler
                0x0800077c                TIM8_BRK_TIM12_IRQHandler
                0x0800077c                Default_Handler
                0x0800077c                EXTI15_10_IRQHandler
                0x0800077c                ADC_IRQHandler
                0x0800077c                DMA1_Stream7_IRQHandler
                0x0800077c                TIM7_IRQHandler
                0x0800077c                CAN2_TX_IRQHandler
                0x0800077c                TIM5_IRQHandler
                0x0800077c                DMA2_Stream7_IRQHandler
                0x0800077c                I2C3_EV_IRQHandler
                0x0800077c                EXTI9_5_IRQHandler
                0x0800077c                RTC_WKUP_IRQHandler
                0x0800077c                ETH_WKUP_IRQHandler
                0x0800077c                SPI2_IRQHandler
                0x0800077c                OTG_HS_EP1_IN_IRQHandler
                0x0800077c                DMA1_Stream0_IRQHandler
                0x0800077c                CAN1_TX_IRQHandler
                0x0800077c                EXTI4_IRQHandler
                0x0800077c                FSMC_IRQHandler
                0x0800077c                ETH_IRQHandler
                0x0800077c                OTG_HS_EP1_OUT_IRQHandler
                0x0800077c                WWDG_IRQHandler
                0x0800077c                TIM2_IRQHandler
                0x0800077c                OTG_FS_WKUP_IRQHandler
                0x0800077c                TIM1_TRG_COM_TIM11_IRQHandler
                0x0800077c                OTG_HS_IRQHandler
                0x0800077c                EXTI1_IRQHandler
                0x0800077c                USART2_IRQHandler
                0x0800077c                I2C2_ER_IRQHandler
                0x0800077c                DMA2_Stream1_IRQHandler
                0x0800077c                CAN1_SCE_IRQHandler
                0x0800077c                FLASH_IRQHandler
                0x0800077c                DMA2_Stream4_IRQHandler
                0x0800077c                USART1_IRQHandler
                0x0800077c                OTG_FS_IRQHandler
                0x0800077c                SPI3_IRQHandler
                0x0800077c                I2C1_ER_IRQHandler
                0x0800077c                DMA2_Stream6_IRQHandler
                0x0800077c                DMA1_Stream3_IRQHandler
 *fill*         0x0800077e        0x2 
 .text.HAL_Init
                0x08000780       0x44 ./Drivers/STM32F4xx_HAL_Driver/Src/stm32f4xx_hal.o
                0x08000780                HAL_Init
 .text.HAL_InitTick
                0x080007c4       0x60 ./Drivers/STM32F4xx_HAL_Driver/Src/stm32f4xx_hal.o
                0x080007c4                HAL_InitTick
 .text.HAL_IncTick
                0x08000824       0x28 ./Drivers/STM32F4xx_HAL_Driver/Src/stm32f4xx_hal.o
                0x08000824                HAL_IncTick
 .text.HAL_GetTick
                0x0800084c       0x18 ./Drivers/STM32F4xx_HAL_Driver/Src/stm32f4xx_hal.o
                0x0800084c                HAL_GetTick
 .text.HAL_Delay
                0x08000864       0x48 ./Drivers/STM32F4xx_HAL_Driver/Src/stm32f4xx_hal.o
                0x08000864                HAL_Delay
 .text.__NVIC_SetPriorityGrouping
                0x080008ac       0x48 ./Drivers/STM32F4xx_HAL_Driver/Src/stm32f4xx_hal_cortex.o
 .text.__NVIC_GetPriorityGrouping
                0x080008f4       0x1c ./Drivers/STM32F4xx_HAL_Driver/Src/stm32f4xx_hal_cortex.o
 .text.__NVIC_SetPriority
                0x08000910       0x54 ./Drivers/STM32F4xx_HAL_Driver/Src/stm32f4xx_hal_cortex.o
 .text.NVIC_EncodePriority
                0x08000964       0x66 ./Drivers/STM32F4xx_HAL_Driver/Src/stm32f4xx_hal_cortex.o
 *fill*         0x080009ca        0x2 
 .text.SysTick_Config
                0x080009cc       0x44 ./Drivers/STM32F4xx_HAL_Driver/Src/stm32f4xx_hal_cortex.o
 .text.HAL_NVIC_SetPriorityGrouping
                0x08000a10       0x16 ./Drivers/STM32F4xx_HAL_Driver/Src/stm32f4xx_hal_cortex.o
                0x08000a10                HAL_NVIC_SetPriorityGrouping
 .text.HAL_NVIC_SetPriority
                0x08000a26       0x38 ./Drivers/STM32F4xx_HAL_Driver/Src/stm32f4xx_hal_cortex.o
                0x08000a26                HAL_NVIC_SetPriority
 .text.HAL_SYSTICK_Config
                0x08000a5e       0x18 ./Drivers/STM32F4xx_HAL_Driver/Src/stm32f4xx_hal_cortex.o
                0x08000a5e                HAL_SYSTICK_Config
 *fill*         0x08000a76        0x2 
 .text.HAL_RCC_OscConfig
                0x08000a78      0x4f0 ./Drivers/STM32F4xx_HAL_Driver/Src/stm32f4xx_hal_rcc.o
                0x08000a78                HAL_RCC_OscConfig
 .text.HAL_RCC_ClockConfig
                0x08000f68      0x1cc ./Drivers/STM32F4xx_HAL_Driver/Src/stm32f4xx_hal_rcc.o
                0x08000f68                HAL_RCC_ClockConfig
 .text.HAL_RCC_GetSysClockFreq
                0x08001134      0x20c ./Drivers/STM32F4xx_HAL_Driver/Src/stm32f4xx_hal_rcc.o
                0x08001134                HAL_RCC_GetSysClockFreq
 .text.bsp_lcd_init
                0x08001340       0x80 ./bsp_f4x/lcd/bsp_lcd.o
                0x08001340                bsp_lcd_init
 .text.bsp_lcd_send_cmd_mem_write
                0x080013c0        0xe ./bsp_f4x/lcd/bsp_lcd.o
                0x080013c0                bsp_lcd_send_cmd_mem_write
 *fill*         0x080013ce        0x2 
 .text.bsp_lcd_write
                0x080013d0       0xc4 ./bsp_f4x/lcd/bsp_lcd.o
                0x080013d0                bsp_lcd_write
 .text.lcd_pin_init
                0x08001494      0x220 ./bsp_f4x/lcd/bsp_lcd.o
                0x08001494                lcd_pin_init
 .text.lcd_spi_enable
                0x080016b4       0x20 ./bsp_f4x/lcd/bsp_lcd.o
                0x080016b4                lcd_spi_enable
 .text.lcd_spi_init
                0x080016d4       0xb0 ./bsp_f4x/lcd/bsp_lcd.o
                0x080016d4                lcd_spi_init
 .text.delay_50ms
                0x08001784       0x2c ./bsp_f4x/lcd/bsp_lcd.o
 .text.lcd_reset
                0x080017b0       0x5c ./bsp_f4x/lcd/bsp_lcd.o
                0x080017b0                lcd_reset
 .text.lcd_config
                0x0800180c      0x228 ./bsp_f4x/lcd/bsp_lcd.o
                0x0800180c                lcd_config
 .text.lcd_set_orientation
                0x08001a34       0x3a ./bsp_f4x/lcd/bsp_lcd.o
                0x08001a34                lcd_set_orientation
 *fill*         0x08001a6e        0x2 
 .text.lcd_write_cmd
                0x08001a70       0x84 ./bsp_f4x/lcd/bsp_lcd.o
                0x08001a70                lcd_write_cmd
 .text.lcd_write_data
                0x08001af4       0x88 ./bsp_f4x/lcd/bsp_lcd.o
                0x08001af4                lcd_write_data
 .text.bsp_lcd_set_display_area
                0x08001b7c       0x40 ./bsp_f4x/lcd/bsp_lcd.o
                0x08001b7c                bsp_lcd_set_display_area
 .text.lcd_set_display_area
                0x08001bbc       0x84 ./bsp_f4x/lcd/bsp_lcd.o
                0x08001bbc                lcd_set_display_area
 .text.lcd_buffer_init
                0x08001c40       0x34 ./bsp_f4x/lcd/bsp_lcd.o
                0x08001c40                lcd_buffer_init
 .text.lcd_dma_init
                0x08001c74       0x14 ./bsp_f4x/lcd/bsp_lcd.o
                0x08001c74                lcd_dma_init
 .text.DMA_TransferError
                0x08001c88       0x14 ./bsp_f4x/lcd/bsp_lcd.o
                0x08001c88                DMA_TransferError
 .text.DMA_TransferComplete
                0x08001c9c       0x14 ./bsp_f4x/lcd/bsp_lcd.o
                0x08001c9c                DMA_TransferComplete
 .text.dma_lcd_write_error
                0x08001cb0       0x12 ./bsp_f4x/lcd/bsp_lcd.o
 .text.dma_cmplt_callback_spi_write
                0x08001cc2       0x1c ./bsp_f4x/lcd/bsp_lcd.o
 *fill*         0x08001cde        0x2 
 .text.DMA1_Stream4_IRQHandler
                0x08001ce0       0x78 ./bsp_f4x/lcd/bsp_lcd.o
                0x08001ce0                DMA1_Stream4_IRQHandler
 .text.memset   0x08001d58       0x10 C:/ST/STM32CubeIDE_1.18.1/STM32CubeIDE/plugins/com.st.stm32cube.ide.mcu.externaltools.gnu-tools-for-stm32.13.3.rel1.win32_1.0.0.202411081344/tools/bin/../lib/gcc/arm-none-eabi/13.3.1/../../../../arm-none-eabi/lib/thumb/v7e-m+fp/hard\libc_nano.a(libc_a-memset.o)
                0x08001d58                memset
 .text.__libc_init_array
                0x08001d68       0x48 C:/ST/STM32CubeIDE_1.18.1/STM32CubeIDE/plugins/com.st.stm32cube.ide.mcu.externaltools.gnu-tools-for-stm32.13.3.rel1.win32_1.0.0.202411081344/tools/bin/../lib/gcc/arm-none-eabi/13.3.1/../../../../arm-none-eabi/lib/thumb/v7e-m+fp/hard\libc_nano.a(libc_a-init.o)
                0x08001d68                __libc_init_array
 *(.glue_7)
 .glue_7        0x08001db0        0x0 linker stubs
 *(.glue_7t)
 .glue_7t       0x08001db0        0x0 linker stubs
 *(.eh_frame)
 .eh_frame      0x08001db0        0x0 C:/ST/STM32CubeIDE_1.18.1/STM32CubeIDE/plugins/com.st.stm32cube.ide.mcu.externaltools.gnu-tools-for-stm32.13.3.rel1.win32_1.0.0.202411081344/tools/bin/../lib/gcc/arm-none-eabi/13.3.1/thumb/v7e-m+fp/hard/crtbegin.o
 *(.init)
 .init          0x08001db0        0x4 C:/ST/STM32CubeIDE_1.18.1/STM32CubeIDE/plugins/com.st.stm32cube.ide.mcu.externaltools.gnu-tools-for-stm32.13.3.rel1.win32_1.0.0.202411081344/tools/bin/../lib/gcc/arm-none-eabi/13.3.1/thumb/v7e-m+fp/hard/crti.o
                0x08001db0                _init
 .init          0x08001db4        0x8 C:/ST/STM32CubeIDE_1.18.1/STM32CubeIDE/plugins/com.st.stm32cube.ide.mcu.externaltools.gnu-tools-for-stm32.13.3.rel1.win32_1.0.0.202411081344/tools/bin/../lib/gcc/arm-none-eabi/13.3.1/thumb/v7e-m+fp/hard/crtn.o
 *(.fini)
 .fini          0x08001dbc        0x4 C:/ST/STM32CubeIDE_1.18.1/STM32CubeIDE/plugins/com.st.stm32cube.ide.mcu.externaltools.gnu-tools-for-stm32.13.3.rel1.win32_1.0.0.202411081344/tools/bin/../lib/gcc/arm-none-eabi/13.3.1/thumb/v7e-m+fp/hard/crti.o
                0x08001dbc                _fini
 .fini          0x08001dc0        0x8 C:/ST/STM32CubeIDE_1.18.1/STM32CubeIDE/plugins/com.st.stm32cube.ide.mcu.externaltools.gnu-tools-for-stm32.13.3.rel1.win32_1.0.0.202411081344/tools/bin/../lib/gcc/arm-none-eabi/13.3.1/thumb/v7e-m+fp/hard/crtn.o
                0x08001dc8                        . = ALIGN (0x4)
                0x08001dc8                        _etext = .

.vfp11_veneer   0x08001dc8        0x0
 .vfp11_veneer  0x08001dc8        0x0 linker stubs

.v4_bx          0x08001dc8        0x0
 .v4_bx         0x08001dc8        0x0 linker stubs

.iplt           0x08001dc8        0x0
 .iplt          0x08001dc8        0x0 C:/ST/STM32CubeIDE_1.18.1/STM32CubeIDE/plugins/com.st.stm32cube.ide.mcu.externaltools.gnu-tools-for-stm32.13.3.rel1.win32_1.0.0.202411081344/tools/bin/../lib/gcc/arm-none-eabi/13.3.1/thumb/v7e-m+fp/hard/crtbegin.o

.rodata         0x08001dc8    0x70810
                0x08001dc8                        . = ALIGN (0x4)
 *(.rodata)
 *(.rodata*)
 .rodata.AHBPrescTable
                0x08001dc8       0x10 ./Core/Src/system_stm32f4xx.o
                0x08001dc8                AHBPrescTable
 .rodata.t1_320x240_map
                0x08001dd8    0x25800 ./Core/Src/t1_320x240.o
                0x08001dd8                t1_320x240_map
 .rodata.t2_320x240_map
                0x080275d8    0x25800 ./Core/Src/t2_320x240.o
                0x080275d8                t2_320x240_map
 .rodata.t3_320x240_map
                0x0804cdd8    0x25800 ./Core/Src/t3_320x240.o
                0x0804cdd8                t3_320x240_map
                0x080725d8                        . = ALIGN (0x4)

.ARM.extab      0x080725d8        0x0
                0x080725d8                        . = ALIGN (0x4)
 *(.ARM.extab* .gnu.linkonce.armextab.*)
                0x080725d8                        . = ALIGN (0x4)

.ARM            0x080725d8        0x8
                0x080725d8                        . = ALIGN (0x4)
                0x080725d8                        __exidx_start = .
 *(.ARM.exidx*)
 .ARM.exidx     0x080725d8        0x8 C:/ST/STM32CubeIDE_1.18.1/STM32CubeIDE/plugins/com.st.stm32cube.ide.mcu.externaltools.gnu-tools-for-stm32.13.3.rel1.win32_1.0.0.202411081344/tools/bin/../lib/gcc/arm-none-eabi/13.3.1/thumb/v7e-m+fp/hard\libgcc.a(_udivmoddi4.o)
                0x080725e0                        __exidx_end = .
                0x080725e0                        . = ALIGN (0x4)

.rel.dyn        0x080725e0        0x0
 .rel.iplt      0x080725e0        0x0 C:/ST/STM32CubeIDE_1.18.1/STM32CubeIDE/plugins/com.st.stm32cube.ide.mcu.externaltools.gnu-tools-for-stm32.13.3.rel1.win32_1.0.0.202411081344/tools/bin/../lib/gcc/arm-none-eabi/13.3.1/thumb/v7e-m+fp/hard/crtbegin.o

.preinit_array  0x080725e0        0x0
                0x080725e0                        . = ALIGN (0x4)
                0x080725e0                        PROVIDE (__preinit_array_start = .)
 *(.preinit_array*)
                0x080725e0                        PROVIDE (__preinit_array_end = .)
                0x080725e0                        . = ALIGN (0x4)

.init_array     0x080725e0        0x4
                0x080725e0                        . = ALIGN (0x4)
                0x080725e0                        PROVIDE (__init_array_start = .)
 *(SORT_BY_NAME(.init_array.*))
 *(.init_array*)
 .init_array    0x080725e0        0x4 C:/ST/STM32CubeIDE_1.18.1/STM32CubeIDE/plugins/com.st.stm32cube.ide.mcu.externaltools.gnu-tools-for-stm32.13.3.rel1.win32_1.0.0.202411081344/tools/bin/../lib/gcc/arm-none-eabi/13.3.1/thumb/v7e-m+fp/hard/crtbegin.o
                0x080725e4                        PROVIDE (__init_array_end = .)
                0x080725e4                        . = ALIGN (0x4)

.fini_array     0x080725e4        0x4
                0x080725e4                        . = ALIGN (0x4)
                [!provide]                        PROVIDE (__fini_array_start = .)
 *(SORT_BY_NAME(.fini_array.*))
 *(.fini_array*)
 .fini_array    0x080725e4        0x4 C:/ST/STM32CubeIDE_1.18.1/STM32CubeIDE/plugins/com.st.stm32cube.ide.mcu.externaltools.gnu-tools-for-stm32.13.3.rel1.win32_1.0.0.202411081344/tools/bin/../lib/gcc/arm-none-eabi/13.3.1/thumb/v7e-m+fp/hard/crtbegin.o
                [!provide]                        PROVIDE (__fini_array_end = .)
                0x080725e8                        . = ALIGN (0x4)
                0x080725e8                        _sidata = LOADADDR (.data)

.data           0x20000000       0x10 load address 0x080725e8
                0x20000000                        . = ALIGN (0x4)
                0x20000000                        _sdata = .
 *(.data)
 *(.data*)
 .data.SystemCoreClock
                0x20000000        0x4 ./Core/Src/system_stm32f4xx.o
                0x20000000                SystemCoreClock
 .data.uwTickPrio
                0x20000004        0x4 ./Drivers/STM32F4xx_HAL_Driver/Src/stm32f4xx_hal.o
                0x20000004                uwTickPrio
 .data.uwTickFreq
                0x20000008        0x1 ./Drivers/STM32F4xx_HAL_Driver/Src/stm32f4xx_hal.o
                0x20000008                uwTickFreq
 *fill*         0x20000009        0x3 
 .data.hlcd     0x2000000c        0x4 ./bsp_f4x/lcd/bsp_lcd.o
                0x2000000c                hlcd
 *(.RamFunc)
 *(.RamFunc*)
                0x20000010                        . = ALIGN (0x4)
                0x20000010                        _edata = .
                0x080725f8                        _siccmram = LOADADDR (.ccmram)

.igot.plt       0x20000010        0x0 load address 0x080725f8
 .igot.plt      0x20000010        0x0 C:/ST/STM32CubeIDE_1.18.1/STM32CubeIDE/plugins/com.st.stm32cube.ide.mcu.externaltools.gnu-tools-for-stm32.13.3.rel1.win32_1.0.0.202411081344/tools/bin/../lib/gcc/arm-none-eabi/13.3.1/thumb/v7e-m+fp/hard/crtbegin.o

.ccmram         0x10000000        0x0 load address 0x080725f8
                0x10000000                        . = ALIGN (0x4)
                0x10000000                        _sccmram = .
 *(.ccmram)
 *(.ccmram*)
                0x10000000                        . = ALIGN (0x4)
                0x10000000                        _eccmram = .
                0x10000000                        . = ALIGN (0x4)

.bss            0x20000010     0x5048
                0x20000010                        _sbss = .
                0x20000010                        __bss_start__ = _sbss
 *(.bss)
 .bss           0x20000010       0x1c C:/ST/STM32CubeIDE_1.18.1/STM32CubeIDE/plugins/com.st.stm32cube.ide.mcu.externaltools.gnu-tools-for-stm32.13.3.rel1.win32_1.0.0.202411081344/tools/bin/../lib/gcc/arm-none-eabi/13.3.1/thumb/v7e-m+fp/hard/crtbegin.o
 *(.bss*)
 .bss.uwTick    0x2000002c        0x4 ./Drivers/STM32F4xx_HAL_Driver/Src/stm32f4xx_hal.o
                0x2000002c                uwTick
 .bss.lcd_handle
                0x20000030       0x28 ./bsp_f4x/lcd/bsp_lcd.o
                0x20000030                lcd_handle
 .bss.bsp_db    0x20000058     0x2800 ./bsp_f4x/lcd/bsp_lcd.o
                0x20000058                bsp_db
 .bss.bsp_wb    0x20002858     0x2800 ./bsp_f4x/lcd/bsp_lcd.o
                0x20002858                bsp_wb
 *(COMMON)
                0x20005058                        . = ALIGN (0x4)
                0x20005058                        _ebss = .
                0x20005058                        __bss_end__ = _ebss

._user_heap_stack
                0x20005058      0x600
                0x20005058                        . = ALIGN (0x8)
                [!provide]                        PROVIDE (end = .)
                0x20005058                        PROVIDE (_end = .)
                0x20005258                        . = (. + _Min_Heap_Size)
 *fill*         0x20005058      0x200 
                0x20005658                        . = (. + _Min_Stack_Size)
 *fill*         0x20005258      0x400 
                0x20005658                        . = ALIGN (0x8)

/DISCARD/
 libc.a(*)
 libm.a(*)
 libgcc.a(*)

.ARM.attributes
                0x00000000       0x30
 *(.ARM.attributes)
 .ARM.attributes
                0x00000000       0x22 C:/ST/STM32CubeIDE_1.18.1/STM32CubeIDE/plugins/com.st.stm32cube.ide.mcu.externaltools.gnu-tools-for-stm32.13.3.rel1.win32_1.0.0.202411081344/tools/bin/../lib/gcc/arm-none-eabi/13.3.1/thumb/v7e-m+fp/hard/crti.o
 .ARM.attributes
                0x00000022       0x34 C:/ST/STM32CubeIDE_1.18.1/STM32CubeIDE/plugins/com.st.stm32cube.ide.mcu.externaltools.gnu-tools-for-stm32.13.3.rel1.win32_1.0.0.202411081344/tools/bin/../lib/gcc/arm-none-eabi/13.3.1/thumb/v7e-m+fp/hard/crtbegin.o
 .ARM.attributes
                0x00000056       0x34 ./Core/Src/main.o
 .ARM.attributes
                0x0000008a       0x34 ./Core/Src/stm32f4xx_hal_msp.o
 .ARM.attributes
                0x000000be       0x34 ./Core/Src/stm32f4xx_it.o
 .ARM.attributes
                0x000000f2       0x34 ./Core/Src/system_stm32f4xx.o
 .ARM.attributes
                0x00000126       0x34 ./Core/Src/t1_320x240.o
 .ARM.attributes
                0x0000015a       0x34 ./Core/Src/t2_320x240.o
 .ARM.attributes
                0x0000018e       0x34 ./Core/Src/t3_320x240.o
 .ARM.attributes
                0x000001c2       0x21 ./Core/Startup/startup_stm32f407vgtx.o
 .ARM.attributes
                0x000001e3       0x34 ./Drivers/STM32F4xx_HAL_Driver/Src/stm32f4xx_hal.o
 .ARM.attributes
                0x00000217       0x34 ./Drivers/STM32F4xx_HAL_Driver/Src/stm32f4xx_hal_cortex.o
 .ARM.attributes
                0x0000024b       0x34 ./Drivers/STM32F4xx_HAL_Driver/Src/stm32f4xx_hal_rcc.o
 .ARM.attributes
                0x0000027f       0x34 ./bsp_f4x/lcd/bsp_lcd.o
 .ARM.attributes
                0x000002b3       0x34 C:/ST/STM32CubeIDE_1.18.1/STM32CubeIDE/plugins/com.st.stm32cube.ide.mcu.externaltools.gnu-tools-for-stm32.13.3.rel1.win32_1.0.0.202411081344/tools/bin/../lib/gcc/arm-none-eabi/13.3.1/../../../../arm-none-eabi/lib/thumb/v7e-m+fp/hard\libc_nano.a(libc_a-memset.o)
 .ARM.attributes
                0x000002e7       0x34 C:/ST/STM32CubeIDE_1.18.1/STM32CubeIDE/plugins/com.st.stm32cube.ide.mcu.externaltools.gnu-tools-for-stm32.13.3.rel1.win32_1.0.0.202411081344/tools/bin/../lib/gcc/arm-none-eabi/13.3.1/../../../../arm-none-eabi/lib/thumb/v7e-m+fp/hard\libc_nano.a(libc_a-init.o)
 .ARM.attributes
                0x0000031b       0x22 C:/ST/STM32CubeIDE_1.18.1/STM32CubeIDE/plugins/com.st.stm32cube.ide.mcu.externaltools.gnu-tools-for-stm32.13.3.rel1.win32_1.0.0.202411081344/tools/bin/../lib/gcc/arm-none-eabi/13.3.1/thumb/v7e-m+fp/hard\libgcc.a(_aeabi_uldivmod.o)
 .ARM.attributes
                0x0000033d       0x34 C:/ST/STM32CubeIDE_1.18.1/STM32CubeIDE/plugins/com.st.stm32cube.ide.mcu.externaltools.gnu-tools-for-stm32.13.3.rel1.win32_1.0.0.202411081344/tools/bin/../lib/gcc/arm-none-eabi/13.3.1/thumb/v7e-m+fp/hard\libgcc.a(_udivmoddi4.o)
 .ARM.attributes
                0x00000371       0x22 C:/ST/STM32CubeIDE_1.18.1/STM32CubeIDE/plugins/com.st.stm32cube.ide.mcu.externaltools.gnu-tools-for-stm32.13.3.rel1.win32_1.0.0.202411081344/tools/bin/../lib/gcc/arm-none-eabi/13.3.1/thumb/v7e-m+fp/hard\libgcc.a(_dvmd_tls.o)
 .ARM.attributes
                0x00000393       0x22 C:/ST/STM32CubeIDE_1.18.1/STM32CubeIDE/plugins/com.st.stm32cube.ide.mcu.externaltools.gnu-tools-for-stm32.13.3.rel1.win32_1.0.0.202411081344/tools/bin/../lib/gcc/arm-none-eabi/13.3.1/thumb/v7e-m+fp/hard/crtn.o
OUTPUT(F407x_Roaring_tiger_demo.elf elf32-littlearm)
LOAD linker stubs
LOAD C:/ST/STM32CubeIDE_1.18.1/STM32CubeIDE/plugins/com.st.stm32cube.ide.mcu.externaltools.gnu-tools-for-stm32.13.3.rel1.win32_1.0.0.202411081344/tools/bin/../lib/gcc/arm-none-eabi/13.3.1/../../../../arm-none-eabi/lib/thumb/v7e-m+fp/hard\libc.a
LOAD C:/ST/STM32CubeIDE_1.18.1/STM32CubeIDE/plugins/com.st.stm32cube.ide.mcu.externaltools.gnu-tools-for-stm32.13.3.rel1.win32_1.0.0.202411081344/tools/bin/../lib/gcc/arm-none-eabi/13.3.1/../../../../arm-none-eabi/lib/thumb/v7e-m+fp/hard\libm.a
LOAD C:/ST/STM32CubeIDE_1.18.1/STM32CubeIDE/plugins/com.st.stm32cube.ide.mcu.externaltools.gnu-tools-for-stm32.13.3.rel1.win32_1.0.0.202411081344/tools/bin/../lib/gcc/arm-none-eabi/13.3.1/thumb/v7e-m+fp/hard\libgcc.a

.debug_info     0x00000000     0x430d
 .debug_info    0x00000000      0x797 ./Core/Src/main.o
 .debug_info    0x00000797      0x27c ./Core/Src/stm32f4xx_hal_msp.o
 .debug_info    0x00000a13      0x112 ./Core/Src/stm32f4xx_it.o
 .debug_info    0x00000b25      0x512 ./Core/Src/system_stm32f4xx.o
 .debug_info    0x00001037       0xb0 ./Core/Src/t1_320x240.o
 .debug_info    0x000010e7       0xb0 ./Core/Src/t2_320x240.o
 .debug_info    0x00001197       0xb0 ./Core/Src/t3_320x240.o
 .debug_info    0x00001247       0x30 ./Core/Startup/startup_stm32f407vgtx.o
 .debug_info    0x00001277      0x948 ./Drivers/STM32F4xx_HAL_Driver/Src/stm32f4xx_hal.o
 .debug_info    0x00001bbf      0xd46 ./Drivers/STM32F4xx_HAL_Driver/Src/stm32f4xx_hal_cortex.o
 .debug_info    0x00002905      0x8b1 ./Drivers/STM32F4xx_HAL_Driver/Src/stm32f4xx_hal_rcc.o
 .debug_info    0x000031b6     0x1157 ./bsp_f4x/lcd/bsp_lcd.o

.debug_abbrev   0x00000000     0x114e
 .debug_abbrev  0x00000000      0x255 ./Core/Src/main.o
 .debug_abbrev  0x00000255       0xf4 ./Core/Src/stm32f4xx_hal_msp.o
 .debug_abbrev  0x00000349       0x73 ./Core/Src/stm32f4xx_it.o
 .debug_abbrev  0x000003bc      0x11a ./Core/Src/system_stm32f4xx.o
 .debug_abbrev  0x000004d6       0x63 ./Core/Src/t1_320x240.o
 .debug_abbrev  0x00000539       0x63 ./Core/Src/t2_320x240.o
 .debug_abbrev  0x0000059c       0x63 ./Core/Src/t3_320x240.o
 .debug_abbrev  0x000005ff       0x24 ./Core/Startup/startup_stm32f407vgtx.o
 .debug_abbrev  0x00000623      0x213 ./Drivers/STM32F4xx_HAL_Driver/Src/stm32f4xx_hal.o
 .debug_abbrev  0x00000836      0x327 ./Drivers/STM32F4xx_HAL_Driver/Src/stm32f4xx_hal_cortex.o
 .debug_abbrev  0x00000b5d      0x2b6 ./Drivers/STM32F4xx_HAL_Driver/Src/stm32f4xx_hal_rcc.o
 .debug_abbrev  0x00000e13      0x33b ./bsp_f4x/lcd/bsp_lcd.o

.debug_aranges  0x00000000      0x540
 .debug_aranges
                0x00000000       0x40 ./Core/Src/main.o
 .debug_aranges
                0x00000040       0x20 ./Core/Src/stm32f4xx_hal_msp.o
 .debug_aranges
                0x00000060       0x60 ./Core/Src/stm32f4xx_it.o
 .debug_aranges
                0x000000c0       0x28 ./Core/Src/system_stm32f4xx.o
 .debug_aranges
                0x000000e8       0x18 ./Core/Src/t1_320x240.o
 .debug_aranges
                0x00000100       0x18 ./Core/Src/t2_320x240.o
 .debug_aranges
                0x00000118       0x18 ./Core/Src/t3_320x240.o
 .debug_aranges
                0x00000130       0x28 ./Core/Startup/startup_stm32f407vgtx.o
 .debug_aranges
                0x00000158       0xf0 ./Drivers/STM32F4xx_HAL_Driver/Src/stm32f4xx_hal.o
 .debug_aranges
                0x00000248      0x118 ./Drivers/STM32F4xx_HAL_Driver/Src/stm32f4xx_hal_cortex.o
 .debug_aranges
                0x00000360       0x88 ./Drivers/STM32F4xx_HAL_Driver/Src/stm32f4xx_hal_rcc.o
 .debug_aranges
                0x000003e8      0x158 ./bsp_f4x/lcd/bsp_lcd.o

.debug_rnglists
                0x00000000      0x3a4
 .debug_rnglists
                0x00000000       0x2d ./Core/Src/main.o
 .debug_rnglists
                0x0000002d       0x13 ./Core/Src/stm32f4xx_hal_msp.o
 .debug_rnglists
                0x00000040       0x43 ./Core/Src/stm32f4xx_it.o
 .debug_rnglists
                0x00000083       0x1a ./Core/Src/system_stm32f4xx.o
 .debug_rnglists
                0x0000009d       0x19 ./Core/Startup/startup_stm32f407vgtx.o
 .debug_rnglists
                0x000000b6       0xaf ./Drivers/STM32F4xx_HAL_Driver/Src/stm32f4xx_hal.o
 .debug_rnglists
                0x00000165       0xce ./Drivers/STM32F4xx_HAL_Driver/Src/stm32f4xx_hal_cortex.o
 .debug_rnglists
                0x00000233       0x66 ./Drivers/STM32F4xx_HAL_Driver/Src/stm32f4xx_hal_rcc.o
 .debug_rnglists
                0x00000299      0x10b ./bsp_f4x/lcd/bsp_lcd.o

.debug_macro    0x00000000    0x36420
 .debug_macro   0x00000000      0x31a ./Core/Src/main.o
 .debug_macro   0x0000031a      0xad8 ./Core/Src/main.o
 .debug_macro   0x00000df2      0x295 ./Core/Src/main.o
 .debug_macro   0x00001087       0x2e ./Core/Src/main.o
 .debug_macro   0x000010b5       0x2f ./Core/Src/main.o
 .debug_macro   0x000010e4       0x22 ./Core/Src/main.o
 .debug_macro   0x00001106       0x8e ./Core/Src/main.o
 .debug_macro   0x00001194       0x51 ./Core/Src/main.o
 .debug_macro   0x000011e5      0x103 ./Core/Src/main.o
 .debug_macro   0x000012e8       0x6a ./Core/Src/main.o
 .debug_macro   0x00001352      0x1df ./Core/Src/main.o
 .debug_macro   0x00001531       0x1c ./Core/Src/main.o
 .debug_macro   0x0000154d       0x22 ./Core/Src/main.o
 .debug_macro   0x0000156f       0xd9 ./Core/Src/main.o
 .debug_macro   0x00001648     0x102d ./Core/Src/main.o
 .debug_macro   0x00002675      0x11f ./Core/Src/main.o
 .debug_macro   0x00002794    0x15e82 ./Core/Src/main.o
 .debug_macro   0x00018616       0x6d ./Core/Src/main.o
 .debug_macro   0x00018683     0x367e ./Core/Src/main.o
 .debug_macro   0x0001bd01      0x190 ./Core/Src/main.o
 .debug_macro   0x0001be91       0x5c ./Core/Src/main.o
 .debug_macro   0x0001beed      0x96b ./Core/Src/main.o
 .debug_macro   0x0001c858      0x9fe ./Core/Src/main.o
 .debug_macro   0x0001d256      0x115 ./Core/Src/main.o
 .debug_macro   0x0001d36b      0x13e ./Core/Src/main.o
 .debug_macro   0x0001d4a9       0xa5 ./Core/Src/main.o
 .debug_macro   0x0001d54e      0x174 ./Core/Src/main.o
 .debug_macro   0x0001d6c2      0x287 ./Core/Src/main.o
 .debug_macro   0x0001d949       0x5f ./Core/Src/main.o
 .debug_macro   0x0001d9a8      0x236 ./Core/Src/main.o
 .debug_macro   0x0001dbde      0x12c ./Core/Src/main.o
 .debug_macro   0x0001dd0a      0x21e ./Core/Src/main.o
 .debug_macro   0x0001df28       0x2e ./Core/Src/main.o
 .debug_macro   0x0001df56      0x11a ./Core/Src/main.o
 .debug_macro   0x0001e070       0x7e ./Core/Src/main.o
 .debug_macro   0x0001e0ee       0x89 ./Core/Src/main.o
 .debug_macro   0x0001e177      0x225 ./Core/Src/main.o
 .debug_macro   0x0001e39c      0x12d ./Core/Src/main.o
 .debug_macro   0x0001e4c9      0x1b8 ./Core/Src/main.o
 .debug_macro   0x0001e681       0xb8 ./Core/Src/main.o
 .debug_macro   0x0001e739       0x40 ./Core/Src/main.o
 .debug_macro   0x0001e779       0x61 ./Core/Src/main.o
 .debug_macro   0x0001e7da       0x2a ./Core/Src/main.o
 .debug_macro   0x0001e804       0x43 ./Core/Src/main.o
 .debug_macro   0x0001e847       0x34 ./Core/Src/main.o
 .debug_macro   0x0001e87b       0x16 ./Core/Src/main.o
 .debug_macro   0x0001e891       0x3c ./Core/Src/main.o
 .debug_macro   0x0001e8cd      0x370 ./Core/Src/main.o
 .debug_macro   0x0001ec3d       0x10 ./Core/Src/main.o
 .debug_macro   0x0001ec4d       0x16 ./Core/Src/main.o
 .debug_macro   0x0001ec63       0x4a ./Core/Src/main.o
 .debug_macro   0x0001ecad       0x34 ./Core/Src/main.o
 .debug_macro   0x0001ece1       0x10 ./Core/Src/main.o
 .debug_macro   0x0001ecf1       0x58 ./Core/Src/main.o
 .debug_macro   0x0001ed49       0x8e ./Core/Src/main.o
 .debug_macro   0x0001edd7       0x1c ./Core/Src/main.o
 .debug_macro   0x0001edf3      0x185 ./Core/Src/main.o
 .debug_macro   0x0001ef78       0x16 ./Core/Src/main.o
 .debug_macro   0x0001ef8e       0x16 ./Core/Src/main.o
 .debug_macro   0x0001efa4      0x146 ./Core/Src/main.o
 .debug_macro   0x0001f0ea      0x1f0 ./Core/Src/main.o
 .debug_macro   0x0001f2da      0x1c0 ./Core/Src/main.o
 .debug_macro   0x0001f49a       0x88 ./Core/Src/main.o
 .debug_macro   0x0001f522      0x1c9 ./Core/Src/stm32f4xx_hal_msp.o
 .debug_macro   0x0001f6eb      0x1d3 ./Core/Src/stm32f4xx_it.o
 .debug_macro   0x0001f8be      0x1ba ./Core/Src/system_stm32f4xx.o
 .debug_macro   0x0001fa78       0x69 ./Core/Src/t1_320x240.o
 .debug_macro   0x0001fae1       0x69 ./Core/Src/t2_320x240.o
 .debug_macro   0x0001fb4a       0x69 ./Core/Src/t3_320x240.o
 .debug_macro   0x0001fbb3      0x21a ./Drivers/STM32F4xx_HAL_Driver/Src/stm32f4xx_hal.o
 .debug_macro   0x0001fdcd      0x1ba ./Drivers/STM32F4xx_HAL_Driver/Src/stm32f4xx_hal_cortex.o
 .debug_macro   0x0001ff87      0x1de ./Drivers/STM32F4xx_HAL_Driver/Src/stm32f4xx_hal_rcc.o
 .debug_macro   0x00020165      0x236 ./bsp_f4x/lcd/bsp_lcd.o
 .debug_macro   0x0002039b       0x53 ./bsp_f4x/lcd/bsp_lcd.o
 .debug_macro   0x000203ee    0x15e82 ./bsp_f4x/lcd/bsp_lcd.o
 .debug_macro   0x00036270       0x9e ./bsp_f4x/lcd/bsp_lcd.o
 .debug_macro   0x0003630e      0x112 ./bsp_f4x/lcd/bsp_lcd.o

.debug_line     0x00000000     0x5fc7
 .debug_line    0x00000000      0xab0 ./Core/Src/main.o
 .debug_line    0x00000ab0      0x715 ./Core/Src/stm32f4xx_hal_msp.o
 .debug_line    0x000011c5      0x7c3 ./Core/Src/stm32f4xx_it.o
 .debug_line    0x00001988      0x799 ./Core/Src/system_stm32f4xx.o
 .debug_line    0x00002121      0x3f8 ./Core/Src/t1_320x240.o
 .debug_line    0x00002519      0x3f8 ./Core/Src/t2_320x240.o
 .debug_line    0x00002911      0x3f8 ./Core/Src/t3_320x240.o
 .debug_line    0x00002d09       0x7a ./Core/Startup/startup_stm32f407vgtx.o
 .debug_line    0x00002d83      0xa06 ./Drivers/STM32F4xx_HAL_Driver/Src/stm32f4xx_hal.o
 .debug_line    0x00003789      0xc91 ./Drivers/STM32F4xx_HAL_Driver/Src/stm32f4xx_hal_cortex.o
 .debug_line    0x0000441a      0xdfd ./Drivers/STM32F4xx_HAL_Driver/Src/stm32f4xx_hal_rcc.o
 .debug_line    0x00005217      0xdb0 ./bsp_f4x/lcd/bsp_lcd.o

.debug_str      0x00000000    0xc32c0
 .debug_str     0x00000000    0xc32c0 ./Core/Src/main.o
                              0xc1807 (size before relaxing)
 .debug_str     0x000c32c0    0xbc827 ./Core/Src/stm32f4xx_hal_msp.o
 .debug_str     0x000c32c0    0xbc790 ./Core/Src/stm32f4xx_it.o
 .debug_str     0x000c32c0    0xbc1c0 ./Core/Src/system_stm32f4xx.o
 .debug_str     0x000c32c0     0x3df5 ./Core/Src/t1_320x240.o
 .debug_str     0x000c32c0     0x3df5 ./Core/Src/t2_320x240.o
 .debug_str     0x000c32c0     0x3df5 ./Core/Src/t3_320x240.o
 .debug_str     0x000c32c0       0xae ./Core/Startup/startup_stm32f407vgtx.o
 .debug_str     0x000c32c0    0xbcd44 ./Drivers/STM32F4xx_HAL_Driver/Src/stm32f4xx_hal.o
 .debug_str     0x000c32c0    0xbca77 ./Drivers/STM32F4xx_HAL_Driver/Src/stm32f4xx_hal_cortex.o
 .debug_str     0x000c32c0    0xbc5f4 ./Drivers/STM32F4xx_HAL_Driver/Src/stm32f4xx_hal_rcc.o
 .debug_str     0x000c32c0    0x86e3f ./bsp_f4x/lcd/bsp_lcd.o

.comment        0x00000000       0x43
 .comment       0x00000000       0x43 ./Core/Src/main.o
                                 0x44 (size before relaxing)
 .comment       0x00000043       0x44 ./Core/Src/stm32f4xx_hal_msp.o
 .comment       0x00000043       0x44 ./Core/Src/stm32f4xx_it.o
 .comment       0x00000043       0x44 ./Core/Src/system_stm32f4xx.o
 .comment       0x00000043       0x44 ./Core/Src/t1_320x240.o
 .comment       0x00000043       0x44 ./Core/Src/t2_320x240.o
 .comment       0x00000043       0x44 ./Core/Src/t3_320x240.o
 .comment       0x00000043       0x44 ./Drivers/STM32F4xx_HAL_Driver/Src/stm32f4xx_hal.o
 .comment       0x00000043       0x44 ./Drivers/STM32F4xx_HAL_Driver/Src/stm32f4xx_hal_cortex.o
 .comment       0x00000043       0x44 ./Drivers/STM32F4xx_HAL_Driver/Src/stm32f4xx_hal_rcc.o
 .comment       0x00000043       0x44 ./bsp_f4x/lcd/bsp_lcd.o

.debug_frame    0x00000000     0x12dc
 .debug_frame   0x00000000       0xb4 ./Core/Src/main.o
 .debug_frame   0x000000b4       0x34 ./Core/Src/stm32f4xx_hal_msp.o
 .debug_frame   0x000000e8      0x104 ./Core/Src/stm32f4xx_it.o
 .debug_frame   0x000001ec       0x58 ./Core/Src/system_stm32f4xx.o
 .debug_frame   0x00000244      0x374 ./Drivers/STM32F4xx_HAL_Driver/Src/stm32f4xx_hal.o
 .debug_frame   0x000005b8      0x498 ./Drivers/STM32F4xx_HAL_Driver/Src/stm32f4xx_hal_cortex.o
 .debug_frame   0x00000a50      0x1f4 ./Drivers/STM32F4xx_HAL_Driver/Src/stm32f4xx_hal_rcc.o
 .debug_frame   0x00000c44      0x5ec ./bsp_f4x/lcd/bsp_lcd.o
 .debug_frame   0x00001230       0x20 C:/ST/STM32CubeIDE_1.18.1/STM32CubeIDE/plugins/com.st.stm32cube.ide.mcu.externaltools.gnu-tools-for-stm32.13.3.rel1.win32_1.0.0.202411081344/tools/bin/../lib/gcc/arm-none-eabi/13.3.1/../../../../arm-none-eabi/lib/thumb/v7e-m+fp/hard\libc_nano.a(libc_a-memset.o)
 .debug_frame   0x00001250       0x2c C:/ST/STM32CubeIDE_1.18.1/STM32CubeIDE/plugins/com.st.stm32cube.ide.mcu.externaltools.gnu-tools-for-stm32.13.3.rel1.win32_1.0.0.202411081344/tools/bin/../lib/gcc/arm-none-eabi/13.3.1/../../../../arm-none-eabi/lib/thumb/v7e-m+fp/hard\libc_nano.a(libc_a-init.o)
 .debug_frame   0x0000127c       0x2c C:/ST/STM32CubeIDE_1.18.1/STM32CubeIDE/plugins/com.st.stm32cube.ide.mcu.externaltools.gnu-tools-for-stm32.13.3.rel1.win32_1.0.0.202411081344/tools/bin/../lib/gcc/arm-none-eabi/13.3.1/thumb/v7e-m+fp/hard\libgcc.a(_aeabi_uldivmod.o)
 .debug_frame   0x000012a8       0x34 C:/ST/STM32CubeIDE_1.18.1/STM32CubeIDE/plugins/com.st.stm32cube.ide.mcu.externaltools.gnu-tools-for-stm32.13.3.rel1.win32_1.0.0.202411081344/tools/bin/../lib/gcc/arm-none-eabi/13.3.1/thumb/v7e-m+fp/hard\libgcc.a(_udivmoddi4.o)

.debug_line_str
                0x00000000       0x92
 .debug_line_str
                0x00000000       0x92 ./Core/Startup/startup_stm32f407vgtx.o
