../bsp_f4x/tsc/FT6336U.c:56:6:HAL_I2C_MspInit	48	static
../bsp_f4x/tsc/FT6336U.c:96:6:HAL_I2C_MspDeInit	16	static
../bsp_f4x/tsc/FT6336U.c:123:13:MX_I2C1_Init	8	static
../bsp_f4x/tsc/FT6336U.c:143:6:ft6336u_init	40	static
../bsp_f4x/tsc/FT6336U.c:169:9:ft6336u_irq_pin_read	16	static
../bsp_f4x/tsc/FT6336U.c:179:26:ft6336u_write_reg	32	static
../bsp_f4x/tsc/FT6336U.c:187:19:ft6336u_config	48	static
../bsp_f4x/tsc/FT6336U.c:239:19:ft6336u_read_touch	56	static
../bsp_f4x/tsc/FT6336U.c:283:6:ft6336u_read	72	static
../bsp_f4x/tsc/FT6336U.c:345:13:ft6336u_corr	16	static
../bsp_f4x/tsc/FT6336U.c:381:13:ft6336u_avg	32	static
