../lvgl/src/widgets/arc/../../core/lv_obj_style_gen.h:103:26:lv_obj_get_style_pad_top	24	static
../lvgl/src/widgets/arc/../../core/lv_obj_style_gen.h:109:26:lv_obj_get_style_pad_bottom	24	static
../lvgl/src/widgets/arc/../../core/lv_obj_style_gen.h:115:26:lv_obj_get_style_pad_left	24	static
../lvgl/src/widgets/arc/../../core/lv_obj_style_gen.h:121:26:lv_obj_get_style_pad_right	24	static
../lvgl/src/widgets/arc/../../core/lv_obj_style_gen.h:409:26:lv_obj_get_style_arc_width	24	static
../lvgl/src/widgets/arc/../../core/lv_obj_style_gen.h:415:20:lv_obj_get_style_arc_rounded	24	static
../lvgl/src/widgets/arc/lv_arc.c:62:12:lv_arc_create	32	static
../lvgl/src/widgets/arc/lv_arc.c:82:6:lv_arc_set_start_angle	24	static
../lvgl/src/widgets/arc/lv_arc.c:106:6:lv_arc_set_end_angle	24	static
../lvgl/src/widgets/arc/lv_arc.c:129:6:lv_arc_set_angles	16	static
../lvgl/src/widgets/arc/lv_arc.c:135:6:lv_arc_set_bg_start_angle	24	static
../lvgl/src/widgets/arc/lv_arc.c:157:6:lv_arc_set_bg_end_angle	24	static
../lvgl/src/widgets/arc/lv_arc.c:179:6:lv_arc_set_bg_angles	16	static
../lvgl/src/widgets/arc/lv_arc.c:185:6:lv_arc_set_rotation	24	static
../lvgl/src/widgets/arc/lv_arc.c:195:6:lv_arc_set_mode	32	static
../lvgl/src/widgets/arc/lv_arc.c:224:6:lv_arc_set_value	24	static
../lvgl/src/widgets/arc/lv_arc.c:241:6:lv_arc_set_range	24	static
../lvgl/src/widgets/arc/lv_arc.c:261:6:lv_arc_set_change_rate	24	static
../lvgl/src/widgets/arc/lv_arc.c:269:6:lv_arc_set_knob_offset	24	static
../lvgl/src/widgets/arc/lv_arc.c:281:10:lv_arc_get_angle_start	16	static
../lvgl/src/widgets/arc/lv_arc.c:287:10:lv_arc_get_angle_end	16	static
../lvgl/src/widgets/arc/lv_arc.c:293:10:lv_arc_get_bg_angle_start	16	static
../lvgl/src/widgets/arc/lv_arc.c:299:10:lv_arc_get_bg_angle_end	16	static
../lvgl/src/widgets/arc/lv_arc.c:305:9:lv_arc_get_value	16	static
../lvgl/src/widgets/arc/lv_arc.c:311:9:lv_arc_get_min_value	16	static
../lvgl/src/widgets/arc/lv_arc.c:317:9:lv_arc_get_max_value	16	static
../lvgl/src/widgets/arc/lv_arc.c:323:15:lv_arc_get_mode	16	static
../lvgl/src/widgets/arc/lv_arc.c:329:9:lv_arc_get_rotation	16	static
../lvgl/src/widgets/arc/lv_arc.c:335:9:lv_arc_get_knob_offset	16	static
../lvgl/src/widgets/arc/lv_arc.c:346:6:lv_arc_align_obj_to_angle	72	static
../lvgl/src/widgets/arc/lv_arc.c:367:6:lv_arc_rotate_obj_to_angle	64	static
../lvgl/src/widgets/arc/lv_arc.c:399:13:lv_arc_constructor	24	static
../lvgl/src/widgets/arc/lv_arc.c:430:13:lv_arc_event	152	static
../lvgl/src/widgets/arc/lv_arc.c:631:13:lv_arc_draw	216	static
../lvgl/src/widgets/arc/lv_arc.c:710:13:inv_arc_area	72	static
../lvgl/src/widgets/arc/lv_arc.c:742:13:inv_knob_area	32	static
../lvgl/src/widgets/arc/lv_arc.c:753:13:get_center	48	static
../lvgl/src/widgets/arc/lv_arc.c:769:19:get_angle	32	static
../lvgl/src/widgets/arc/lv_arc.c:795:13:get_knob_area	56	static
../lvgl/src/widgets/arc/lv_arc.c:821:13:value_update	48	static
