../lvgl/src/widgets/dropdown/../../core/../misc/../font/lv_font.h:124:26:lv_font_get_line_height	16	static
../lvgl/src/widgets/dropdown/../../core/lv_obj_style_gen.h:85:26:lv_obj_get_style_transform_angle	24	static
../lvgl/src/widgets/dropdown/../../core/lv_obj_style_gen.h:103:26:lv_obj_get_style_pad_top	24	static
../lvgl/src/widgets/dropdown/../../core/lv_obj_style_gen.h:109:26:lv_obj_get_style_pad_bottom	24	static
../lvgl/src/widgets/dropdown/../../core/lv_obj_style_gen.h:115:26:lv_obj_get_style_pad_left	24	static
../lvgl/src/widgets/dropdown/../../core/lv_obj_style_gen.h:121:26:lv_obj_get_style_pad_right	24	static
../lvgl/src/widgets/dropdown/../../core/lv_obj_style_gen.h:253:26:lv_obj_get_style_border_width	24	static
../lvgl/src/widgets/dropdown/../../core/lv_obj_style_gen.h:463:33:lv_obj_get_style_text_font	24	static
../lvgl/src/widgets/dropdown/../../core/lv_obj_style_gen.h:475:26:lv_obj_get_style_text_line_space	24	static
../lvgl/src/widgets/dropdown/../../core/lv_obj_style_gen.h:559:29:lv_obj_get_style_base_dir	24	static
../lvgl/src/widgets/dropdown/lv_dropdown.c:91:12:lv_dropdown_create	32	static
../lvgl/src/widgets/dropdown/lv_dropdown.c:103:6:lv_dropdown_set_text	24	static
../lvgl/src/widgets/dropdown/lv_dropdown.c:114:6:lv_dropdown_set_options	48	static
../lvgl/src/widgets/dropdown/lv_dropdown.c:161:6:lv_dropdown_set_options_static	40	static
../lvgl/src/widgets/dropdown/lv_dropdown.c:190:6:lv_dropdown_add_option	88	static
../lvgl/src/widgets/dropdown/lv_dropdown.c:261:6:lv_dropdown_clear_options	24	static
../lvgl/src/widgets/dropdown/lv_dropdown.c:278:6:lv_dropdown_set_selected	24	static
../lvgl/src/widgets/dropdown/lv_dropdown.c:291:6:lv_dropdown_set_dir	24	static
../lvgl/src/widgets/dropdown/lv_dropdown.c:303:6:lv_dropdown_set_symbol	24	static
../lvgl/src/widgets/dropdown/lv_dropdown.c:312:6:lv_dropdown_set_selected_highlight	24	static
../lvgl/src/widgets/dropdown/lv_dropdown.c:325:12:lv_dropdown_get_list	24	static
../lvgl/src/widgets/dropdown/lv_dropdown.c:333:14:lv_dropdown_get_text	24	static
../lvgl/src/widgets/dropdown/lv_dropdown.c:341:14:lv_dropdown_get_options	24	static
../lvgl/src/widgets/dropdown/lv_dropdown.c:349:10:lv_dropdown_get_selected	24	static
../lvgl/src/widgets/dropdown/lv_dropdown.c:358:10:lv_dropdown_get_option_cnt	24	static
../lvgl/src/widgets/dropdown/lv_dropdown.c:367:6:lv_dropdown_get_selected_str	56	static
../lvgl/src/widgets/dropdown/lv_dropdown.c:401:9:lv_dropdown_get_option_index	32	static
../lvgl/src/widgets/dropdown/lv_dropdown.c:421:14:lv_dropdown_get_symbol	24	static
../lvgl/src/widgets/dropdown/lv_dropdown.c:428:6:lv_dropdown_get_selected_highlight	24	static
../lvgl/src/widgets/dropdown/lv_dropdown.c:435:10:lv_dropdown_get_dir	24	static
../lvgl/src/widgets/dropdown/lv_dropdown.c:446:6:lv_dropdown_open	64	static
../lvgl/src/widgets/dropdown/lv_dropdown.c:544:6:lv_dropdown_close	24	static
../lvgl/src/widgets/dropdown/lv_dropdown.c:557:6:lv_dropdown_is_open	24	static
../lvgl/src/widgets/dropdown/lv_dropdown.c:569:19:lv_dropdown_list_create	32	static
../lvgl/src/widgets/dropdown/lv_dropdown.c:577:13:lv_dropdown_constructor	24	static
../lvgl/src/widgets/dropdown/lv_dropdown.c:607:13:lv_dropdown_destructor	24	static
../lvgl/src/widgets/dropdown/lv_dropdown.c:623:13:lv_dropdownlist_constructor	16	static
../lvgl/src/widgets/dropdown/lv_dropdown.c:638:13:lv_dropdownlist_destructor	32	static
../lvgl/src/widgets/dropdown/lv_dropdown.c:647:13:lv_dropdown_event	56	static
../lvgl/src/widgets/dropdown/lv_dropdown.c:737:13:lv_dropdown_list_event	32	static
../lvgl/src/widgets/dropdown/lv_dropdown.c:773:13:draw_main	200	static
../lvgl/src/widgets/dropdown/lv_dropdown.c:887:13:draw_list	56	static
../lvgl/src/widgets/dropdown/lv_dropdown.c:923:13:draw_box	112	static
../lvgl/src/widgets/dropdown/lv_dropdown.c:961:13:draw_box_label	112	static
../lvgl/src/widgets/dropdown/lv_dropdown.c:1008:17:btn_release_handler	32	static
../lvgl/src/widgets/dropdown/lv_dropdown.c:1044:17:list_release_handler	48	static
../lvgl/src/widgets/dropdown/lv_dropdown.c:1080:13:list_press_handler	40	static
../lvgl/src/widgets/dropdown/lv_dropdown.c:1095:17:get_id_on_point	40	static
../lvgl/src/widgets/dropdown/lv_dropdown.c:1119:13:position_to_selected	48	static
../lvgl/src/widgets/dropdown/lv_dropdown.c:1139:19:get_label	24	static
