../lvgl/src/layouts/flex/../../core/../misc/../font/../misc/lv_area.h:110:20:lv_area_copy	16	static
../lvgl/src/layouts/flex/../../core/../misc/../font/../misc/lv_area.h:123:26:lv_area_get_width	16	static
../lvgl/src/layouts/flex/../../core/../misc/../font/../misc/lv_area.h:133:26:lv_area_get_height	16	static
../lvgl/src/layouts/flex/../../core/lv_obj_style_gen.h:1:26:lv_obj_get_style_width	24	static
../lvgl/src/layouts/flex/../../core/lv_obj_style_gen.h:7:26:lv_obj_get_style_min_width	24	static
../lvgl/src/layouts/flex/../../core/lv_obj_style_gen.h:13:26:lv_obj_get_style_max_width	24	static
../lvgl/src/layouts/flex/../../core/lv_obj_style_gen.h:19:26:lv_obj_get_style_height	24	static
../lvgl/src/layouts/flex/../../core/lv_obj_style_gen.h:25:26:lv_obj_get_style_min_height	24	static
../lvgl/src/layouts/flex/../../core/lv_obj_style_gen.h:31:26:lv_obj_get_style_max_height	24	static
../lvgl/src/layouts/flex/../../core/lv_obj_style_gen.h:67:26:lv_obj_get_style_translate_x	24	static
../lvgl/src/layouts/flex/../../core/lv_obj_style_gen.h:73:26:lv_obj_get_style_translate_y	24	static
../lvgl/src/layouts/flex/../../core/lv_obj_style_gen.h:103:26:lv_obj_get_style_pad_top	24	static
../lvgl/src/layouts/flex/../../core/lv_obj_style_gen.h:115:26:lv_obj_get_style_pad_left	24	static
../lvgl/src/layouts/flex/../../core/lv_obj_style_gen.h:127:26:lv_obj_get_style_pad_row	24	static
../lvgl/src/layouts/flex/../../core/lv_obj_style_gen.h:133:26:lv_obj_get_style_pad_column	24	static
../lvgl/src/layouts/flex/../../core/lv_obj_style_gen.h:253:26:lv_obj_get_style_border_width	24	static
../lvgl/src/layouts/flex/../../core/lv_obj_style_gen.h:559:29:lv_obj_get_style_base_dir	24	static
../lvgl/src/layouts/flex/lv_flex.h:112:30:lv_obj_get_style_flex_flow	24	static
../lvgl/src/layouts/flex/lv_flex.h:118:31:lv_obj_get_style_flex_main_place	24	static
../lvgl/src/layouts/flex/lv_flex.h:124:31:lv_obj_get_style_flex_cross_place	24	static
../lvgl/src/layouts/flex/lv_flex.h:130:31:lv_obj_get_style_flex_track_place	24	static
../lvgl/src/layouts/flex/lv_flex.h:136:23:lv_obj_get_style_flex_grow	24	static
../lvgl/src/layouts/flex/lv_flex.c:96:6:lv_flex_init	8	static
../lvgl/src/layouts/flex/lv_flex.c:106:6:lv_obj_set_flex_flow	16	static
../lvgl/src/layouts/flex/lv_flex.c:112:6:lv_obj_set_flex_align	16	static
../lvgl/src/layouts/flex/lv_flex.c:121:6:lv_obj_set_flex_grow	16	static
../lvgl/src/layouts/flex/lv_flex.c:128:6:lv_style_set_flex_flow	24	static
../lvgl/src/layouts/flex/lv_flex.c:136:6:lv_style_set_flex_main_place	24	static
../lvgl/src/layouts/flex/lv_flex.c:144:6:lv_style_set_flex_cross_place	24	static
../lvgl/src/layouts/flex/lv_flex.c:152:6:lv_style_set_flex_track_place	24	static
../lvgl/src/layouts/flex/lv_flex.c:160:6:lv_style_set_flex_grow	24	static
../lvgl/src/layouts/flex/lv_flex.c:169:6:lv_obj_set_style_flex_flow	32	static
../lvgl/src/layouts/flex/lv_flex.c:177:6:lv_obj_set_style_flex_main_place	32	static
../lvgl/src/layouts/flex/lv_flex.c:185:6:lv_obj_set_style_flex_cross_place	32	static
../lvgl/src/layouts/flex/lv_flex.c:193:6:lv_obj_set_style_flex_track_place	32	static
../lvgl/src/layouts/flex/lv_flex.c:201:6:lv_obj_set_style_flex_grow	32	static
../lvgl/src/layouts/flex/lv_flex.c:213:13:flex_update	152	static
../lvgl/src/layouts/flex/lv_flex.c:321:16:find_track_end	72	static
../lvgl/src/layouts/flex/lv_flex.c:409:13:children_repos	112	static
../lvgl/src/layouts/flex/lv_flex.c:546:13:place_content	16	static
../lvgl/src/layouts/flex/lv_flex.c:586:19:get_next_item	24	static
