../lvgl/src/widgets/textarea/../label/../../core/../misc/../font/../misc/lv_area.h:110:20:lv_area_copy	16	static
../lvgl/src/widgets/textarea/../label/../../core/../misc/../font/../misc/lv_area.h:286:26:lv_pct	16	static
../lvgl/src/widgets/textarea/../label/../../core/../misc/../font/lv_font.h:124:26:lv_font_get_line_height	16	static
../lvgl/src/widgets/textarea/../label/../../core/../misc/lv_anim.h:126:20:lv_anim_set_var	16	static
../lvgl/src/widgets/textarea/../label/../../core/../misc/lv_anim.h:138:20:lv_anim_set_exec_cb	16	static
../lvgl/src/widgets/textarea/../label/../../core/../misc/lv_anim.h:148:20:lv_anim_set_time	16	static
../lvgl/src/widgets/textarea/../label/../../core/../misc/lv_anim.h:169:20:lv_anim_set_values	24	static
../lvgl/src/widgets/textarea/../label/../../core/../misc/lv_anim.h:196:20:lv_anim_set_path_cb	16	static
../lvgl/src/widgets/textarea/../label/../../core/../misc/lv_anim.h:227:20:lv_anim_set_ready_cb	16	static
../lvgl/src/widgets/textarea/../label/../../core/../misc/lv_anim.h:247:20:lv_anim_set_playback_time	16	static
../lvgl/src/widgets/textarea/../label/../../core/../misc/lv_anim.h:267:20:lv_anim_set_repeat_count	16	static
../lvgl/src/widgets/textarea/../label/../../core/lv_obj_style_gen.h:103:26:lv_obj_get_style_pad_top	24	static
../lvgl/src/widgets/textarea/../label/../../core/lv_obj_style_gen.h:109:26:lv_obj_get_style_pad_bottom	24	static
../lvgl/src/widgets/textarea/../label/../../core/lv_obj_style_gen.h:115:26:lv_obj_get_style_pad_left	24	static
../lvgl/src/widgets/textarea/../label/../../core/lv_obj_style_gen.h:121:26:lv_obj_get_style_pad_right	24	static
../lvgl/src/widgets/textarea/../label/../../core/lv_obj_style_gen.h:253:26:lv_obj_get_style_border_width	24	static
../lvgl/src/widgets/textarea/../label/../../core/lv_obj_style_gen.h:445:26:lv_obj_get_style_text_color	24	static
../lvgl/src/widgets/textarea/../label/../../core/lv_obj_style_gen.h:463:33:lv_obj_get_style_text_font	24	static
../lvgl/src/widgets/textarea/../label/../../core/lv_obj_style_gen.h:475:26:lv_obj_get_style_text_line_space	24	static
../lvgl/src/widgets/textarea/../label/../../core/lv_obj_style_gen.h:529:24:lv_obj_get_style_anim_time	24	static
../lvgl/src/widgets/textarea/lv_textarea.c:88:12:lv_textarea_create	24	static
../lvgl/src/widgets/textarea/lv_textarea.c:100:6:lv_textarea_add_char	56	static
../lvgl/src/widgets/textarea/lv_textarea.c:161:6:lv_textarea_add_text	48	static
../lvgl/src/widgets/textarea/lv_textarea.c:211:6:lv_textarea_del_char	48	static
../lvgl/src/widgets/textarea/lv_textarea.c:255:6:lv_textarea_del_char_forward	24	static
../lvgl/src/widgets/textarea/lv_textarea.c:268:6:lv_textarea_set_text	40	static
../lvgl/src/widgets/textarea/lv_textarea.c:315:6:lv_textarea_set_placeholder_text	24	static
../lvgl/src/widgets/textarea/lv_textarea.c:344:6:lv_textarea_set_cursor_pos	48	static
../lvgl/src/widgets/textarea/lv_textarea.c:396:6:lv_textarea_set_cursor_click_pos	24	static
../lvgl/src/widgets/textarea/lv_textarea.c:404:6:lv_textarea_set_password_mode	32	static
../lvgl/src/widgets/textarea/lv_textarea.c:438:6:lv_textarea_set_password_bullet	24	static
../lvgl/src/widgets/textarea/lv_textarea.c:468:6:lv_textarea_set_one_line	24	static
../lvgl/src/widgets/textarea/lv_textarea.c:492:6:lv_textarea_set_accepted_chars	24	static
../lvgl/src/widgets/textarea/lv_textarea.c:501:6:lv_textarea_set_max_length	24	static
../lvgl/src/widgets/textarea/lv_textarea.c:510:6:lv_textarea_set_insert_replace	16	static
../lvgl/src/widgets/textarea/lv_textarea.c:518:6:lv_textarea_set_text_selection	24	static
../lvgl/src/widgets/textarea/lv_textarea.c:534:6:lv_textarea_set_password_show_time	24	static
../lvgl/src/widgets/textarea/lv_textarea.c:542:6:lv_textarea_set_align	16	static
../lvgl/src/widgets/textarea/lv_textarea.c:565:14:lv_textarea_get_text	24	static
../lvgl/src/widgets/textarea/lv_textarea.c:582:14:lv_textarea_get_placeholder_text	24	static
../lvgl/src/widgets/textarea/lv_textarea.c:591:12:lv_textarea_get_label	24	static
../lvgl/src/widgets/textarea/lv_textarea.c:599:10:lv_textarea_get_cursor_pos	24	static
../lvgl/src/widgets/textarea/lv_textarea.c:607:6:lv_textarea_get_cursor_click_pos	24	static
../lvgl/src/widgets/textarea/lv_textarea.c:615:6:lv_textarea_get_password_mode	24	static
../lvgl/src/widgets/textarea/lv_textarea.c:623:14:lv_textarea_get_password_bullet	40	static
../lvgl/src/widgets/textarea/lv_textarea.c:640:6:lv_textarea_get_one_line	24	static
../lvgl/src/widgets/textarea/lv_textarea.c:648:14:lv_textarea_get_accepted_chars	24	static
../lvgl/src/widgets/textarea/lv_textarea.c:657:10:lv_textarea_get_max_length	24	static
../lvgl/src/widgets/textarea/lv_textarea.c:665:6:lv_textarea_text_is_selected	24	static
../lvgl/src/widgets/textarea/lv_textarea.c:685:6:lv_textarea_get_text_selection	24	static
../lvgl/src/widgets/textarea/lv_textarea.c:698:10:lv_textarea_get_password_show_time	24	static
../lvgl/src/widgets/textarea/lv_textarea.c:711:6:lv_textarea_clear_selection	24	static
../lvgl/src/widgets/textarea/lv_textarea.c:728:6:lv_textarea_cursor_right	24	static
../lvgl/src/widgets/textarea/lv_textarea.c:737:6:lv_textarea_cursor_left	24	static
../lvgl/src/widgets/textarea/lv_textarea.c:748:6:lv_textarea_cursor_down	56	static
../lvgl/src/widgets/textarea/lv_textarea.c:777:6:lv_textarea_cursor_up	56	static
../lvgl/src/widgets/textarea/lv_textarea.c:805:13:lv_textarea_constructor	32	static
../lvgl/src/widgets/textarea/lv_textarea.c:842:13:lv_textarea_destructor	24	static
../lvgl/src/widgets/textarea/lv_textarea.c:861:13:lv_textarea_event	32	static
../lvgl/src/widgets/textarea/lv_textarea.c:912:13:label_event_cb	32	static
../lvgl/src/widgets/textarea/lv_textarea.c:932:13:cursor_blink_anim_cb	32	static
../lvgl/src/widgets/textarea/lv_textarea.c:954:13:pwd_char_hider_anim	16	static
../lvgl/src/widgets/textarea/lv_textarea.c:964:13:pwd_char_hider_anim_ready	24	static
../lvgl/src/widgets/textarea/lv_textarea.c:974:13:pwd_char_hider	48	static
../lvgl/src/widgets/textarea/lv_textarea.c:1008:13:char_is_accepted	40	static
../lvgl/src/widgets/textarea/lv_textarea.c:1029:13:start_cursor_blink	96	static
../lvgl/src/widgets/textarea/lv_textarea.c:1051:13:refr_cursor_area	104	static
../lvgl/src/widgets/textarea/lv_textarea.c:1132:13:update_cursor_position_on_click	64	static
../lvgl/src/widgets/textarea/lv_textarea.c:1250:17:insert_handler	16	static
../lvgl/src/widgets/textarea/lv_textarea.c:1270:13:draw_placeholder	88	static
../lvgl/src/widgets/textarea/lv_textarea.c:1295:13:draw_cursor	168	static
../lvgl/src/widgets/textarea/lv_textarea.c:1341:13:auto_hide_characters	88	static
../lvgl/src/widgets/textarea/lv_textarea.c:1361:20:is_valid_but_non_printable_char	16	static
