../lvgl/src/draw/../misc/../font/../misc/lv_area.h:110:20:lv_area_copy	16	static
../lvgl/src/draw/../misc/../font/../misc/lv_area.h:123:26:lv_area_get_width	16	static
../lvgl/src/draw/../misc/../font/../misc/lv_area.h:133:26:lv_area_get_height	16	static
../lvgl/src/draw/../misc/lv_mem.h:82:20:lv_memzero	16	static
../lvgl/src/draw/lv_draw_mask.c:81:9:lv_draw_mask_add	32	static
../lvgl/src/draw/lv_draw_mask.c:111:42:lv_draw_mask_apply	56	static
../lvgl/src/draw/lv_draw_mask.c:145:42:lv_draw_mask_apply_ids	64	static
../lvgl/src/draw/lv_draw_mask.c:171:8:lv_draw_mask_remove_id	24	static
../lvgl/src/draw/lv_draw_mask.c:190:8:lv_draw_mask_remove_custom	24	static
../lvgl/src/draw/lv_draw_mask.c:210:6:lv_draw_mask_free_param	32	static
../lvgl/src/draw/lv_draw_mask.c:231:6:_lv_draw_mask_cleanup	16	static
../lvgl/src/draw/lv_draw_mask.c:246:31:lv_draw_mask_get_cnt	16	static
../lvgl/src/draw/lv_draw_mask.c:256:6:lv_draw_mask_is_any	32	static
../lvgl/src/draw/lv_draw_mask.c:293:6:lv_draw_mask_line_points_init	48	static
../lvgl/src/draw/lv_draw_mask.c:387:6:lv_draw_mask_line_angle_init	48	static
../lvgl/src/draw/lv_draw_mask.c:413:6:lv_draw_mask_angle_init	56	static
../lvgl/src/draw/lv_draw_mask.c:474:6:lv_draw_mask_radius_init	56	static
../lvgl/src/draw/lv_draw_mask.c:540:6:lv_draw_mask_fade_init	24	static
../lvgl/src/draw/lv_draw_mask.c:559:6:lv_draw_mask_map_init	24	static
../lvgl/src/draw/lv_draw_mask.c:567:6:lv_draw_mask_polygon_init	32	static
../lvgl/src/draw/lv_draw_mask.c:596:49:lv_draw_mask_line	48	static
../lvgl/src/draw/lv_draw_mask.c:656:49:line_mask_flat	64	static
../lvgl/src/draw/lv_draw_mask.c:772:49:line_mask_steep	80	static
../lvgl/src/draw/lv_draw_mask.c:914:49:lv_draw_mask_angle	104	static
../lvgl/src/draw/lv_draw_mask.c:1053:49:lv_draw_mask_radius	104	static
../lvgl/src/draw/lv_draw_mask.c:1170:49:lv_draw_mask_fade	56	static
../lvgl/src/draw/lv_draw_mask.c:1216:49:lv_draw_mask_map	48	static
../lvgl/src/draw/lv_draw_mask.c:1250:49:lv_draw_mask_polygon	144	static
../lvgl/src/draw/lv_draw_mask.c:1329:13:circ_init	24	static
../lvgl/src/draw/lv_draw_mask.c:1341:13:circ_cont	16	static
../lvgl/src/draw/lv_draw_mask.c:1351:13:circ_next	16	static
../lvgl/src/draw/lv_draw_mask.c:1364:13:circ_calc_aa4	112	static
../lvgl/src/draw/lv_draw_mask.c:1512:19:get_next_line	24	static
../lvgl/src/draw/lv_draw_mask.c:1521:46:mask_mix	16	static
