../lvgl/src/draw/../misc/lv_mem.h:82:20:lv_memzero	16	static
../lvgl/src/draw/../misc/lv_color.h:603:26:lv_color_make	16	static
../lvgl/src/draw/lv_img_decoder.c:56:6:_lv_img_decoder_init	32	static
../lvgl/src/draw/lv_img_decoder.c:83:10:lv_img_decoder_get_info	32	static
../lvgl/src/draw/lv_img_decoder.c:107:10:lv_img_decoder_open	64	static
../lvgl/src/draw/lv_img_decoder.c:176:10:lv_img_decoder_read_line	48	static
../lvgl/src/draw/lv_img_decoder.c:188:6:lv_img_decoder_close	16	static
../lvgl/src/draw/lv_img_decoder.c:204:20:lv_img_decoder_create	32	static
../lvgl/src/draw/lv_img_decoder.c:220:6:lv_img_decoder_delete	16	static
../lvgl/src/draw/lv_img_decoder.c:231:6:lv_img_decoder_set_info_cb	16	static
../lvgl/src/draw/lv_img_decoder.c:241:6:lv_img_decoder_set_open_cb	16	static
../lvgl/src/draw/lv_img_decoder.c:251:6:lv_img_decoder_set_read_line_cb	16	static
../lvgl/src/draw/lv_img_decoder.c:261:6:lv_img_decoder_set_close_cb	16	static
../lvgl/src/draw/lv_img_decoder.c:273:10:lv_img_decoder_built_in_info	56	static
../lvgl/src/draw/lv_img_decoder.c:326:10:lv_img_decoder_built_in_open	88	static
../lvgl/src/draw/lv_img_decoder.c:455:10:lv_img_decoder_built_in_read_line	40	static
../lvgl/src/draw/lv_img_decoder.c:491:6:lv_img_decoder_built_in_close	24	static
../lvgl/src/draw/lv_img_decoder.c:512:17:lv_img_decoder_built_in_line_true_color	56	static
../lvgl/src/draw/lv_img_decoder.c:537:17:lv_img_decoder_built_in_line_alpha	104	static
../lvgl/src/draw/lv_img_decoder.c:628:17:lv_img_decoder_built_in_line_indexed	64	static
