../lvgl/examples/widgets/canvas/../../../src/hal/../draw/../misc/lv_color.h:603:26:lv_color_make	16	static
../lvgl/examples/widgets/canvas/../../../src/hal/../draw/../misc/lv_color.h:699:26:lv_color_white	8	static
../lvgl/examples/widgets/canvas/../../../src/hal/../draw/sw/../../core/lv_obj_pos.h:199:20:lv_obj_center	16	static
../lvgl/examples/widgets/canvas/../../../src/core/lv_disp.h:184:26:lv_scr_act	8	static
../lvgl/examples/widgets/canvas/lv_example_canvas_1.c:8:6:lv_example_canvas_1	136	static
