../lvgl/src/core/../misc/lv_anim.h:126:20:lv_anim_set_var	16	static
../lvgl/src/core/../misc/lv_anim.h:138:20:lv_anim_set_exec_cb	16	static
../lvgl/src/core/../misc/lv_anim.h:148:20:lv_anim_set_time	16	static
../lvgl/src/core/../misc/lv_anim.h:158:20:lv_anim_set_delay	16	static
../lvgl/src/core/../misc/lv_anim.h:227:20:lv_anim_set_ready_cb	16	static
../lvgl/src/core/lv_obj_tree.c:45:6:lv_obj_del	32	static
../lvgl/src/core/lv_obj_tree.c:85:6:lv_obj_clean	24	static
../lvgl/src/core/lv_obj_tree.c:109:6:lv_obj_del_delayed	88	static
../lvgl/src/core/lv_obj_tree.c:121:6:lv_obj_del_anim_ready_cb	16	static
../lvgl/src/core/lv_obj_tree.c:126:6:lv_obj_del_async	16	static
../lvgl/src/core/lv_obj_tree.c:132:6:lv_obj_set_parent	32	static
../lvgl/src/core/lv_obj_tree.c:190:6:lv_obj_move_to_index	32	static
../lvgl/src/core/lv_obj_tree.c:225:6:lv_obj_swap	32	static
../lvgl/src/core/lv_obj_tree.c:255:12:lv_obj_get_screen	24	static
../lvgl/src/core/lv_obj_tree.c:270:13:lv_obj_get_disp	32	static
../lvgl/src/core/lv_obj_tree.c:291:12:lv_obj_get_parent	16	static
../lvgl/src/core/lv_obj_tree.c:299:12:lv_obj_get_child	24	static
../lvgl/src/core/lv_obj_tree.c:319:10:lv_obj_get_child_cnt	16	static
../lvgl/src/core/lv_obj_tree.c:326:10:lv_obj_get_index	24	static
../lvgl/src/core/lv_obj_tree.c:341:6:lv_obj_tree_walk	24	static
../lvgl/src/core/lv_obj_tree.c:350:13:lv_obj_del_async_cb	16	static
../lvgl/src/core/lv_obj_tree.c:357:13:obj_del_core	64	static
../lvgl/src/core/lv_obj_tree.c:424:31:walk_core	40	static
