../lvgl/src/widgets/label/../../core/../misc/../font/../misc/lv_area.h:123:26:lv_area_get_width	16	static
../lvgl/src/widgets/label/../../core/../misc/../font/../misc/lv_area.h:133:26:lv_area_get_height	16	static
../lvgl/src/widgets/label/../../core/../misc/../font/lv_font.h:124:26:lv_font_get_line_height	16	static
../lvgl/src/widgets/label/../../core/../misc/lv_anim.h:127:20:lv_anim_set_var	16	static
../lvgl/src/widgets/label/../../core/../misc/lv_anim.h:139:20:lv_anim_set_exec_cb	16	static
../lvgl/src/widgets/label/../../core/../misc/lv_anim.h:149:20:lv_anim_set_time	16	static
../lvgl/src/widgets/label/../../core/../misc/lv_anim.h:170:20:lv_anim_set_values	24	static
../lvgl/src/widgets/label/../../core/../misc/lv_anim.h:248:20:lv_anim_set_playback_time	16	static
../lvgl/src/widgets/label/../../core/../misc/lv_anim.h:258:20:lv_anim_set_playback_delay	16	static
../lvgl/src/widgets/label/../../core/../misc/lv_anim.h:268:20:lv_anim_set_repeat_count	16	static
../lvgl/src/widgets/label/../../core/../misc/lv_anim.h:278:20:lv_anim_set_repeat_delay	16	static
../lvgl/src/widgets/label/../../core/../misc/lv_bidi.h:129:20:lv_bidi_calculate_align	24	static
../lvgl/src/widgets/label/../../core/lv_obj_style_gen.h:1:26:lv_obj_get_style_width	24	static
../lvgl/src/widgets/label/../../core/lv_obj_style_gen.h:103:26:lv_obj_get_style_pad_top	24	static
../lvgl/src/widgets/label/../../core/lv_obj_style_gen.h:115:26:lv_obj_get_style_pad_left	24	static
../lvgl/src/widgets/label/../../core/lv_obj_style_gen.h:139:26:lv_obj_get_style_bg_color	24	static
../lvgl/src/widgets/label/../../core/lv_obj_style_gen.h:451:26:lv_obj_get_style_text_color_filtered	24	static
../lvgl/src/widgets/label/../../core/lv_obj_style_gen.h:463:33:lv_obj_get_style_text_font	24	static
../lvgl/src/widgets/label/../../core/lv_obj_style_gen.h:469:26:lv_obj_get_style_text_letter_space	24	static
../lvgl/src/widgets/label/../../core/lv_obj_style_gen.h:475:26:lv_obj_get_style_text_line_space	24	static
../lvgl/src/widgets/label/../../core/lv_obj_style_gen.h:523:33:lv_obj_get_style_anim	24	static
../lvgl/src/widgets/label/../../core/lv_obj_style_gen.h:535:24:lv_obj_get_style_anim_speed	24	static
../lvgl/src/widgets/label/lv_label.c:79:12:lv_label_create	32	static
../lvgl/src/widgets/label/lv_label.c:91:6:lv_label_set_text	40	static
../lvgl/src/widgets/label/lv_label.c:134:6:lv_label_set_text_fmt	44	static
../lvgl/src/widgets/label/lv_label.c:162:6:lv_label_set_text_static	24	static
../lvgl/src/widgets/label/lv_label.c:180:6:lv_label_set_long_mode	24	static
../lvgl/src/widgets/label/lv_label.c:206:6:lv_label_set_recolor	24	static
../lvgl/src/widgets/label/lv_label.c:219:6:lv_label_set_text_selection_start	24	static
../lvgl/src/widgets/label/lv_label.c:233:6:lv_label_set_text_selection_end	24	static
../lvgl/src/widgets/label/lv_label.c:251:8:lv_label_get_text	24	static
../lvgl/src/widgets/label/lv_label.c:258:22:lv_label_get_long_mode	24	static
../lvgl/src/widgets/label/lv_label.c:265:6:lv_label_get_recolor	24	static
../lvgl/src/widgets/label/lv_label.c:273:6:lv_label_get_letter_pos	104	static
../lvgl/src/widgets/label/lv_label.c:377:10:lv_label_get_letter_on	136	static
../lvgl/src/widgets/label/lv_label.c:491:6:lv_label_is_char_under_pos	112	static
../lvgl/src/widgets/label/lv_label.c:570:10:lv_label_get_text_selection_start	24	static
../lvgl/src/widgets/label/lv_label.c:583:10:lv_label_get_text_selection_end	24	static
../lvgl/src/widgets/label/lv_label.c:600:6:lv_label_ins_text	56	static
../lvgl/src/widgets/label/lv_label.c:628:6:lv_label_cut_text	32	static
../lvgl/src/widgets/label/lv_label.c:650:13:lv_label_constructor	24	static
../lvgl/src/widgets/label/lv_label.c:686:13:lv_label_destructor	24	static
../lvgl/src/widgets/label/lv_label.c:696:13:lv_label_event	72	static
../lvgl/src/widgets/label/lv_label.c:749:13:draw_main	128	static
../lvgl/src/widgets/label/lv_label.c:849:13:overwrite_anim_property	24	static
../lvgl/src/widgets/label/lv_label.c:878:13:lv_label_refr_text	256	static
../lvgl/src/widgets/label/lv_label.c:1164:13:lv_label_revert_dots	40	static
../lvgl/src/widgets/label/lv_label.c:1195:13:lv_label_set_dot_tmp	40	static
../lvgl/src/widgets/label/lv_label.c:1225:15:lv_label_get_dot_tmp	24	static
../lvgl/src/widgets/label/lv_label.c:1241:13:lv_label_dot_tmp_free	24	static
../lvgl/src/widgets/label/lv_label.c:1252:13:set_ofs_x_anim	24	static
../lvgl/src/widgets/label/lv_label.c:1259:13:set_ofs_y_anim	24	static
../lvgl/src/widgets/label/lv_label.c:1266:15:get_text_length	24	static
../lvgl/src/widgets/label/lv_label.c:1278:13:copy_text_to_label	16	static
../lvgl/src/widgets/label/lv_label.c:1287:23:get_label_flags	24	static
../lvgl/src/widgets/label/lv_label.c:1298:13:calculate_x_coordinate	40	static
