../lvgl/src/widgets/span/../../../src/misc/lv_mem.h:82:20:lv_memzero	16	static
../lvgl/src/widgets/span/../../../src/hal/../draw/../misc/../font/../misc/lv_area.h:123:26:lv_area_get_width	16	static
../lvgl/src/widgets/span/../../../src/hal/../draw/../misc/../font/lv_font.h:124:26:lv_font_get_line_height	16	static
../lvgl/src/widgets/span/../../../src/hal/../draw/../misc/lv_txt.h:165:20:_lv_txt_is_break_char	24	static
../lvgl/src/widgets/span/../../../src/core/lv_obj_style_gen.h:1:26:lv_obj_get_style_width	24	static
../lvgl/src/widgets/span/../../../src/core/lv_obj_style_gen.h:19:26:lv_obj_get_style_height	24	static
../lvgl/src/widgets/span/../../../src/core/lv_obj_style_gen.h:445:26:lv_obj_get_style_text_color	24	static
../lvgl/src/widgets/span/../../../src/core/lv_obj_style_gen.h:457:24:lv_obj_get_style_text_opa	24	static
../lvgl/src/widgets/span/../../../src/core/lv_obj_style_gen.h:463:33:lv_obj_get_style_text_font	24	static
../lvgl/src/widgets/span/../../../src/core/lv_obj_style_gen.h:469:26:lv_obj_get_style_text_letter_space	24	static
../lvgl/src/widgets/span/../../../src/core/lv_obj_style_gen.h:475:26:lv_obj_get_style_text_line_space	24	static
../lvgl/src/widgets/span/../../../src/core/lv_obj_style_gen.h:481:31:lv_obj_get_style_text_decor	24	static
../lvgl/src/widgets/span/../../../src/core/lv_obj_style_gen.h:487:31:lv_obj_get_style_text_align	24	static
../lvgl/src/widgets/span/../../../src/core/lv_obj_style_gen.h:505:24:lv_obj_get_style_opa	24	static
../lvgl/src/widgets/span/../../../src/core/lv_obj_style_gen.h:547:31:lv_obj_get_style_blend_mode	24	static
../lvgl/src/widgets/span/lv_span.c:89:12:lv_spangroup_create	24	static
../lvgl/src/widgets/span/lv_span.c:96:13:lv_spangroup_new_span	40	static
../lvgl/src/widgets/span/lv_span.c:117:6:lv_spangroup_del_span	24	static
../lvgl/src/widgets/span/lv_span.c:145:6:lv_span_set_text	24	static
../lvgl/src/widgets/span/lv_span.c:163:6:lv_span_set_text_static	16	static
../lvgl/src/widgets/span/lv_span.c:178:6:lv_spangroup_set_align	16	static
../lvgl/src/widgets/span/lv_span.c:183:6:lv_spangroup_set_overflow	24	static
../lvgl/src/widgets/span/lv_span.c:193:6:lv_spangroup_set_indent	24	static
../lvgl/src/widgets/span/lv_span.c:204:6:lv_spangroup_set_mode	24	static
../lvgl/src/widgets/span/lv_span.c:212:6:lv_spangroup_set_lines	24	static
../lvgl/src/widgets/span/lv_span.c:224:13:lv_spangroup_get_child	40	static
../lvgl/src/widgets/span/lv_span.c:261:10:lv_spangroup_get_child_cnt	24	static
../lvgl/src/widgets/span/lv_span.c:274:17:lv_spangroup_get_align	16	static
../lvgl/src/widgets/span/lv_span.c:279:20:lv_spangroup_get_overflow	24	static
../lvgl/src/widgets/span/lv_span.c:286:12:lv_spangroup_get_indent	24	static
../lvgl/src/widgets/span/lv_span.c:293:16:lv_spangroup_get_mode	24	static
../lvgl/src/widgets/span/lv_span.c:300:9:lv_spangroup_get_lines	24	static
../lvgl/src/widgets/span/lv_span.c:307:6:lv_spangroup_refr_mode	32	static
../lvgl/src/widgets/span/lv_span.c:341:12:lv_spangroup_get_max_line_h	40	static
../lvgl/src/widgets/span/lv_span.c:359:10:lv_spangroup_get_expand_width	56	static
../lvgl/src/widgets/span/lv_span.c:391:12:lv_spangroup_get_expand_height	128	static
../lvgl/src/widgets/span/lv_span.c:501:13:lv_spangroup_constructor	24	static
../lvgl/src/widgets/span/lv_span.c:515:13:lv_spangroup_destructor	24	static
../lvgl/src/widgets/span/lv_span.c:531:13:lv_spangroup_event	40	static
../lvgl/src/widgets/span/lv_span.c:588:13:draw_main	24	static
../lvgl/src/widgets/span/lv_span.c:599:13:lv_txt_get_snippet	40	static
../lvgl/src/widgets/span/lv_span.c:627:13:lv_snippet_push	24	static
../lvgl/src/widgets/span/lv_span.c:638:17:lv_get_snippet_cnt	4	static
../lvgl/src/widgets/span/lv_span.c:643:23:lv_get_snippet	16	static
../lvgl/src/widgets/span/lv_span.c:648:13:lv_snippet_clear	4	static
../lvgl/src/widgets/span/lv_span.c:653:26:lv_span_get_style_text_font	32	static
../lvgl/src/widgets/span/lv_span.c:667:19:lv_span_get_style_text_letter_space	24	static
../lvgl/src/widgets/span/lv_span.c:681:19:lv_span_get_style_text_color	24	static
../lvgl/src/widgets/span/lv_span.c:691:17:lv_span_get_style_text_opa	24	static
../lvgl/src/widgets/span/lv_span.c:705:24:lv_span_get_style_text_blend_mode	24	static
../lvgl/src/widgets/span/lv_span.c:719:16:lv_span_get_style_text_decor	32	static
../lvgl/src/widgets/span/lv_span.c:733:20:span_text_check	24	static
../lvgl/src/widgets/span/lv_span.c:741:19:convert_indent_pct	24	static
../lvgl/src/widgets/span/lv_span.c:764:13:lv_draw_span	288	static
../lvgl/src/widgets/span/lv_span.c:1040:13:refresh_self_size	24	static
