../lvgl/src/widgets/img/../../core/../misc/../font/../misc/lv_area.h:110:20:lv_area_copy	16	static
../lvgl/src/widgets/img/../../core/../misc/../font/../misc/lv_area.h:123:26:lv_area_get_width	16	static
../lvgl/src/widgets/img/../../core/../misc/../font/../misc/lv_area.h:133:26:lv_area_get_height	16	static
../lvgl/src/widgets/img/../../core/lv_obj_style_gen.h:103:26:lv_obj_get_style_pad_top	24	static
../lvgl/src/widgets/img/../../core/lv_obj_style_gen.h:109:26:lv_obj_get_style_pad_bottom	24	static
../lvgl/src/widgets/img/../../core/lv_obj_style_gen.h:115:26:lv_obj_get_style_pad_left	24	static
../lvgl/src/widgets/img/../../core/lv_obj_style_gen.h:121:26:lv_obj_get_style_pad_right	24	static
../lvgl/src/widgets/img/../../core/lv_obj_style_gen.h:253:26:lv_obj_get_style_border_width	24	static
../lvgl/src/widgets/img/../../core/lv_obj_style_gen.h:343:24:lv_obj_get_style_img_opa	24	static
../lvgl/src/widgets/img/../../core/lv_obj_style_gen.h:463:33:lv_obj_get_style_text_font	24	static
../lvgl/src/widgets/img/../../core/lv_obj_style_gen.h:469:26:lv_obj_get_style_text_letter_space	24	static
../lvgl/src/widgets/img/../../core/lv_obj_style_gen.h:475:26:lv_obj_get_style_text_line_space	24	static
../lvgl/src/widgets/img/lv_img.c:58:12:lv_img_create	32	static
../lvgl/src/widgets/img/lv_img.c:70:6:lv_img_set_src	64	static
../lvgl/src/widgets/img/lv_img.c:163:6:lv_img_set_offset_x	24	static
../lvgl/src/widgets/img/lv_img.c:175:6:lv_img_set_offset_y	24	static
../lvgl/src/widgets/img/lv_img.c:187:6:lv_img_set_angle	56	static
../lvgl/src/widgets/img/lv_img.c:222:6:lv_img_set_pivot	56	static
../lvgl/src/widgets/img/lv_img.c:256:6:lv_img_set_zoom	56	static
../lvgl/src/widgets/img/lv_img.c:291:6:lv_img_set_antialias	24	static
../lvgl/src/widgets/img/lv_img.c:300:6:lv_img_set_size_mode	24	static
../lvgl/src/widgets/img/lv_img.c:314:14:lv_img_get_src	24	static
../lvgl/src/widgets/img/lv_img.c:323:12:lv_img_get_offset_x	24	static
../lvgl/src/widgets/img/lv_img.c:332:12:lv_img_get_offset_y	24	static
../lvgl/src/widgets/img/lv_img.c:341:10:lv_img_get_angle	24	static
../lvgl/src/widgets/img/lv_img.c:350:6:lv_img_get_pivot	24	static
../lvgl/src/widgets/img/lv_img.c:359:10:lv_img_get_zoom	24	static
../lvgl/src/widgets/img/lv_img.c:368:6:lv_img_get_antialias	24	static
../lvgl/src/widgets/img/lv_img.c:377:20:lv_img_get_size_mode	24	static
../lvgl/src/widgets/img/lv_img.c:388:13:lv_img_constructor	24	static
../lvgl/src/widgets/img/lv_img.c:415:13:lv_img_destructor	24	static
../lvgl/src/widgets/img/lv_img.c:426:19:lv_img_get_transformed_size	56	static
../lvgl/src/widgets/img/lv_img.c:440:13:lv_img_event	88	static
../lvgl/src/widgets/img/lv_img.c:522:13:draw_img	192	static
