../lvgl/src/widgets/switch/../../core/../misc/../font/../misc/lv_area.h:110:20:lv_area_copy	16	static
../lvgl/src/widgets/switch/../../core/../misc/../font/../misc/lv_area.h:123:26:lv_area_get_width	16	static
../lvgl/src/widgets/switch/../../core/../misc/lv_anim.h:127:20:lv_anim_set_var	16	static
../lvgl/src/widgets/switch/../../core/../misc/lv_anim.h:139:20:lv_anim_set_exec_cb	16	static
../lvgl/src/widgets/switch/../../core/../misc/lv_anim.h:149:20:lv_anim_set_time	16	static
../lvgl/src/widgets/switch/../../core/../misc/lv_anim.h:170:20:lv_anim_set_values	24	static
../lvgl/src/widgets/switch/../../core/../misc/lv_anim.h:228:20:lv_anim_set_ready_cb	16	static
../lvgl/src/widgets/switch/../../core/lv_obj_style_gen.h:103:26:lv_obj_get_style_pad_top	24	static
../lvgl/src/widgets/switch/../../core/lv_obj_style_gen.h:109:26:lv_obj_get_style_pad_bottom	24	static
../lvgl/src/widgets/switch/../../core/lv_obj_style_gen.h:115:26:lv_obj_get_style_pad_left	24	static
../lvgl/src/widgets/switch/../../core/lv_obj_style_gen.h:121:26:lv_obj_get_style_pad_right	24	static
../lvgl/src/widgets/switch/../../core/lv_obj_style_gen.h:529:24:lv_obj_get_style_anim_time	24	static
../lvgl/src/widgets/switch/../../core/lv_obj_style_gen.h:559:29:lv_obj_get_style_base_dir	24	static
../lvgl/src/widgets/switch/lv_switch.c:73:12:lv_switch_create	32	static
../lvgl/src/widgets/switch/lv_switch.c:85:13:lv_switch_constructor	24	static
../lvgl/src/widgets/switch/lv_switch.c:101:13:lv_switch_destructor	24	static
../lvgl/src/widgets/switch/lv_switch.c:109:13:lv_switch_event	48	static
../lvgl/src/widgets/switch/lv_switch.c:146:13:draw_main	184	static
../lvgl/src/widgets/switch/lv_switch.c:217:13:lv_switch_anim_exec_cb	24	static
../lvgl/src/widgets/switch/lv_switch.c:227:13:lv_switch_anim_ready	24	static
../lvgl/src/widgets/switch/lv_switch.c:238:13:lv_switch_trigger_anim	120	static
